REAPED_ORPHANS=0 
What if: Import the GPO backup named "{043ea4bf-4dc1-5374-8557-b85e805b5ce0}" at "C:\gpo-studio\runs\20261008074534-2037187\out\wp2-native-import-20261008074557-7463\input" to the GPO named "WP2-NativeImport-20261008-074557-8430" in the AD.LABDOMAIN.DEV domain. (Import-GPO)
LOCAL_RUN_DIR=/tmp/opencode/wp2-oracle-run-20261008074534-2037187
CANDIDATE_DIR=/tmp/opencode/wp2-candidate-20261008074534-2037187
{
  "artifacts": {
    "candidate.zip": "9af16e44aab4babbcf253419febf51756eeca9d2d9b5b5b11829916f4ef581ea",
    "commands/backup-gpo.stdout.txt": "4d2be50788636fe56fe7828684e5b375eaf0b18726a5caf3448ebf4dab8c1f2e",
    "commands/get-gpo.stdout.txt": "676f85919fc73a03a6a47e8101135b54dda3540fa8c296b8d4309d8ae6970291",
    "commands/import-actual.stderr.txt": "e3b0c44298fc1c149afbf4c8996fb92427ae41e4649b934ca495991b7852b855",
    "commands/import-actual.stdout.txt": "e225dfb642b863587dc87e4059cac74d5328bbfe5d6babd7c595d4a32a6e37cd",
    "commands/import-whatif.stderr.txt": "e3b0c44298fc1c149afbf4c8996fb92427ae41e4649b934ca495991b7852b855",
    "commands/import-whatif.stdout.txt": "e3b0c44298fc1c149afbf4c8996fb92427ae41e4649b934ca495991b7852b855",
    "deployed/run-wp2-import.ps1": "aa200b2386de9c9b99a53565f0e076d0fc3c8d520403564721345cd14ffcefce",
    "expected.json": "1fa355796f76ed31b8179d90fb6ac983f442b1ab666fb01b3e7b4447602448af",
    "gpreport-after-import.xml": "423298a1d4dc1e8e7e2d91c05bc3729d5aff5d6cba937b4299118298d5b6bb22",
    "input/manifest.xml": "cacb5ac8fb3fe6f69880b0f21aa97cd5757c0ef7ef6a8f051ea4af4abfbd1b13",
    "input/{043EA4BF-4DC1-5374-8557-B85E805B5CE0}/Backup.xml": "5f05ac0cc371c09dd4f5be94f1214395f2b83aaa83d76bb0bd7361b4e9b53dce",
    "input/{043EA4BF-4DC1-5374-8557-B85E805B5CE0}/DomainSysvol/GPO/Machine/registry.pol": "f8dea3be075fc11c60877dd29c1a8ddd58506829aa8baa6c8f4de16a7950ce37",
    "input/{043EA4BF-4DC1-5374-8557-B85E805B5CE0}/DomainSysvol/GPO/User/registry.pol": "6ab052452b6453f4b2153cc7486d2cd025c8ef802e311a5f4fdccf4644bed23e",
    "input/{043EA4BF-4DC1-5374-8557-B85E805B5CE0}/bkupInfo.xml": "8a7ba5bba3e5dd92b54a824f62fc44c4133db5644d95372ecc10db0f6694eec1",
    "rebackup/manifest.xml": "e075906512e6e9b7a7baa8fd7f47edc9d44a3bcf9c888a42f111071c4ba87f91",
    "rebackup/{94000862-19A8-431C-9A26-5DF9904FB40E}/Backup.xml": "5a64a6db9737601fb36022299539ba18cf32639d48f34f20dc85aee5340557b5",
    "rebackup/{94000862-19A8-431C-9A26-5DF9904FB40E}/DomainSysvol/GPO/Machine/registry.pol": "f8dea3be075fc11c60877dd29c1a8ddd58506829aa8baa6c8f4de16a7950ce37",
    "rebackup/{94000862-19A8-431C-9A26-5DF9904FB40E}/DomainSysvol/GPO/User/registry.pol": "6ab052452b6453f4b2153cc7486d2cd025c8ef802e311a5f4fdccf4644bed23e",
    "rebackup/{94000862-19A8-431C-9A26-5DF9904FB40E}/bkupInfo.xml": "92f8f6b5d272736a1271ed95c32487c029e9299fea424c87cd5157049db63159",
    "rebackup/{94000862-19A8-431C-9A26-5DF9904FB40E}/gpreport.xml": "5b4d4285ad0d35ff3f48cd22fa5016c6deaa657a67c376a4a9c70eb40520bdd6",
    "result.json": "8bf0d69ea44d53583d42700757834c1f0e58680e53c7f83e9b573a5f460a2120"
  },
  "candidate_delivery": {
    "candidate.zip": {
      "controller_sha256": "9af16e44aab4babbcf253419febf51756eeca9d2d9b5b5b11829916f4ef581ea",
      "guest_copy_matches": true
    },
    "expected.json": {
      "controller_sha256": "1fa355796f76ed31b8179d90fb6ac983f442b1ab666fb01b3e7b4447602448af",
      "guest_copy_matches": true
    }
  },
  "checks": {
    "actual_import_succeeded": true,
    "backup_id_distinct": true,
    "backup_id_matches": true,
    "candidate_delivered_intact": true,
    "cleanup_state_restored": true,
    "cleanup_succeeded": true,
    "computer_versions_synchronized": true,
    "environment_matches_frozen_spec": true,
    "group_policy_readback_matches": true,
    "harness_matches_source": true,
    "rebackup_has_one_gpo": true,
    "rebackup_machine_version_matches": true,
    "rebackup_user_version_matches": true,
    "source_tree_clean": true,
    "user_versions_synchronized": true,
    "whatif_succeeded": true,
    "whatif_target_absent": true,
    "windows_rebackup_matches": true
  },
  "environment": {
    "gpmc_version": "built-in",
    "group_policy_module_version": "1.0.0.0",
    "locale": "en-US",
    "powershell_edition": "Desktop",
    "powershell_version": "5.1.26100.33438",
    "server_build": "26100",
    "server_caption": "Microsoft Windows Server 2025 Standard"
  },
  "environment_violations": [],
  "passed": true,
  "rebackup_error": null,
  "run_id": "wp2-native-import-20261008074557-7463",
  "schema_version": 2,
  "source": {
    "banked_copies": [
      "run-wp2-import.ps1"
    ],
    "commit": "263f19640529d469c2a54c18b43d228db5378279",
    "dirty": false,
    "files": {
      "build-wp2-candidate.py": "e07136eac9a60b011c6f13d571c2967d938d81dccef74e3ea1ebac7018619db1",
      "finalize_wp2_import_run.py": "a5aa1f53300ab533949c751c375bda33a42a085725ecff50ba51c3e292fa0cfc",
      "oracle_evidence.py": "87d413de0d4017b230eea2767f9d62fe7ffb26fca155d90a00d38b5697bad40c",
      "psdirect.ps1": "fdb7138603d5077ade6b14b9ede3c8e21f83b0657f8ddd59339d98fbf2d296f6",
      "run-wp2-import.ps1": "aa200b2386de9c9b99a53565f0e076d0fc3c8d520403564721345cd14ffcefce",
      "run-wp2-oracle.sh": "f4391890e43c27d3633727fd76f89f470689a5a816ea059960a9be169ab15359"
    },
    "paths": {
      "build-wp2-candidate.py": "scripts/plan-033/build-wp2-candidate.py",
      "finalize_wp2_import_run.py": "scripts/windows-oracle/finalize_wp2_import_run.py",
      "oracle_evidence.py": "src/gpo_studio/oracle_evidence.py",
      "psdirect.ps1": "scripts/windows-oracle/psdirect.ps1",
      "run-wp2-import.ps1": "scripts/windows-oracle/run-wp2-import.ps1",
      "run-wp2-oracle.sh": "scripts/windows-oracle/run-wp2-oracle.sh"
    }
  },
  "transport": "psdirect"
}
EVIDENCE_TAG=created evidence/wp2-native-import-20261008074557-7463 at 263f19640529 — push it: git push origin evidence/wp2-native-import-20261008074557-7463
