studio-firewall-backup.zip sha256=3f146885bb8e362e4d178582cc5710cd8067980cb9413a5411c75e2edf651e0f
authoring.json sha256=065e1df73cc8e4268b1d874df4b32a1033c572e5a9d7a33348b5bf00b9337a9f
expected.json sha256=dac5b1b33a0167b00f9724cf4b9398fbb485604cf790c92ac6333fd6263f02ea
C:\gpo-studio\runs\firewall-20261009080610-2829523\out\firewall-20261009080610-2829523
LOCAL_RUN_DIR=/home/itadmin/gpo-batch-110c/tmp/gpo-studio/firewall-run-20261009080610-2829523
CANDIDATE_DIR=/home/itadmin/gpo-batch-110c/tmp/gpo-studio/firewall-candidate-20261009080610-2829523
{
  "artifacts": {
    "authoring.json": "065e1df73cc8e4268b1d874df4b32a1033c572e5a9d7a33348b5bf00b9337a9f",
    "builder.stdout.txt": "9a0e91aa9e14b62f26a9a3078a37a46510918997346f68a3f9246de39bc78f3d",
    "candidate.zip": "3f146885bb8e362e4d178582cc5710cd8067980cb9413a5411c75e2edf651e0f",
    "commands/0000-Get-NetFirewallRule.stderr.txt": "e3b0c44298fc1c149afbf4c8996fb92427ae41e4649b934ca495991b7852b855",
    "commands/0000-Get-NetFirewallRule.stdout.txt": "f01a374e9c81e3db89b3a42940c4d6a5447684986a1296e42bf13f196eed6295",
    "commands/0001-Get-GPO.stderr.txt": "e3b0c44298fc1c149afbf4c8996fb92427ae41e4649b934ca495991b7852b855",
    "commands/0001-Get-GPO.stdout.txt": "f01a374e9c81e3db89b3a42940c4d6a5447684986a1296e42bf13f196eed6295",
    "commands/0002-New-GPO.stderr.txt": "e3b0c44298fc1c149afbf4c8996fb92427ae41e4649b934ca495991b7852b855",
    "commands/0002-New-GPO.stdout.txt": "760373ccf4e88b1db7f3339aa79b1749466ea0ec2fe1531e6a48aabec3817973",
    "commands/0003-New-NetFirewallRule.stderr.txt": "e3b0c44298fc1c149afbf4c8996fb92427ae41e4649b934ca495991b7852b855",
    "commands/0003-New-NetFirewallRule.stdout.txt": "37e2c90c6bb687e0b2d23a0ea8809921fc420f66899ac82f2f4ed449ccf3e527",
    "commands/0004-New-NetFirewallRule.stderr.txt": "e3b0c44298fc1c149afbf4c8996fb92427ae41e4649b934ca495991b7852b855",
    "commands/0004-New-NetFirewallRule.stdout.txt": "e2948bc53c5b62d5d32b3dec6336444c672a91ed1e7bf2451241a24ef0e55acf",
    "commands/0005-New-NetFirewallRule.stderr.txt": "e3b0c44298fc1c149afbf4c8996fb92427ae41e4649b934ca495991b7852b855",
    "commands/0005-New-NetFirewallRule.stdout.txt": "10546cf31ea4f423feec85c33f26993a75e5008d7d05f65efca1c8421d255ee5",
    "commands/0006-New-NetFirewallRule.stderr.txt": "e3b0c44298fc1c149afbf4c8996fb92427ae41e4649b934ca495991b7852b855",
    "commands/0006-New-NetFirewallRule.stdout.txt": "5c0902897714d6dd3e4cdd2e61141eb620d6fc788f79f5fcf1a6dbfd9d314d10",
    "commands/0007-New-NetFirewallRule.stderr.txt": "e3b0c44298fc1c149afbf4c8996fb92427ae41e4649b934ca495991b7852b855",
    "commands/0007-New-NetFirewallRule.stdout.txt": "d9440504722794b493455e09185ec9655910c835331cf73ed7244ec0df21ecb2",
    "commands/0008-New-NetFirewallRule.stderr.txt": "e3b0c44298fc1c149afbf4c8996fb92427ae41e4649b934ca495991b7852b855",
    "commands/0008-New-NetFirewallRule.stdout.txt": "919902daa47386ecca6d1c1186111575ef06da0b4b128df1104bd1cdaee87b78",
    "commands/0009-New-NetFirewallRule.stderr.txt": "e3b0c44298fc1c149afbf4c8996fb92427ae41e4649b934ca495991b7852b855",
    "commands/0009-New-NetFirewallRule.stdout.txt": "49bdf9a3d105a73bbc424d0c2310c31280188bc4f8c444e3e866478059c01cb9",
    "commands/0010-New-NetFirewallRule.stderr.txt": "e3b0c44298fc1c149afbf4c8996fb92427ae41e4649b934ca495991b7852b855",
    "commands/0010-New-NetFirewallRule.stdout.txt": "695e58b201b3c83a9c89faed1930f13ca50d687496dfa7cb53c3a72886928255",
    "commands/0011-New-NetFirewallRule.stderr.txt": "e3b0c44298fc1c149afbf4c8996fb92427ae41e4649b934ca495991b7852b855",
    "commands/0011-New-NetFirewallRule.stdout.txt": "5bf037d3ed020bfc5ade171692c2bc7bf1659dec2a7b59b4a3bdb195ad880245",
    "commands/0012-New-NetFirewallRule.stderr.txt": "e3b0c44298fc1c149afbf4c8996fb92427ae41e4649b934ca495991b7852b855",
    "commands/0012-New-NetFirewallRule.stdout.txt": "efd94760fbc66dd92be848eca507ff8291479409b2e79b5722f00c5b949eb863",
    "commands/0013-New-NetFirewallRule.stderr.txt": "e3b0c44298fc1c149afbf4c8996fb92427ae41e4649b934ca495991b7852b855",
    "commands/0013-New-NetFirewallRule.stdout.txt": "4d4f63c78e1d4f2d2b7bb82392cadcf7d5ca4cd44b266550fb2f7ac413c058f1",
    "commands/0014-New-NetFirewallRule.stderr.txt": "e3b0c44298fc1c149afbf4c8996fb92427ae41e4649b934ca495991b7852b855",
    "commands/0014-New-NetFirewallRule.stdout.txt": "f63a1ae4a4251b267e4b7bf4518536373e6c2ac7c3b12cfdc1bec0da11d24e79",
    "commands/0015-New-NetFirewallRule.stderr.txt": "e3b0c44298fc1c149afbf4c8996fb92427ae41e4649b934ca495991b7852b855",
    "commands/0015-New-NetFirewallRule.stdout.txt": "900c0d1b2944d2260a18a64cd133038dc0b8acbbda3985f0b28b6e8d20e909ec",
    "commands/0016-Set-NetFirewallProfile.stderr.txt": "e3b0c44298fc1c149afbf4c8996fb92427ae41e4649b934ca495991b7852b855",
    "commands/0016-Set-NetFirewallProfile.stdout.txt": "f01a374e9c81e3db89b3a42940c4d6a5447684986a1296e42bf13f196eed6295",
    "commands/0017-Set-NetFirewallProfile.stderr.txt": "e3b0c44298fc1c149afbf4c8996fb92427ae41e4649b934ca495991b7852b855",
    "commands/0017-Set-NetFirewallProfile.stdout.txt": "f01a374e9c81e3db89b3a42940c4d6a5447684986a1296e42bf13f196eed6295",
    "commands/0018-Get-NetFirewallRule.stderr.txt": "e3b0c44298fc1c149afbf4c8996fb92427ae41e4649b934ca495991b7852b855",
    "commands/0018-Get-NetFirewallRule.stdout.txt": "d5527b775ed59c3907e130ddb8f629503d4c96b29fb2274cc94a0376dfe30570",
    "commands/0019-Get-NetFirewallPortFilter.stderr.txt": "e3b0c44298fc1c149afbf4c8996fb92427ae41e4649b934ca495991b7852b855",
    "commands/0019-Get-NetFirewallPortFilter.stdout.txt": "0164c50eaa1e74fb19df9fe3a155ee4971319a56eb6482210d3dae7ec278553d",
    "commands/0020-Get-NetFirewallAddressFilter.stderr.txt": "e3b0c44298fc1c149afbf4c8996fb92427ae41e4649b934ca495991b7852b855",
    "commands/0020-Get-NetFirewallAddressFilter.stdout.txt": "9e92653f155c7a1aba0d1e027e36507050ea5f444f5b9c2eaab5ff00cbd2b627",
    "commands/0021-Get-NetFirewallApplicationFilter.stderr.txt": "e3b0c44298fc1c149afbf4c8996fb92427ae41e4649b934ca495991b7852b855",
    "commands/0021-Get-NetFirewallApplicationFilter.stdout.txt": "2668fe628558ca0fecfcbe3f6af43ea8868f1889a2c75838700ab8a018c2ea64",
    "commands/0022-Get-NetFirewallServiceFilter.stderr.txt": "e3b0c44298fc1c149afbf4c8996fb92427ae41e4649b934ca495991b7852b855",
    "commands/0022-Get-NetFirewallServiceFilter.stdout.txt": "441f2ba92ad314d666e347f58a9ecefbd5dbae553e68ee965cc94ab51733b0a6",
    "commands/0023-Get-NetFirewallInterfaceTypeFilter.stderr.txt": "e3b0c44298fc1c149afbf4c8996fb92427ae41e4649b934ca495991b7852b855",
    "commands/0023-Get-NetFirewallInterfaceTypeFilter.stdout.txt": "4fae967a944574a81c6008cac048671c555585e1667f98eba32f30afa76d02a1",
    "commands/0024-Get-NetFirewallInterfaceFilter.stderr.txt": "e3b0c44298fc1c149afbf4c8996fb92427ae41e4649b934ca495991b7852b855",
    "commands/0024-Get-NetFirewallInterfaceFilter.stdout.txt": "97a2043939145d037b22e3bf9fcff824a55569e6a8aaae77e58ff7a67c265649",
    "commands/0025-Get-NetFirewallSecurityFilter.stderr.txt": "e3b0c44298fc1c149afbf4c8996fb92427ae41e4649b934ca495991b7852b855",
    "commands/0025-Get-NetFirewallSecurityFilter.stdout.txt": "7581ab80f60227929ab51bb760a5790a40c69033ef70e6995c485fd52451ab64",
    "commands/0026-Get-NetFirewallPortFilter.stderr.txt": "e3b0c44298fc1c149afbf4c8996fb92427ae41e4649b934ca495991b7852b855",
    "commands/0026-Get-NetFirewallPortFilter.stdout.txt": "a596da2ec3c7a9b4ce4752965781c821bedb1c8f79403a8da545df6155d2ae48",
    "commands/0027-Get-NetFirewallAddressFilter.stderr.txt": "e3b0c44298fc1c149afbf4c8996fb92427ae41e4649b934ca495991b7852b855",
    "commands/0027-Get-NetFirewallAddressFilter.stdout.txt": "9e92653f155c7a1aba0d1e027e36507050ea5f444f5b9c2eaab5ff00cbd2b627",
    "commands/0028-Get-NetFirewallApplicationFilter.stderr.txt": "e3b0c44298fc1c149afbf4c8996fb92427ae41e4649b934ca495991b7852b855",
    "commands/0028-Get-NetFirewallApplicationFilter.stdout.txt": "2668fe628558ca0fecfcbe3f6af43ea8868f1889a2c75838700ab8a018c2ea64",
    "commands/0029-Get-NetFirewallServiceFilter.stderr.txt": "e3b0c44298fc1c149afbf4c8996fb92427ae41e4649b934ca495991b7852b855",
    "commands/0029-Get-NetFirewallServiceFilter.stdout.txt": "441f2ba92ad314d666e347f58a9ecefbd5dbae553e68ee965cc94ab51733b0a6",
    "commands/0030-Get-NetFirewallInterfaceTypeFilter.stderr.txt": "e3b0c44298fc1c149afbf4c8996fb92427ae41e4649b934ca495991b7852b855",
    "commands/0030-Get-NetFirewallInterfaceTypeFilter.stdout.txt": "4fae967a944574a81c6008cac048671c555585e1667f98eba32f30afa76d02a1",
    "commands/0031-Get-NetFirewallInterfaceFilter.stderr.txt": "e3b0c44298fc1c149afbf4c8996fb92427ae41e4649b934ca495991b7852b855",
    "commands/0031-Get-NetFirewallInterfaceFilter.stdout.txt": "97a2043939145d037b22e3bf9fcff824a55569e6a8aaae77e58ff7a67c265649",
    "commands/0032-Get-NetFirewallSecurityFilter.stderr.txt": "e3b0c44298fc1c149afbf4c8996fb92427ae41e4649b934ca495991b7852b855",
    "commands/0032-Get-NetFirewallSecurityFilter.stdout.txt": "7581ab80f60227929ab51bb760a5790a40c69033ef70e6995c485fd52451ab64",
    "commands/0033-Get-NetFirewallPortFilter.stderr.txt": "e3b0c44298fc1c149afbf4c8996fb92427ae41e4649b934ca495991b7852b855",
    "commands/0033-Get-NetFirewallPortFilter.stdout.txt": "ea7fae3f446019d5230468422d6f0d51b43fc6d49bfd07e937dcd06504f110af",
    "commands/0034-Get-NetFirewallAddressFilter.stderr.txt": "e3b0c44298fc1c149afbf4c8996fb92427ae41e4649b934ca495991b7852b855",
    "commands/0034-Get-NetFirewallAddressFilter.stdout.txt": "9e92653f155c7a1aba0d1e027e36507050ea5f444f5b9c2eaab5ff00cbd2b627",
    "commands/0035-Get-NetFirewallApplicationFilter.stderr.txt": "e3b0c44298fc1c149afbf4c8996fb92427ae41e4649b934ca495991b7852b855",
    "commands/0035-Get-NetFirewallApplicationFilter.stdout.txt": "2668fe628558ca0fecfcbe3f6af43ea8868f1889a2c75838700ab8a018c2ea64",
    "commands/0036-Get-NetFirewallServiceFilter.stderr.txt": "e3b0c44298fc1c149afbf4c8996fb92427ae41e4649b934ca495991b7852b855",
    "commands/0036-Get-NetFirewallServiceFilter.stdout.txt": "441f2ba92ad314d666e347f58a9ecefbd5dbae553e68ee965cc94ab51733b0a6",
    "commands/0037-Get-NetFirewallInterfaceTypeFilter.stderr.txt": "e3b0c44298fc1c149afbf4c8996fb92427ae41e4649b934ca495991b7852b855",
    "commands/0037-Get-NetFirewallInterfaceTypeFilter.stdout.txt": "4fae967a944574a81c6008cac048671c555585e1667f98eba32f30afa76d02a1",
    "commands/0038-Get-NetFirewallInterfaceFilter.stderr.txt": "e3b0c44298fc1c149afbf4c8996fb92427ae41e4649b934ca495991b7852b855",
    "commands/0038-Get-NetFirewallInterfaceFilter.stdout.txt": "97a2043939145d037b22e3bf9fcff824a55569e6a8aaae77e58ff7a67c265649",
    "commands/0039-Get-NetFirewallSecurityFilter.stderr.txt": "e3b0c44298fc1c149afbf4c8996fb92427ae41e4649b934ca495991b7852b855",
    "commands/0039-Get-NetFirewallSecurityFilter.stdout.txt": "7581ab80f60227929ab51bb760a5790a40c69033ef70e6995c485fd52451ab64",
    "commands/0040-Get-NetFirewallPortFilter.stderr.txt": "e3b0c44298fc1c149afbf4c8996fb92427ae41e4649b934ca495991b7852b855",
    "commands/0040-Get-NetFirewallPortFilter.stdout.txt": "7ecc7cb7a50f20e0f4f90145af376b22d137acee828c59a26e67a6b08caa97eb",
    "commands/0041-Get-NetFirewallAddressFilter.stderr.txt": "e3b0c44298fc1c149afbf4c8996fb92427ae41e4649b934ca495991b7852b855",
    "commands/0041-Get-NetFirewallAddressFilter.stdout.txt": "9e92653f155c7a1aba0d1e027e36507050ea5f444f5b9c2eaab5ff00cbd2b627",
    "commands/0042-Get-NetFirewallApplicationFilter.stderr.txt": "e3b0c44298fc1c149afbf4c8996fb92427ae41e4649b934ca495991b7852b855",
    "commands/0042-Get-NetFirewallApplicationFilter.stdout.txt": "2668fe628558ca0fecfcbe3f6af43ea8868f1889a2c75838700ab8a018c2ea64",
    "commands/0043-Get-NetFirewallServiceFilter.stderr.txt": "e3b0c44298fc1c149afbf4c8996fb92427ae41e4649b934ca495991b7852b855",
    "commands/0043-Get-NetFirewallServiceFilter.stdout.txt": "441f2ba92ad314d666e347f58a9ecefbd5dbae553e68ee965cc94ab51733b0a6",
    "commands/0044-Get-NetFirewallInterfaceTypeFilter.stderr.txt": "e3b0c44298fc1c149afbf4c8996fb92427ae41e4649b934ca495991b7852b855",
    "commands/0044-Get-NetFirewallInterfaceTypeFilter.stdout.txt": "4fae967a944574a81c6008cac048671c555585e1667f98eba32f30afa76d02a1",
    "commands/0045-Get-NetFirewallInterfaceFilter.stderr.txt": "e3b0c44298fc1c149afbf4c8996fb92427ae41e4649b934ca495991b7852b855",
    "commands/0045-Get-NetFirewallInterfaceFilter.stdout.txt": "97a2043939145d037b22e3bf9fcff824a55569e6a8aaae77e58ff7a67c265649",
    "commands/0046-Get-NetFirewallSecurityFilter.stderr.txt": "e3b0c44298fc1c149afbf4c8996fb92427ae41e4649b934ca495991b7852b855",
    "commands/0046-Get-NetFirewallSecurityFilter.stdout.txt": "7581ab80f60227929ab51bb760a5790a40c69033ef70e6995c485fd52451ab64",
    "commands/0047-Get-NetFirewallPortFilter.stderr.txt": "e3b0c44298fc1c149afbf4c8996fb92427ae41e4649b934ca495991b7852b855",
    "commands/0047-Get-NetFirewallPortFilter.stdout.txt": "23a256b06f5c70a3fc470a289ba420d6812093f60aada06d05438c9ae3cade81",
    "commands/0048-Get-NetFirewallAddressFilter.stderr.txt": "e3b0c44298fc1c149afbf4c8996fb92427ae41e4649b934ca495991b7852b855",
    "commands/0048-Get-NetFirewallAddressFilter.stdout.txt": "e9b16e4dab56b1c11c88461b0b4b2cfb0b21793c09dd4ddf81cb959130fd2cbb",
    "commands/0049-Get-NetFirewallApplicationFilter.stderr.txt": "e3b0c44298fc1c149afbf4c8996fb92427ae41e4649b934ca495991b7852b855",
    "commands/0049-Get-NetFirewallApplicationFilter.stdout.txt": "2668fe628558ca0fecfcbe3f6af43ea8868f1889a2c75838700ab8a018c2ea64",
    "commands/0050-Get-NetFirewallServiceFilter.stderr.txt": "e3b0c44298fc1c149afbf4c8996fb92427ae41e4649b934ca495991b7852b855",
    "commands/0050-Get-NetFirewallServiceFilter.stdout.txt": "441f2ba92ad314d666e347f58a9ecefbd5dbae553e68ee965cc94ab51733b0a6",
    "commands/0051-Get-NetFirewallInterfaceTypeFilter.stderr.txt": "e3b0c44298fc1c149afbf4c8996fb92427ae41e4649b934ca495991b7852b855",
    "commands/0051-Get-NetFirewallInterfaceTypeFilter.stdout.txt": "4fae967a944574a81c6008cac048671c555585e1667f98eba32f30afa76d02a1",
    "commands/0052-Get-NetFirewallInterfaceFilter.stderr.txt": "e3b0c44298fc1c149afbf4c8996fb92427ae41e4649b934ca495991b7852b855",
    "commands/0052-Get-NetFirewallInterfaceFilter.stdout.txt": "97a2043939145d037b22e3bf9fcff824a55569e6a8aaae77e58ff7a67c265649",
    "commands/0053-Get-NetFirewallSecurityFilter.stderr.txt": "e3b0c44298fc1c149afbf4c8996fb92427ae41e4649b934ca495991b7852b855",
    "commands/0053-Get-NetFirewallSecurityFilter.stdout.txt": "7581ab80f60227929ab51bb760a5790a40c69033ef70e6995c485fd52451ab64",
    "commands/0054-Get-NetFirewallPortFilter.stderr.txt": "e3b0c44298fc1c149afbf4c8996fb92427ae41e4649b934ca495991b7852b855",
    "commands/0054-Get-NetFirewallPortFilter.stdout.txt": "961e5c7f81560d243b8894d755a858e35fcc869c707dab80595e44c06aee87d9",
    "commands/0055-Get-NetFirewallAddressFilter.stderr.txt": "e3b0c44298fc1c149afbf4c8996fb92427ae41e4649b934ca495991b7852b855",
    "commands/0055-Get-NetFirewallAddressFilter.stdout.txt": "9e92653f155c7a1aba0d1e027e36507050ea5f444f5b9c2eaab5ff00cbd2b627",
    "commands/0056-Get-NetFirewallApplicationFilter.stderr.txt": "e3b0c44298fc1c149afbf4c8996fb92427ae41e4649b934ca495991b7852b855",
    "commands/0056-Get-NetFirewallApplicationFilter.stdout.txt": "7c27df7be3347d68ff17736cf4f7db38ab03ec798b7334871988f6dbf9778e1a",
    "commands/0057-Get-NetFirewallServiceFilter.stderr.txt": "e3b0c44298fc1c149afbf4c8996fb92427ae41e4649b934ca495991b7852b855",
    "commands/0057-Get-NetFirewallServiceFilter.stdout.txt": "441f2ba92ad314d666e347f58a9ecefbd5dbae553e68ee965cc94ab51733b0a6",
    "commands/0058-Get-NetFirewallInterfaceTypeFilter.stderr.txt": "e3b0c44298fc1c149afbf4c8996fb92427ae41e4649b934ca495991b7852b855",
    "commands/0058-Get-NetFirewallInterfaceTypeFilter.stdout.txt": "4fae967a944574a81c6008cac048671c555585e1667f98eba32f30afa76d02a1",
    "commands/0059-Get-NetFirewallInterfaceFilter.stderr.txt": "e3b0c44298fc1c149afbf4c8996fb92427ae41e4649b934ca495991b7852b855",
    "commands/0059-Get-NetFirewallInterfaceFilter.stdout.txt": "97a2043939145d037b22e3bf9fcff824a55569e6a8aaae77e58ff7a67c265649",
    "commands/0060-Get-NetFirewallSecurityFilter.stderr.txt": "e3b0c44298fc1c149afbf4c8996fb92427ae41e4649b934ca495991b7852b855",
    "commands/0060-Get-NetFirewallSecurityFilter.stdout.txt": "7581ab80f60227929ab51bb760a5790a40c69033ef70e6995c485fd52451ab64",
    "commands/0061-Get-NetFirewallPortFilter.stderr.txt": "e3b0c44298fc1c149afbf4c8996fb92427ae41e4649b934ca495991b7852b855",
    "commands/0061-Get-NetFirewallPortFilter.stdout.txt": "82863619966fcdd648dd78833936dd16fa4cb83f944fcd7065154d3761f27f5a",
    "commands/0062-Get-NetFirewallAddressFilter.stderr.txt": "e3b0c44298fc1c149afbf4c8996fb92427ae41e4649b934ca495991b7852b855",
    "commands/0062-Get-NetFirewallAddressFilter.stdout.txt": "9e92653f155c7a1aba0d1e027e36507050ea5f444f5b9c2eaab5ff00cbd2b627",
    "commands/0063-Get-NetFirewallApplicationFilter.stderr.txt": "e3b0c44298fc1c149afbf4c8996fb92427ae41e4649b934ca495991b7852b855",
    "commands/0063-Get-NetFirewallApplicationFilter.stdout.txt": "2668fe628558ca0fecfcbe3f6af43ea8868f1889a2c75838700ab8a018c2ea64",
    "commands/0064-Get-NetFirewallServiceFilter.stderr.txt": "e3b0c44298fc1c149afbf4c8996fb92427ae41e4649b934ca495991b7852b855",
    "commands/0064-Get-NetFirewallServiceFilter.stdout.txt": "280f9db9e21dc7da53e923b93fbca9e4735c2841f52b29e77f660efe80b8a725",
    "commands/0065-Get-NetFirewallInterfaceTypeFilter.stderr.txt": "e3b0c44298fc1c149afbf4c8996fb92427ae41e4649b934ca495991b7852b855",
    "commands/0065-Get-NetFirewallInterfaceTypeFilter.stdout.txt": "4fae967a944574a81c6008cac048671c555585e1667f98eba32f30afa76d02a1",
    "commands/0066-Get-NetFirewallInterfaceFilter.stderr.txt": "e3b0c44298fc1c149afbf4c8996fb92427ae41e4649b934ca495991b7852b855",
    "commands/0066-Get-NetFirewallInterfaceFilter.stdout.txt": "97a2043939145d037b22e3bf9fcff824a55569e6a8aaae77e58ff7a67c265649",
    "commands/0067-Get-NetFirewallSecurityFilter.stderr.txt": "e3b0c44298fc1c149afbf4c8996fb92427ae41e4649b934ca495991b7852b855",
    "commands/0067-Get-NetFirewallSecurityFilter.stdout.txt": "7581ab80f60227929ab51bb760a5790a40c69033ef70e6995c485fd52451ab64",
    "commands/0068-Get-NetFirewallPortFilter.stderr.txt": "e3b0c44298fc1c149afbf4c8996fb92427ae41e4649b934ca495991b7852b855",
    "commands/0068-Get-NetFirewallPortFilter.stdout.txt": "36c4d6042b436b82e9e21005b3781c05feff6920f5b723095e896fbd2f743e58",
    "commands/0069-Get-NetFirewallAddressFilter.stderr.txt": "e3b0c44298fc1c149afbf4c8996fb92427ae41e4649b934ca495991b7852b855",
    "commands/0069-Get-NetFirewallAddressFilter.stdout.txt": "8c1fc13052cbca1efda3f359f0b969f0b15025d7597ffdd19d2fa8911f3702be",
    "commands/0070-Get-NetFirewallApplicationFilter.stderr.txt": "e3b0c44298fc1c149afbf4c8996fb92427ae41e4649b934ca495991b7852b855",
    "commands/0070-Get-NetFirewallApplicationFilter.stdout.txt": "2668fe628558ca0fecfcbe3f6af43ea8868f1889a2c75838700ab8a018c2ea64",
    "commands/0071-Get-NetFirewallServiceFilter.stderr.txt": "e3b0c44298fc1c149afbf4c8996fb92427ae41e4649b934ca495991b7852b855",
    "commands/0071-Get-NetFirewallServiceFilter.stdout.txt": "441f2ba92ad314d666e347f58a9ecefbd5dbae553e68ee965cc94ab51733b0a6",
    "commands/0072-Get-NetFirewallInterfaceTypeFilter.stderr.txt": "e3b0c44298fc1c149afbf4c8996fb92427ae41e4649b934ca495991b7852b855",
    "commands/0072-Get-NetFirewallInterfaceTypeFilter.stdout.txt": "4fae967a944574a81c6008cac048671c555585e1667f98eba32f30afa76d02a1",
    "commands/0073-Get-NetFirewallInterfaceFilter.stderr.txt": "e3b0c44298fc1c149afbf4c8996fb92427ae41e4649b934ca495991b7852b855",
    "commands/0073-Get-NetFirewallInterfaceFilter.stdout.txt": "97a2043939145d037b22e3bf9fcff824a55569e6a8aaae77e58ff7a67c265649",
    "commands/0074-Get-NetFirewallSecurityFilter.stderr.txt": "e3b0c44298fc1c149afbf4c8996fb92427ae41e4649b934ca495991b7852b855",
    "commands/0074-Get-NetFirewallSecurityFilter.stdout.txt": "7581ab80f60227929ab51bb760a5790a40c69033ef70e6995c485fd52451ab64",
    "commands/0075-Get-NetFirewallPortFilter.stderr.txt": "e3b0c44298fc1c149afbf4c8996fb92427ae41e4649b934ca495991b7852b855",
    "commands/0075-Get-NetFirewallPortFilter.stdout.txt": "8f44d6f004b7abe190d96bd469f3a6af03d707bf1fdf43c6b85a170217528a5c",
    "commands/0076-Get-NetFirewallAddressFilter.stderr.txt": "e3b0c44298fc1c149afbf4c8996fb92427ae41e4649b934ca495991b7852b855",
    "commands/0076-Get-NetFirewallAddressFilter.stdout.txt": "9e92653f155c7a1aba0d1e027e36507050ea5f444f5b9c2eaab5ff00cbd2b627",
    "commands/0077-Get-NetFirewallApplicationFilter.stderr.txt": "e3b0c44298fc1c149afbf4c8996fb92427ae41e4649b934ca495991b7852b855",
    "commands/0077-Get-NetFirewallApplicationFilter.stdout.txt": "2668fe628558ca0fecfcbe3f6af43ea8868f1889a2c75838700ab8a018c2ea64",
    "commands/0078-Get-NetFirewallServiceFilter.stderr.txt": "e3b0c44298fc1c149afbf4c8996fb92427ae41e4649b934ca495991b7852b855",
    "commands/0078-Get-NetFirewallServiceFilter.stdout.txt": "441f2ba92ad314d666e347f58a9ecefbd5dbae553e68ee965cc94ab51733b0a6",
    "commands/0079-Get-NetFirewallInterfaceTypeFilter.stderr.txt": "e3b0c44298fc1c149afbf4c8996fb92427ae41e4649b934ca495991b7852b855",
    "commands/0079-Get-NetFirewallInterfaceTypeFilter.stdout.txt": "4fae967a944574a81c6008cac048671c555585e1667f98eba32f30afa76d02a1",
    "commands/0080-Get-NetFirewallInterfaceFilter.stderr.txt": "e3b0c44298fc1c149afbf4c8996fb92427ae41e4649b934ca495991b7852b855",
    "commands/0080-Get-NetFirewallInterfaceFilter.stdout.txt": "97a2043939145d037b22e3bf9fcff824a55569e6a8aaae77e58ff7a67c265649",
    "commands/0081-Get-NetFirewallSecurityFilter.stderr.txt": "e3b0c44298fc1c149afbf4c8996fb92427ae41e4649b934ca495991b7852b855",
    "commands/0081-Get-NetFirewallSecurityFilter.stdout.txt": "7581ab80f60227929ab51bb760a5790a40c69033ef70e6995c485fd52451ab64",
    "commands/0082-Get-NetFirewallPortFilter.stderr.txt": "e3b0c44298fc1c149afbf4c8996fb92427ae41e4649b934ca495991b7852b855",
    "commands/0082-Get-NetFirewallPortFilter.stdout.txt": "5d809a85d28a6cb450d4fe4bf77ed793636dc7f753f9461cf5250b7ac126391e",
    "commands/0083-Get-NetFirewallAddressFilter.stderr.txt": "e3b0c44298fc1c149afbf4c8996fb92427ae41e4649b934ca495991b7852b855",
    "commands/0083-Get-NetFirewallAddressFilter.stdout.txt": "9e92653f155c7a1aba0d1e027e36507050ea5f444f5b9c2eaab5ff00cbd2b627",
    "commands/0084-Get-NetFirewallApplicationFilter.stderr.txt": "e3b0c44298fc1c149afbf4c8996fb92427ae41e4649b934ca495991b7852b855",
    "commands/0084-Get-NetFirewallApplicationFilter.stdout.txt": "2668fe628558ca0fecfcbe3f6af43ea8868f1889a2c75838700ab8a018c2ea64",
    "commands/0085-Get-NetFirewallServiceFilter.stderr.txt": "e3b0c44298fc1c149afbf4c8996fb92427ae41e4649b934ca495991b7852b855",
    "commands/0085-Get-NetFirewallServiceFilter.stdout.txt": "441f2ba92ad314d666e347f58a9ecefbd5dbae553e68ee965cc94ab51733b0a6",
    "commands/0086-Get-NetFirewallInterfaceTypeFilter.stderr.txt": "e3b0c44298fc1c149afbf4c8996fb92427ae41e4649b934ca495991b7852b855",
    "commands/0086-Get-NetFirewallInterfaceTypeFilter.stdout.txt": "4fae967a944574a81c6008cac048671c555585e1667f98eba32f30afa76d02a1",
    "commands/0087-Get-NetFirewallInterfaceFilter.stderr.txt": "e3b0c44298fc1c149afbf4c8996fb92427ae41e4649b934ca495991b7852b855",
    "commands/0087-Get-NetFirewallInterfaceFilter.stdout.txt": "97a2043939145d037b22e3bf9fcff824a55569e6a8aaae77e58ff7a67c265649",
    "commands/0088-Get-NetFirewallSecurityFilter.stderr.txt": "e3b0c44298fc1c149afbf4c8996fb92427ae41e4649b934ca495991b7852b855",
    "commands/0088-Get-NetFirewallSecurityFilter.stdout.txt": "7581ab80f60227929ab51bb760a5790a40c69033ef70e6995c485fd52451ab64",
    "commands/0089-Get-NetFirewallPortFilter.stderr.txt": "e3b0c44298fc1c149afbf4c8996fb92427ae41e4649b934ca495991b7852b855",
    "commands/0089-Get-NetFirewallPortFilter.stdout.txt": "aae89c298054b14f67db70e6096c379fd6fdcb7c1a83e558695fedb6fd6d3234",
    "commands/0090-Get-NetFirewallAddressFilter.stderr.txt": "e3b0c44298fc1c149afbf4c8996fb92427ae41e4649b934ca495991b7852b855",
    "commands/0090-Get-NetFirewallAddressFilter.stdout.txt": "9e92653f155c7a1aba0d1e027e36507050ea5f444f5b9c2eaab5ff00cbd2b627",
    "commands/0091-Get-NetFirewallApplicationFilter.stderr.txt": "e3b0c44298fc1c149afbf4c8996fb92427ae41e4649b934ca495991b7852b855",
    "commands/0091-Get-NetFirewallApplicationFilter.stdout.txt": "2668fe628558ca0fecfcbe3f6af43ea8868f1889a2c75838700ab8a018c2ea64",
    "commands/0092-Get-NetFirewallServiceFilter.stderr.txt": "e3b0c44298fc1c149afbf4c8996fb92427ae41e4649b934ca495991b7852b855",
    "commands/0092-Get-NetFirewallServiceFilter.stdout.txt": "441f2ba92ad314d666e347f58a9ecefbd5dbae553e68ee965cc94ab51733b0a6",
    "commands/0093-Get-NetFirewallInterfaceTypeFilter.stderr.txt": "e3b0c44298fc1c149afbf4c8996fb92427ae41e4649b934ca495991b7852b855",
    "commands/0093-Get-NetFirewallInterfaceTypeFilter.stdout.txt": "1da40160855d642af52de7b6a150c284240cc1a6a7df565aac4e4cfa59bed0cc",
    "commands/0094-Get-NetFirewallInterfaceFilter.stderr.txt": "e3b0c44298fc1c149afbf4c8996fb92427ae41e4649b934ca495991b7852b855",
    "commands/0094-Get-NetFirewallInterfaceFilter.stdout.txt": "97a2043939145d037b22e3bf9fcff824a55569e6a8aaae77e58ff7a67c265649",
    "commands/0095-Get-NetFirewallSecurityFilter.stderr.txt": "e3b0c44298fc1c149afbf4c8996fb92427ae41e4649b934ca495991b7852b855",
    "commands/0095-Get-NetFirewallSecurityFilter.stdout.txt": "7581ab80f60227929ab51bb760a5790a40c69033ef70e6995c485fd52451ab64",
    "commands/0096-Get-NetFirewallPortFilter.stderr.txt": "e3b0c44298fc1c149afbf4c8996fb92427ae41e4649b934ca495991b7852b855",
    "commands/0096-Get-NetFirewallPortFilter.stdout.txt": "e05471e947eee9d9db8add6d7c87f5c376d1e33658d5bf9ecd4db4731ae9bb68",
    "commands/0097-Get-NetFirewallAddressFilter.stderr.txt": "e3b0c44298fc1c149afbf4c8996fb92427ae41e4649b934ca495991b7852b855",
    "commands/0097-Get-NetFirewallAddressFilter.stdout.txt": "9e92653f155c7a1aba0d1e027e36507050ea5f444f5b9c2eaab5ff00cbd2b627",
    "commands/0098-Get-NetFirewallApplicationFilter.stderr.txt": "e3b0c44298fc1c149afbf4c8996fb92427ae41e4649b934ca495991b7852b855",
    "commands/0098-Get-NetFirewallApplicationFilter.stdout.txt": "2668fe628558ca0fecfcbe3f6af43ea8868f1889a2c75838700ab8a018c2ea64",
    "commands/0099-Get-NetFirewallServiceFilter.stderr.txt": "e3b0c44298fc1c149afbf4c8996fb92427ae41e4649b934ca495991b7852b855",
    "commands/0099-Get-NetFirewallServiceFilter.stdout.txt": "441f2ba92ad314d666e347f58a9ecefbd5dbae553e68ee965cc94ab51733b0a6",
    "commands/0100-Get-NetFirewallInterfaceTypeFilter.stderr.txt": "e3b0c44298fc1c149afbf4c8996fb92427ae41e4649b934ca495991b7852b855",
    "commands/0100-Get-NetFirewallInterfaceTypeFilter.stdout.txt": "4fae967a944574a81c6008cac048671c555585e1667f98eba32f30afa76d02a1",
    "commands/0101-Get-NetFirewallInterfaceFilter.stderr.txt": "e3b0c44298fc1c149afbf4c8996fb92427ae41e4649b934ca495991b7852b855",
    "commands/0101-Get-NetFirewallInterfaceFilter.stdout.txt": "97a2043939145d037b22e3bf9fcff824a55569e6a8aaae77e58ff7a67c265649",
    "commands/0102-Get-NetFirewallSecurityFilter.stderr.txt": "e3b0c44298fc1c149afbf4c8996fb92427ae41e4649b934ca495991b7852b855",
    "commands/0102-Get-NetFirewallSecurityFilter.stdout.txt": "7581ab80f60227929ab51bb760a5790a40c69033ef70e6995c485fd52451ab64",
    "commands/0103-Get-NetFirewallPortFilter.stderr.txt": "e3b0c44298fc1c149afbf4c8996fb92427ae41e4649b934ca495991b7852b855",
    "commands/0103-Get-NetFirewallPortFilter.stdout.txt": "4719dbff459ac08adeb299f39bad74c05c72d4b75b1a4f5c807caecdbc3a3dd8",
    "commands/0104-Get-NetFirewallAddressFilter.stderr.txt": "e3b0c44298fc1c149afbf4c8996fb92427ae41e4649b934ca495991b7852b855",
    "commands/0104-Get-NetFirewallAddressFilter.stdout.txt": "9e92653f155c7a1aba0d1e027e36507050ea5f444f5b9c2eaab5ff00cbd2b627",
    "commands/0105-Get-NetFirewallApplicationFilter.stderr.txt": "e3b0c44298fc1c149afbf4c8996fb92427ae41e4649b934ca495991b7852b855",
    "commands/0105-Get-NetFirewallApplicationFilter.stdout.txt": "2668fe628558ca0fecfcbe3f6af43ea8868f1889a2c75838700ab8a018c2ea64",
    "commands/0106-Get-NetFirewallServiceFilter.stderr.txt": "e3b0c44298fc1c149afbf4c8996fb92427ae41e4649b934ca495991b7852b855",
    "commands/0106-Get-NetFirewallServiceFilter.stdout.txt": "441f2ba92ad314d666e347f58a9ecefbd5dbae553e68ee965cc94ab51733b0a6",
    "commands/0107-Get-NetFirewallInterfaceTypeFilter.stderr.txt": "e3b0c44298fc1c149afbf4c8996fb92427ae41e4649b934ca495991b7852b855",
    "commands/0107-Get-NetFirewallInterfaceTypeFilter.stdout.txt": "4fae967a944574a81c6008cac048671c555585e1667f98eba32f30afa76d02a1",
    "commands/0108-Get-NetFirewallInterfaceFilter.stderr.txt": "e3b0c44298fc1c149afbf4c8996fb92427ae41e4649b934ca495991b7852b855",
    "commands/0108-Get-NetFirewallInterfaceFilter.stdout.txt": "97a2043939145d037b22e3bf9fcff824a55569e6a8aaae77e58ff7a67c265649",
    "commands/0109-Get-NetFirewallSecurityFilter.stderr.txt": "e3b0c44298fc1c149afbf4c8996fb92427ae41e4649b934ca495991b7852b855",
    "commands/0109-Get-NetFirewallSecurityFilter.stdout.txt": "0860acd536c3e5937f88613a2a29481e4bdce962a9f7feb12033591b7c142aa8",
    "commands/0110-Get-NetFirewallProfile.stderr.txt": "e3b0c44298fc1c149afbf4c8996fb92427ae41e4649b934ca495991b7852b855",
    "commands/0110-Get-NetFirewallProfile.stdout.txt": "f13dfc10b1016cc048f3ee07c94ff24434907f74feaee40e2ac46617145c5998",
    "commands/0111-Get-GPO.stderr.txt": "e3b0c44298fc1c149afbf4c8996fb92427ae41e4649b934ca495991b7852b855",
    "commands/0111-Get-GPO.stdout.txt": "6b5496b2f34da9b50a7f6e2f001f7d86a79f6b95e5ed603d643ab08d91616540",
    "commands/0112-Get-ADObject.stderr.txt": "e3b0c44298fc1c149afbf4c8996fb92427ae41e4649b934ca495991b7852b855",
    "commands/0112-Get-ADObject.stdout.txt": "e653d35fef96ae45d72fb35fb91262dc7def504a137400f83b03422274de1991",
    "commands/0113-Read-RegistryPol.stderr.txt": "e3b0c44298fc1c149afbf4c8996fb92427ae41e4649b934ca495991b7852b855",
    "commands/0113-Read-RegistryPol.stdout.txt": "3eacc158a55f0dc199494b4b4b3a8fe5b4a6004bd2ef345efcfd0bae825eaf65",
    "commands/0114-Get-GPOReport.stderr.txt": "e3b0c44298fc1c149afbf4c8996fb92427ae41e4649b934ca495991b7852b855",
    "commands/0114-Get-GPOReport.stdout.txt": "f01a374e9c81e3db89b3a42940c4d6a5447684986a1296e42bf13f196eed6295",
    "commands/0115-Get-GPO.stderr.txt": "e3b0c44298fc1c149afbf4c8996fb92427ae41e4649b934ca495991b7852b855",
    "commands/0115-Get-GPO.stdout.txt": "f01a374e9c81e3db89b3a42940c4d6a5447684986a1296e42bf13f196eed6295",
    "commands/0116-New-GPO.stderr.txt": "e3b0c44298fc1c149afbf4c8996fb92427ae41e4649b934ca495991b7852b855",
    "commands/0116-New-GPO.stdout.txt": "0d674729a4bdb426dcadc813d0cfcef174eb4038bd3cbda8d9655caad317df96",
    "commands/0117-Import-GPO.stderr.txt": "e3b0c44298fc1c149afbf4c8996fb92427ae41e4649b934ca495991b7852b855",
    "commands/0117-Import-GPO.stdout.txt": "260248d1e352026f2c2ec1cfb5dd8479591b9a5bf20a846a5a98850fba0dab7c",
    "commands/0118-Get-NetFirewallRule.stderr.txt": "e3b0c44298fc1c149afbf4c8996fb92427ae41e4649b934ca495991b7852b855",
    "commands/0118-Get-NetFirewallRule.stdout.txt": "d5527b775ed59c3907e130ddb8f629503d4c96b29fb2274cc94a0376dfe30570",
    "commands/0119-Get-NetFirewallPortFilter.stderr.txt": "e3b0c44298fc1c149afbf4c8996fb92427ae41e4649b934ca495991b7852b855",
    "commands/0119-Get-NetFirewallPortFilter.stdout.txt": "0164c50eaa1e74fb19df9fe3a155ee4971319a56eb6482210d3dae7ec278553d",
    "commands/0120-Get-NetFirewallAddressFilter.stderr.txt": "e3b0c44298fc1c149afbf4c8996fb92427ae41e4649b934ca495991b7852b855",
    "commands/0120-Get-NetFirewallAddressFilter.stdout.txt": "9e92653f155c7a1aba0d1e027e36507050ea5f444f5b9c2eaab5ff00cbd2b627",
    "commands/0121-Get-NetFirewallApplicationFilter.stderr.txt": "e3b0c44298fc1c149afbf4c8996fb92427ae41e4649b934ca495991b7852b855",
    "commands/0121-Get-NetFirewallApplicationFilter.stdout.txt": "2668fe628558ca0fecfcbe3f6af43ea8868f1889a2c75838700ab8a018c2ea64",
    "commands/0122-Get-NetFirewallServiceFilter.stderr.txt": "e3b0c44298fc1c149afbf4c8996fb92427ae41e4649b934ca495991b7852b855",
    "commands/0122-Get-NetFirewallServiceFilter.stdout.txt": "441f2ba92ad314d666e347f58a9ecefbd5dbae553e68ee965cc94ab51733b0a6",
    "commands/0123-Get-NetFirewallInterfaceTypeFilter.stderr.txt": "e3b0c44298fc1c149afbf4c8996fb92427ae41e4649b934ca495991b7852b855",
    "commands/0123-Get-NetFirewallInterfaceTypeFilter.stdout.txt": "4fae967a944574a81c6008cac048671c555585e1667f98eba32f30afa76d02a1",
    "commands/0124-Get-NetFirewallInterfaceFilter.stderr.txt": "e3b0c44298fc1c149afbf4c8996fb92427ae41e4649b934ca495991b7852b855",
    "commands/0124-Get-NetFirewallInterfaceFilter.stdout.txt": "97a2043939145d037b22e3bf9fcff824a55569e6a8aaae77e58ff7a67c265649",
    "commands/0125-Get-NetFirewallSecurityFilter.stderr.txt": "e3b0c44298fc1c149afbf4c8996fb92427ae41e4649b934ca495991b7852b855",
    "commands/0125-Get-NetFirewallSecurityFilter.stdout.txt": "7581ab80f60227929ab51bb760a5790a40c69033ef70e6995c485fd52451ab64",
    "commands/0126-Get-NetFirewallPortFilter.stderr.txt": "e3b0c44298fc1c149afbf4c8996fb92427ae41e4649b934ca495991b7852b855",
    "commands/0126-Get-NetFirewallPortFilter.stdout.txt": "a596da2ec3c7a9b4ce4752965781c821bedb1c8f79403a8da545df6155d2ae48",
    "commands/0127-Get-NetFirewallAddressFilter.stderr.txt": "e3b0c44298fc1c149afbf4c8996fb92427ae41e4649b934ca495991b7852b855",
    "commands/0127-Get-NetFirewallAddressFilter.stdout.txt": "9e92653f155c7a1aba0d1e027e36507050ea5f444f5b9c2eaab5ff00cbd2b627",
    "commands/0128-Get-NetFirewallApplicationFilter.stderr.txt": "e3b0c44298fc1c149afbf4c8996fb92427ae41e4649b934ca495991b7852b855",
    "commands/0128-Get-NetFirewallApplicationFilter.stdout.txt": "2668fe628558ca0fecfcbe3f6af43ea8868f1889a2c75838700ab8a018c2ea64",
    "commands/0129-Get-NetFirewallServiceFilter.stderr.txt": "e3b0c44298fc1c149afbf4c8996fb92427ae41e4649b934ca495991b7852b855",
    "commands/0129-Get-NetFirewallServiceFilter.stdout.txt": "441f2ba92ad314d666e347f58a9ecefbd5dbae553e68ee965cc94ab51733b0a6",
    "commands/0130-Get-NetFirewallInterfaceTypeFilter.stderr.txt": "e3b0c44298fc1c149afbf4c8996fb92427ae41e4649b934ca495991b7852b855",
    "commands/0130-Get-NetFirewallInterfaceTypeFilter.stdout.txt": "4fae967a944574a81c6008cac048671c555585e1667f98eba32f30afa76d02a1",
    "commands/0131-Get-NetFirewallInterfaceFilter.stderr.txt": "e3b0c44298fc1c149afbf4c8996fb92427ae41e4649b934ca495991b7852b855",
    "commands/0131-Get-NetFirewallInterfaceFilter.stdout.txt": "97a2043939145d037b22e3bf9fcff824a55569e6a8aaae77e58ff7a67c265649",
    "commands/0132-Get-NetFirewallSecurityFilter.stderr.txt": "e3b0c44298fc1c149afbf4c8996fb92427ae41e4649b934ca495991b7852b855",
    "commands/0132-Get-NetFirewallSecurityFilter.stdout.txt": "7581ab80f60227929ab51bb760a5790a40c69033ef70e6995c485fd52451ab64",
    "commands/0133-Get-NetFirewallPortFilter.stderr.txt": "e3b0c44298fc1c149afbf4c8996fb92427ae41e4649b934ca495991b7852b855",
    "commands/0133-Get-NetFirewallPortFilter.stdout.txt": "ea7fae3f446019d5230468422d6f0d51b43fc6d49bfd07e937dcd06504f110af",
    "commands/0134-Get-NetFirewallAddressFilter.stderr.txt": "e3b0c44298fc1c149afbf4c8996fb92427ae41e4649b934ca495991b7852b855",
    "commands/0134-Get-NetFirewallAddressFilter.stdout.txt": "9e92653f155c7a1aba0d1e027e36507050ea5f444f5b9c2eaab5ff00cbd2b627",
    "commands/0135-Get-NetFirewallApplicationFilter.stderr.txt": "e3b0c44298fc1c149afbf4c8996fb92427ae41e4649b934ca495991b7852b855",
    "commands/0135-Get-NetFirewallApplicationFilter.stdout.txt": "2668fe628558ca0fecfcbe3f6af43ea8868f1889a2c75838700ab8a018c2ea64",
    "commands/0136-Get-NetFirewallServiceFilter.stderr.txt": "e3b0c44298fc1c149afbf4c8996fb92427ae41e4649b934ca495991b7852b855",
    "commands/0136-Get-NetFirewallServiceFilter.stdout.txt": "441f2ba92ad314d666e347f58a9ecefbd5dbae553e68ee965cc94ab51733b0a6",
    "commands/0137-Get-NetFirewallInterfaceTypeFilter.stderr.txt": "e3b0c44298fc1c149afbf4c8996fb92427ae41e4649b934ca495991b7852b855",
    "commands/0137-Get-NetFirewallInterfaceTypeFilter.stdout.txt": "4fae967a944574a81c6008cac048671c555585e1667f98eba32f30afa76d02a1",
    "commands/0138-Get-NetFirewallInterfaceFilter.stderr.txt": "e3b0c44298fc1c149afbf4c8996fb92427ae41e4649b934ca495991b7852b855",
    "commands/0138-Get-NetFirewallInterfaceFilter.stdout.txt": "97a2043939145d037b22e3bf9fcff824a55569e6a8aaae77e58ff7a67c265649",
    "commands/0139-Get-NetFirewallSecurityFilter.stderr.txt": "e3b0c44298fc1c149afbf4c8996fb92427ae41e4649b934ca495991b7852b855",
    "commands/0139-Get-NetFirewallSecurityFilter.stdout.txt": "7581ab80f60227929ab51bb760a5790a40c69033ef70e6995c485fd52451ab64",
    "commands/0140-Get-NetFirewallPortFilter.stderr.txt": "e3b0c44298fc1c149afbf4c8996fb92427ae41e4649b934ca495991b7852b855",
    "commands/0140-Get-NetFirewallPortFilter.stdout.txt": "7ecc7cb7a50f20e0f4f90145af376b22d137acee828c59a26e67a6b08caa97eb",
    "commands/0141-Get-NetFirewallAddressFilter.stderr.txt": "e3b0c44298fc1c149afbf4c8996fb92427ae41e4649b934ca495991b7852b855",
    "commands/0141-Get-NetFirewallAddressFilter.stdout.txt": "9e92653f155c7a1aba0d1e027e36507050ea5f444f5b9c2eaab5ff00cbd2b627",
    "commands/0142-Get-NetFirewallApplicationFilter.stderr.txt": "e3b0c44298fc1c149afbf4c8996fb92427ae41e4649b934ca495991b7852b855",
    "commands/0142-Get-NetFirewallApplicationFilter.stdout.txt": "2668fe628558ca0fecfcbe3f6af43ea8868f1889a2c75838700ab8a018c2ea64",
    "commands/0143-Get-NetFirewallServiceFilter.stderr.txt": "e3b0c44298fc1c149afbf4c8996fb92427ae41e4649b934ca495991b7852b855",
    "commands/0143-Get-NetFirewallServiceFilter.stdout.txt": "441f2ba92ad314d666e347f58a9ecefbd5dbae553e68ee965cc94ab51733b0a6",
    "commands/0144-Get-NetFirewallInterfaceTypeFilter.stderr.txt": "e3b0c44298fc1c149afbf4c8996fb92427ae41e4649b934ca495991b7852b855",
    "commands/0144-Get-NetFirewallInterfaceTypeFilter.stdout.txt": "4fae967a944574a81c6008cac048671c555585e1667f98eba32f30afa76d02a1",
    "commands/0145-Get-NetFirewallInterfaceFilter.stderr.txt": "e3b0c44298fc1c149afbf4c8996fb92427ae41e4649b934ca495991b7852b855",
    "commands/0145-Get-NetFirewallInterfaceFilter.stdout.txt": "97a2043939145d037b22e3bf9fcff824a55569e6a8aaae77e58ff7a67c265649",
    "commands/0146-Get-NetFirewallSecurityFilter.stderr.txt": "e3b0c44298fc1c149afbf4c8996fb92427ae41e4649b934ca495991b7852b855",
    "commands/0146-Get-NetFirewallSecurityFilter.stdout.txt": "7581ab80f60227929ab51bb760a5790a40c69033ef70e6995c485fd52451ab64",
    "commands/0147-Get-NetFirewallPortFilter.stderr.txt": "e3b0c44298fc1c149afbf4c8996fb92427ae41e4649b934ca495991b7852b855",
    "commands/0147-Get-NetFirewallPortFilter.stdout.txt": "23a256b06f5c70a3fc470a289ba420d6812093f60aada06d05438c9ae3cade81",
    "commands/0148-Get-NetFirewallAddressFilter.stderr.txt": "e3b0c44298fc1c149afbf4c8996fb92427ae41e4649b934ca495991b7852b855",
    "commands/0148-Get-NetFirewallAddressFilter.stdout.txt": "e9b16e4dab56b1c11c88461b0b4b2cfb0b21793c09dd4ddf81cb959130fd2cbb",
    "commands/0149-Get-NetFirewallApplicationFilter.stderr.txt": "e3b0c44298fc1c149afbf4c8996fb92427ae41e4649b934ca495991b7852b855",
    "commands/0149-Get-NetFirewallApplicationFilter.stdout.txt": "2668fe628558ca0fecfcbe3f6af43ea8868f1889a2c75838700ab8a018c2ea64",
    "commands/0150-Get-NetFirewallServiceFilter.stderr.txt": "e3b0c44298fc1c149afbf4c8996fb92427ae41e4649b934ca495991b7852b855",
    "commands/0150-Get-NetFirewallServiceFilter.stdout.txt": "441f2ba92ad314d666e347f58a9ecefbd5dbae553e68ee965cc94ab51733b0a6",
    "commands/0151-Get-NetFirewallInterfaceTypeFilter.stderr.txt": "e3b0c44298fc1c149afbf4c8996fb92427ae41e4649b934ca495991b7852b855",
    "commands/0151-Get-NetFirewallInterfaceTypeFilter.stdout.txt": "4fae967a944574a81c6008cac048671c555585e1667f98eba32f30afa76d02a1",
    "commands/0152-Get-NetFirewallInterfaceFilter.stderr.txt": "e3b0c44298fc1c149afbf4c8996fb92427ae41e4649b934ca495991b7852b855",
    "commands/0152-Get-NetFirewallInterfaceFilter.stdout.txt": "97a2043939145d037b22e3bf9fcff824a55569e6a8aaae77e58ff7a67c265649",
    "commands/0153-Get-NetFirewallSecurityFilter.stderr.txt": "e3b0c44298fc1c149afbf4c8996fb92427ae41e4649b934ca495991b7852b855",
    "commands/0153-Get-NetFirewallSecurityFilter.stdout.txt": "7581ab80f60227929ab51bb760a5790a40c69033ef70e6995c485fd52451ab64",
    "commands/0154-Get-NetFirewallPortFilter.stderr.txt": "e3b0c44298fc1c149afbf4c8996fb92427ae41e4649b934ca495991b7852b855",
    "commands/0154-Get-NetFirewallPortFilter.stdout.txt": "961e5c7f81560d243b8894d755a858e35fcc869c707dab80595e44c06aee87d9",
    "commands/0155-Get-NetFirewallAddressFilter.stderr.txt": "e3b0c44298fc1c149afbf4c8996fb92427ae41e4649b934ca495991b7852b855",
    "commands/0155-Get-NetFirewallAddressFilter.stdout.txt": "9e92653f155c7a1aba0d1e027e36507050ea5f444f5b9c2eaab5ff00cbd2b627",
    "commands/0156-Get-NetFirewallApplicationFilter.stderr.txt": "e3b0c44298fc1c149afbf4c8996fb92427ae41e4649b934ca495991b7852b855",
    "commands/0156-Get-NetFirewallApplicationFilter.stdout.txt": "7c27df7be3347d68ff17736cf4f7db38ab03ec798b7334871988f6dbf9778e1a",
    "commands/0157-Get-NetFirewallServiceFilter.stderr.txt": "e3b0c44298fc1c149afbf4c8996fb92427ae41e4649b934ca495991b7852b855",
    "commands/0157-Get-NetFirewallServiceFilter.stdout.txt": "441f2ba92ad314d666e347f58a9ecefbd5dbae553e68ee965cc94ab51733b0a6",
    "commands/0158-Get-NetFirewallInterfaceTypeFilter.stderr.txt": "e3b0c44298fc1c149afbf4c8996fb92427ae41e4649b934ca495991b7852b855",
    "commands/0158-Get-NetFirewallInterfaceTypeFilter.stdout.txt": "4fae967a944574a81c6008cac048671c555585e1667f98eba32f30afa76d02a1",
    "commands/0159-Get-NetFirewallInterfaceFilter.stderr.txt": "e3b0c44298fc1c149afbf4c8996fb92427ae41e4649b934ca495991b7852b855",
    "commands/0159-Get-NetFirewallInterfaceFilter.stdout.txt": "97a2043939145d037b22e3bf9fcff824a55569e6a8aaae77e58ff7a67c265649",
    "commands/0160-Get-NetFirewallSecurityFilter.stderr.txt": "e3b0c44298fc1c149afbf4c8996fb92427ae41e4649b934ca495991b7852b855",
    "commands/0160-Get-NetFirewallSecurityFilter.stdout.txt": "7581ab80f60227929ab51bb760a5790a40c69033ef70e6995c485fd52451ab64",
    "commands/0161-Get-NetFirewallPortFilter.stderr.txt": "e3b0c44298fc1c149afbf4c8996fb92427ae41e4649b934ca495991b7852b855",
    "commands/0161-Get-NetFirewallPortFilter.stdout.txt": "82863619966fcdd648dd78833936dd16fa4cb83f944fcd7065154d3761f27f5a",
    "commands/0162-Get-NetFirewallAddressFilter.stderr.txt": "e3b0c44298fc1c149afbf4c8996fb92427ae41e4649b934ca495991b7852b855",
    "commands/0162-Get-NetFirewallAddressFilter.stdout.txt": "9e92653f155c7a1aba0d1e027e36507050ea5f444f5b9c2eaab5ff00cbd2b627",
    "commands/0163-Get-NetFirewallApplicationFilter.stderr.txt": "e3b0c44298fc1c149afbf4c8996fb92427ae41e4649b934ca495991b7852b855",
    "commands/0163-Get-NetFirewallApplicationFilter.stdout.txt": "2668fe628558ca0fecfcbe3f6af43ea8868f1889a2c75838700ab8a018c2ea64",
    "commands/0164-Get-NetFirewallServiceFilter.stderr.txt": "e3b0c44298fc1c149afbf4c8996fb92427ae41e4649b934ca495991b7852b855",
    "commands/0164-Get-NetFirewallServiceFilter.stdout.txt": "280f9db9e21dc7da53e923b93fbca9e4735c2841f52b29e77f660efe80b8a725",
    "commands/0165-Get-NetFirewallInterfaceTypeFilter.stderr.txt": "e3b0c44298fc1c149afbf4c8996fb92427ae41e4649b934ca495991b7852b855",
    "commands/0165-Get-NetFirewallInterfaceTypeFilter.stdout.txt": "4fae967a944574a81c6008cac048671c555585e1667f98eba32f30afa76d02a1",
    "commands/0166-Get-NetFirewallInterfaceFilter.stderr.txt": "e3b0c44298fc1c149afbf4c8996fb92427ae41e4649b934ca495991b7852b855",
    "commands/0166-Get-NetFirewallInterfaceFilter.stdout.txt": "97a2043939145d037b22e3bf9fcff824a55569e6a8aaae77e58ff7a67c265649",
    "commands/0167-Get-NetFirewallSecurityFilter.stderr.txt": "e3b0c44298fc1c149afbf4c8996fb92427ae41e4649b934ca495991b7852b855",
    "commands/0167-Get-NetFirewallSecurityFilter.stdout.txt": "7581ab80f60227929ab51bb760a5790a40c69033ef70e6995c485fd52451ab64",
    "commands/0168-Get-NetFirewallPortFilter.stderr.txt": "e3b0c44298fc1c149afbf4c8996fb92427ae41e4649b934ca495991b7852b855",
    "commands/0168-Get-NetFirewallPortFilter.stdout.txt": "36c4d6042b436b82e9e21005b3781c05feff6920f5b723095e896fbd2f743e58",
    "commands/0169-Get-NetFirewallAddressFilter.stderr.txt": "e3b0c44298fc1c149afbf4c8996fb92427ae41e4649b934ca495991b7852b855",
    "commands/0169-Get-NetFirewallAddressFilter.stdout.txt": "8c1fc13052cbca1efda3f359f0b969f0b15025d7597ffdd19d2fa8911f3702be",
    "commands/0170-Get-NetFirewallApplicationFilter.stderr.txt": "e3b0c44298fc1c149afbf4c8996fb92427ae41e4649b934ca495991b7852b855",
    "commands/0170-Get-NetFirewallApplicationFilter.stdout.txt": "2668fe628558ca0fecfcbe3f6af43ea8868f1889a2c75838700ab8a018c2ea64",
    "commands/0171-Get-NetFirewallServiceFilter.stderr.txt": "e3b0c44298fc1c149afbf4c8996fb92427ae41e4649b934ca495991b7852b855",
    "commands/0171-Get-NetFirewallServiceFilter.stdout.txt": "441f2ba92ad314d666e347f58a9ecefbd5dbae553e68ee965cc94ab51733b0a6",
    "commands/0172-Get-NetFirewallInterfaceTypeFilter.stderr.txt": "e3b0c44298fc1c149afbf4c8996fb92427ae41e4649b934ca495991b7852b855",
    "commands/0172-Get-NetFirewallInterfaceTypeFilter.stdout.txt": "4fae967a944574a81c6008cac048671c555585e1667f98eba32f30afa76d02a1",
    "commands/0173-Get-NetFirewallInterfaceFilter.stderr.txt": "e3b0c44298fc1c149afbf4c8996fb92427ae41e4649b934ca495991b7852b855",
    "commands/0173-Get-NetFirewallInterfaceFilter.stdout.txt": "97a2043939145d037b22e3bf9fcff824a55569e6a8aaae77e58ff7a67c265649",
    "commands/0174-Get-NetFirewallSecurityFilter.stderr.txt": "e3b0c44298fc1c149afbf4c8996fb92427ae41e4649b934ca495991b7852b855",
    "commands/0174-Get-NetFirewallSecurityFilter.stdout.txt": "7581ab80f60227929ab51bb760a5790a40c69033ef70e6995c485fd52451ab64",
    "commands/0175-Get-NetFirewallPortFilter.stderr.txt": "e3b0c44298fc1c149afbf4c8996fb92427ae41e4649b934ca495991b7852b855",
    "commands/0175-Get-NetFirewallPortFilter.stdout.txt": "8f44d6f004b7abe190d96bd469f3a6af03d707bf1fdf43c6b85a170217528a5c",
    "commands/0176-Get-NetFirewallAddressFilter.stderr.txt": "e3b0c44298fc1c149afbf4c8996fb92427ae41e4649b934ca495991b7852b855",
    "commands/0176-Get-NetFirewallAddressFilter.stdout.txt": "9e92653f155c7a1aba0d1e027e36507050ea5f444f5b9c2eaab5ff00cbd2b627",
    "commands/0177-Get-NetFirewallApplicationFilter.stderr.txt": "e3b0c44298fc1c149afbf4c8996fb92427ae41e4649b934ca495991b7852b855",
    "commands/0177-Get-NetFirewallApplicationFilter.stdout.txt": "2668fe628558ca0fecfcbe3f6af43ea8868f1889a2c75838700ab8a018c2ea64",
    "commands/0178-Get-NetFirewallServiceFilter.stderr.txt": "e3b0c44298fc1c149afbf4c8996fb92427ae41e4649b934ca495991b7852b855",
    "commands/0178-Get-NetFirewallServiceFilter.stdout.txt": "441f2ba92ad314d666e347f58a9ecefbd5dbae553e68ee965cc94ab51733b0a6",
    "commands/0179-Get-NetFirewallInterfaceTypeFilter.stderr.txt": "e3b0c44298fc1c149afbf4c8996fb92427ae41e4649b934ca495991b7852b855",
    "commands/0179-Get-NetFirewallInterfaceTypeFilter.stdout.txt": "4fae967a944574a81c6008cac048671c555585e1667f98eba32f30afa76d02a1",
    "commands/0180-Get-NetFirewallInterfaceFilter.stderr.txt": "e3b0c44298fc1c149afbf4c8996fb92427ae41e4649b934ca495991b7852b855",
    "commands/0180-Get-NetFirewallInterfaceFilter.stdout.txt": "97a2043939145d037b22e3bf9fcff824a55569e6a8aaae77e58ff7a67c265649",
    "commands/0181-Get-NetFirewallSecurityFilter.stderr.txt": "e3b0c44298fc1c149afbf4c8996fb92427ae41e4649b934ca495991b7852b855",
    "commands/0181-Get-NetFirewallSecurityFilter.stdout.txt": "7581ab80f60227929ab51bb760a5790a40c69033ef70e6995c485fd52451ab64",
    "commands/0182-Get-NetFirewallPortFilter.stderr.txt": "e3b0c44298fc1c149afbf4c8996fb92427ae41e4649b934ca495991b7852b855",
    "commands/0182-Get-NetFirewallPortFilter.stdout.txt": "5d809a85d28a6cb450d4fe4bf77ed793636dc7f753f9461cf5250b7ac126391e",
    "commands/0183-Get-NetFirewallAddressFilter.stderr.txt": "e3b0c44298fc1c149afbf4c8996fb92427ae41e4649b934ca495991b7852b855",
    "commands/0183-Get-NetFirewallAddressFilter.stdout.txt": "9e92653f155c7a1aba0d1e027e36507050ea5f444f5b9c2eaab5ff00cbd2b627",
    "commands/0184-Get-NetFirewallApplicationFilter.stderr.txt": "e3b0c44298fc1c149afbf4c8996fb92427ae41e4649b934ca495991b7852b855",
    "commands/0184-Get-NetFirewallApplicationFilter.stdout.txt": "2668fe628558ca0fecfcbe3f6af43ea8868f1889a2c75838700ab8a018c2ea64",
    "commands/0185-Get-NetFirewallServiceFilter.stderr.txt": "e3b0c44298fc1c149afbf4c8996fb92427ae41e4649b934ca495991b7852b855",
    "commands/0185-Get-NetFirewallServiceFilter.stdout.txt": "441f2ba92ad314d666e347f58a9ecefbd5dbae553e68ee965cc94ab51733b0a6",
    "commands/0186-Get-NetFirewallInterfaceTypeFilter.stderr.txt": "e3b0c44298fc1c149afbf4c8996fb92427ae41e4649b934ca495991b7852b855",
    "commands/0186-Get-NetFirewallInterfaceTypeFilter.stdout.txt": "4fae967a944574a81c6008cac048671c555585e1667f98eba32f30afa76d02a1",
    "commands/0187-Get-NetFirewallInterfaceFilter.stderr.txt": "e3b0c44298fc1c149afbf4c8996fb92427ae41e4649b934ca495991b7852b855",
    "commands/0187-Get-NetFirewallInterfaceFilter.stdout.txt": "97a2043939145d037b22e3bf9fcff824a55569e6a8aaae77e58ff7a67c265649",
    "commands/0188-Get-NetFirewallSecurityFilter.stderr.txt": "e3b0c44298fc1c149afbf4c8996fb92427ae41e4649b934ca495991b7852b855",
    "commands/0188-Get-NetFirewallSecurityFilter.stdout.txt": "7581ab80f60227929ab51bb760a5790a40c69033ef70e6995c485fd52451ab64",
    "commands/0189-Get-NetFirewallPortFilter.stderr.txt": "e3b0c44298fc1c149afbf4c8996fb92427ae41e4649b934ca495991b7852b855",
    "commands/0189-Get-NetFirewallPortFilter.stdout.txt": "aae89c298054b14f67db70e6096c379fd6fdcb7c1a83e558695fedb6fd6d3234",
    "commands/0190-Get-NetFirewallAddressFilter.stderr.txt": "e3b0c44298fc1c149afbf4c8996fb92427ae41e4649b934ca495991b7852b855",
    "commands/0190-Get-NetFirewallAddressFilter.stdout.txt": "9e92653f155c7a1aba0d1e027e36507050ea5f444f5b9c2eaab5ff00cbd2b627",
    "commands/0191-Get-NetFirewallApplicationFilter.stderr.txt": "e3b0c44298fc1c149afbf4c8996fb92427ae41e4649b934ca495991b7852b855",
    "commands/0191-Get-NetFirewallApplicationFilter.stdout.txt": "2668fe628558ca0fecfcbe3f6af43ea8868f1889a2c75838700ab8a018c2ea64",
    "commands/0192-Get-NetFirewallServiceFilter.stderr.txt": "e3b0c44298fc1c149afbf4c8996fb92427ae41e4649b934ca495991b7852b855",
    "commands/0192-Get-NetFirewallServiceFilter.stdout.txt": "441f2ba92ad314d666e347f58a9ecefbd5dbae553e68ee965cc94ab51733b0a6",
    "commands/0193-Get-NetFirewallInterfaceTypeFilter.stderr.txt": "e3b0c44298fc1c149afbf4c8996fb92427ae41e4649b934ca495991b7852b855",
    "commands/0193-Get-NetFirewallInterfaceTypeFilter.stdout.txt": "1da40160855d642af52de7b6a150c284240cc1a6a7df565aac4e4cfa59bed0cc",
    "commands/0194-Get-NetFirewallInterfaceFilter.stderr.txt": "e3b0c44298fc1c149afbf4c8996fb92427ae41e4649b934ca495991b7852b855",
    "commands/0194-Get-NetFirewallInterfaceFilter.stdout.txt": "97a2043939145d037b22e3bf9fcff824a55569e6a8aaae77e58ff7a67c265649",
    "commands/0195-Get-NetFirewallSecurityFilter.stderr.txt": "e3b0c44298fc1c149afbf4c8996fb92427ae41e4649b934ca495991b7852b855",
    "commands/0195-Get-NetFirewallSecurityFilter.stdout.txt": "7581ab80f60227929ab51bb760a5790a40c69033ef70e6995c485fd52451ab64",
    "commands/0196-Get-NetFirewallPortFilter.stderr.txt": "e3b0c44298fc1c149afbf4c8996fb92427ae41e4649b934ca495991b7852b855",
    "commands/0196-Get-NetFirewallPortFilter.stdout.txt": "e05471e947eee9d9db8add6d7c87f5c376d1e33658d5bf9ecd4db4731ae9bb68",
    "commands/0197-Get-NetFirewallAddressFilter.stderr.txt": "e3b0c44298fc1c149afbf4c8996fb92427ae41e4649b934ca495991b7852b855",
    "commands/0197-Get-NetFirewallAddressFilter.stdout.txt": "9e92653f155c7a1aba0d1e027e36507050ea5f444f5b9c2eaab5ff00cbd2b627",
    "commands/0198-Get-NetFirewallApplicationFilter.stderr.txt": "e3b0c44298fc1c149afbf4c8996fb92427ae41e4649b934ca495991b7852b855",
    "commands/0198-Get-NetFirewallApplicationFilter.stdout.txt": "2668fe628558ca0fecfcbe3f6af43ea8868f1889a2c75838700ab8a018c2ea64",
    "commands/0199-Get-NetFirewallServiceFilter.stderr.txt": "e3b0c44298fc1c149afbf4c8996fb92427ae41e4649b934ca495991b7852b855",
    "commands/0199-Get-NetFirewallServiceFilter.stdout.txt": "441f2ba92ad314d666e347f58a9ecefbd5dbae553e68ee965cc94ab51733b0a6",
    "commands/0200-Get-NetFirewallInterfaceTypeFilter.stderr.txt": "e3b0c44298fc1c149afbf4c8996fb92427ae41e4649b934ca495991b7852b855",
    "commands/0200-Get-NetFirewallInterfaceTypeFilter.stdout.txt": "4fae967a944574a81c6008cac048671c555585e1667f98eba32f30afa76d02a1",
    "commands/0201-Get-NetFirewallInterfaceFilter.stderr.txt": "e3b0c44298fc1c149afbf4c8996fb92427ae41e4649b934ca495991b7852b855",
    "commands/0201-Get-NetFirewallInterfaceFilter.stdout.txt": "97a2043939145d037b22e3bf9fcff824a55569e6a8aaae77e58ff7a67c265649",
    "commands/0202-Get-NetFirewallSecurityFilter.stderr.txt": "e3b0c44298fc1c149afbf4c8996fb92427ae41e4649b934ca495991b7852b855",
    "commands/0202-Get-NetFirewallSecurityFilter.stdout.txt": "7581ab80f60227929ab51bb760a5790a40c69033ef70e6995c485fd52451ab64",
    "commands/0203-Get-NetFirewallPortFilter.stderr.txt": "e3b0c44298fc1c149afbf4c8996fb92427ae41e4649b934ca495991b7852b855",
    "commands/0203-Get-NetFirewallPortFilter.stdout.txt": "4719dbff459ac08adeb299f39bad74c05c72d4b75b1a4f5c807caecdbc3a3dd8",
    "commands/0204-Get-NetFirewallAddressFilter.stderr.txt": "e3b0c44298fc1c149afbf4c8996fb92427ae41e4649b934ca495991b7852b855",
    "commands/0204-Get-NetFirewallAddressFilter.stdout.txt": "9e92653f155c7a1aba0d1e027e36507050ea5f444f5b9c2eaab5ff00cbd2b627",
    "commands/0205-Get-NetFirewallApplicationFilter.stderr.txt": "e3b0c44298fc1c149afbf4c8996fb92427ae41e4649b934ca495991b7852b855",
    "commands/0205-Get-NetFirewallApplicationFilter.stdout.txt": "2668fe628558ca0fecfcbe3f6af43ea8868f1889a2c75838700ab8a018c2ea64",
    "commands/0206-Get-NetFirewallServiceFilter.stderr.txt": "e3b0c44298fc1c149afbf4c8996fb92427ae41e4649b934ca495991b7852b855",
    "commands/0206-Get-NetFirewallServiceFilter.stdout.txt": "441f2ba92ad314d666e347f58a9ecefbd5dbae553e68ee965cc94ab51733b0a6",
    "commands/0207-Get-NetFirewallInterfaceTypeFilter.stderr.txt": "e3b0c44298fc1c149afbf4c8996fb92427ae41e4649b934ca495991b7852b855",
    "commands/0207-Get-NetFirewallInterfaceTypeFilter.stdout.txt": "4fae967a944574a81c6008cac048671c555585e1667f98eba32f30afa76d02a1",
    "commands/0208-Get-NetFirewallInterfaceFilter.stderr.txt": "e3b0c44298fc1c149afbf4c8996fb92427ae41e4649b934ca495991b7852b855",
    "commands/0208-Get-NetFirewallInterfaceFilter.stdout.txt": "97a2043939145d037b22e3bf9fcff824a55569e6a8aaae77e58ff7a67c265649",
    "commands/0209-Get-NetFirewallSecurityFilter.stderr.txt": "e3b0c44298fc1c149afbf4c8996fb92427ae41e4649b934ca495991b7852b855",
    "commands/0209-Get-NetFirewallSecurityFilter.stdout.txt": "0860acd536c3e5937f88613a2a29481e4bdce962a9f7feb12033591b7c142aa8",
    "commands/0210-Get-NetFirewallProfile.stderr.txt": "e3b0c44298fc1c149afbf4c8996fb92427ae41e4649b934ca495991b7852b855",
    "commands/0210-Get-NetFirewallProfile.stdout.txt": "f13dfc10b1016cc048f3ee07c94ff24434907f74feaee40e2ac46617145c5998",
    "commands/0211-Get-GPO.stderr.txt": "e3b0c44298fc1c149afbf4c8996fb92427ae41e4649b934ca495991b7852b855",
    "commands/0211-Get-GPO.stdout.txt": "260248d1e352026f2c2ec1cfb5dd8479591b9a5bf20a846a5a98850fba0dab7c",
    "commands/0212-Get-ADObject.stderr.txt": "e3b0c44298fc1c149afbf4c8996fb92427ae41e4649b934ca495991b7852b855",
    "commands/0212-Get-ADObject.stdout.txt": "fd57f57a88c7b55c48d2a0f60605d12bfd8c5d170a19ab0179732f1c86998e3e",
    "commands/0213-Read-RegistryPol.stderr.txt": "e3b0c44298fc1c149afbf4c8996fb92427ae41e4649b934ca495991b7852b855",
    "commands/0213-Read-RegistryPol.stdout.txt": "fc2e04c05d69ddbd10ee76662b784928783ce5745f72616724fea44bb79d45c7",
    "commands/0214-Get-GPOReport.stderr.txt": "e3b0c44298fc1c149afbf4c8996fb92427ae41e4649b934ca495991b7852b855",
    "commands/0214-Get-GPOReport.stdout.txt": "f01a374e9c81e3db89b3a42940c4d6a5447684986a1296e42bf13f196eed6295",
    "commands/0215-Get-GPO.stderr.txt": "e3b0c44298fc1c149afbf4c8996fb92427ae41e4649b934ca495991b7852b855",
    "commands/0215-Get-GPO.stdout.txt": "6b5496b2f34da9b50a7f6e2f001f7d86a79f6b95e5ed603d643ab08d91616540",
    "commands/0216-Remove-GPO.stderr.txt": "e3b0c44298fc1c149afbf4c8996fb92427ae41e4649b934ca495991b7852b855",
    "commands/0216-Remove-GPO.stdout.txt": "f01a374e9c81e3db89b3a42940c4d6a5447684986a1296e42bf13f196eed6295",
    "commands/0217-Get-GPO.stderr.txt": "e3b0c44298fc1c149afbf4c8996fb92427ae41e4649b934ca495991b7852b855",
    "commands/0217-Get-GPO.stdout.txt": "0208e48944d65acc1a19086f1812d184099c8b099fa8493cd56c583ace0b8dce",
    "commands/0218-Remove-GPO.stderr.txt": "e3b0c44298fc1c149afbf4c8996fb92427ae41e4649b934ca495991b7852b855",
    "commands/0218-Remove-GPO.stdout.txt": "f01a374e9c81e3db89b3a42940c4d6a5447684986a1296e42bf13f196eed6295",
    "commands/0219-Get-GPO.stderr.txt": "e3b0c44298fc1c149afbf4c8996fb92427ae41e4649b934ca495991b7852b855",
    "commands/0219-Get-GPO.stdout.txt": "f01a374e9c81e3db89b3a42940c4d6a5447684986a1296e42bf13f196eed6295",
    "commands/0220-Get-NetFirewallRule.stderr.txt": "e3b0c44298fc1c149afbf4c8996fb92427ae41e4649b934ca495991b7852b855",
    "commands/0220-Get-NetFirewallRule.stdout.txt": "f01a374e9c81e3db89b3a42940c4d6a5447684986a1296e42bf13f196eed6295",
    "deployed/cleanup-firewall-policy.ps1": "ec1c07e1987d8645fe1c8c120dce95c6e7f4bdf228a5b800733d425fb9a4aba9",
    "deployed/run-firewall-policy.ps1": "5270b5fbff52b3c7377da34dfa274f970a8bbf34d511942cb92c18b1336a8a8d",
    "input/manifest.xml": "46194fc2b6cde5a7947f1175b32dc5f343fe86d3f6e578b4ef7230c11b2c12d8",
    "input/{CB31B508-35EE-54E1-9DAD-FB54DB071B99}/Backup.xml": "d6daf632d1dbf4d9a12766e022fcf00ce3a17df7227f10b07fede835f56d7900",
    "input/{CB31B508-35EE-54E1-9DAD-FB54DB071B99}/DomainSysvol/GPO/Machine/registry.pol": "25ad9748d1872472abcc7b8992016989c011e9b60fda3fc5dfc53e8b179de081",
    "input/{CB31B508-35EE-54E1-9DAD-FB54DB071B99}/bkupInfo.xml": "8d871303d84f6bbccaae47677abd7cdf94ab681b2f408e01120de66af47064e5",
    "intended-gpos.json": "4ced6ef2790753ec7a025a20783e9e6ee0580be703fa27a2b2ec6f236590be72",
    "read-report.xml": "1bda110220142fede35cd2ece683bfd0f63d7705cb2f7c6ca145ad8e58c78b90",
    "result.json": "7b253d80c1aae634fcefbf15279f25d2f41646f01229156704d7cec97dcfa42e",
    "write-report.xml": "949619d206cf1787c53218e135a710932159ed0f31ec46d4ff680f1fe40f3da5"
  },
  "candidate": {
    "authoring.json": "065e1df73cc8e4268b1d874df4b32a1033c572e5a9d7a33348b5bf00b9337a9f",
    "builder.stdout.txt": "9a0e91aa9e14b62f26a9a3078a37a46510918997346f68a3f9246de39bc78f3d",
    "expected.json": "dac5b1b33a0167b00f9724cf4b9398fbb485604cf790c92ac6333fd6263f02ea",
    "studio-firewall-backup.zip": "3f146885bb8e362e4d178582cc5710cd8067980cb9413a5411c75e2edf651e0f"
  },
  "checks": {
    "authoring_succeeded": true,
    "builder_stdout_present": true,
    "candidate_delivered_intact": true,
    "cleanup_verified": true,
    "deployed_harness_matches_source": true,
    "environment_matches_frozen_spec": true,
    "gpos_never_linked": true,
    "harness_reported_no_error": true,
    "import_succeeded": true,
    "member_server_host_role": true,
    "operations_match_scoped_contract": true,
    "persistent_store_untouched": true,
    "read_cmdlet_readback_matches_expected": true,
    "read_normalization_authenticated-bypass-action": true,
    "read_normalization_icmpv4-port-filter-rpc": true,
    "read_normalization_ipv4-subnet-mask-form": true,
    "read_normalization_local-subnet-family-expansion": true,
    "read_normalization_rpc-endpoint-map-spelling": true,
    "read_normalization_wired-interface-spelling": true,
    "read_parsed_policy_equals_authored_policy": true,
    "read_registry_records_equal_codec_emission": true,
    "result_schema_exact": true,
    "source_tree_clean": true,
    "windows_registry_pol_parses_with_zero_unrecognised": true,
    "write_cmdlet_readback_matches_expected": true,
    "write_every_rule_id_present": true,
    "write_no_extra_rules": true,
    "write_normalization_authenticated-bypass-action": true,
    "write_normalization_icmpv4-port-filter-rpc": true,
    "write_normalization_ipv4-subnet-mask-form": true,
    "write_normalization_local-subnet-family-expansion": true,
    "write_normalization_rpc-endpoint-map-spelling": true,
    "write_normalization_wired-interface-spelling": true,
    "write_parsed_policy_equals_expected_policy": true,
    "write_registry_pol_equals_candidate_bytes": true,
    "write_registry_pol_parses_with_zero_unrecognised": true
  },
  "comparison": {
    "environment_violations": [],
    "errors": {},
    "extension_observations": {
      "read": {
        "gPCMachineExtensionNames": "[{35378EAC-683F-11D2-A89A-00C04FBBCFA2}{B05566AC-FE9C-4368-BE01-7A4CBB6CBA11}]",
        "gpmc_firewall_extension_rendered": true
      },
      "write": {
        "gPCMachineExtensionNames": "[{35378EAC-683F-11D2-A89A-00C04FBBCFA2}{B05566AC-FE9C-4368-BE01-7A4CBB6CBA11}]",
        "gpmc_firewall_extension_rendered": true
      }
    },
    "write_registry_bytes": {
      "candidate_length": 7560,
      "candidate_sha256": "25ad9748d1872472abcc7b8992016989c011e9b60fda3fc5dfc53e8b179de081",
      "equal": true,
      "windows_length": 7560,
      "windows_sha256": "25ad9748d1872472abcc7b8992016989c011e9b60fda3fc5dfc53e8b179de081"
    }
  },
  "environment": {
    "computer_system_domain": "ad.labdomain.dev",
    "computer_system_domain_role": 3,
    "computer_system_name": "LABMS01",
    "gpmc_version": "built-in",
    "group_policy_module_version": "1.0.0.0",
    "locale": "en-US",
    "powershell_edition": "Desktop",
    "powershell_version": "5.1.26100.33438",
    "server_build": "26100",
    "server_caption": "Microsoft Windows Server 2025 Standard"
  },
  "environment_violations": [],
  "harness_error": null,
  "passed": true,
  "run_id": "firewall-20261009080610-2829523",
  "schema_version": 2,
  "source": {
    "banked_copies": [
      "cleanup-firewall-policy.ps1",
      "run-firewall-policy.ps1"
    ],
    "commit": "99405618105edaa4b408be92047f83b6a24dd217",
    "dirty": false,
    "files": {
      "build-firewall-candidate.py": "11f87d923a91a80a8bd5f6841823f8a1a1056e5965cee0821d41cb5ddccecd03",
      "canonical.py": "105426905fd7db12634424208184ab2ec35d07b4c6236807714c7d62ce125866",
      "cleanup-firewall-policy.ps1": "ec1c07e1987d8645fe1c8c120dce95c6e7f4bdf228a5b800733d425fb9a4aba9",
      "deterministic_zip.py": "334eee3fabceacb0a96189ea9d6734122328b2d2d06ecc3d8b9150874a90094c",
      "export.py": "dfaebb0881402dedf72dd94226af7a2e13bc7bf49c79ad8f4eaac2e0d6c2a25e",
      "finalize_firewall_run.py": "b765b9131162a9edfd27532347bb36f0f7996e7149a6d68cd81dff65788eabc6",
      "firewall_policy.py": "f34e0b2c78062a314ae6f6c705523a4d610f5dc68e1f810e746d292d0216f216",
      "gpp.py": "db1473094d06cf11ba074877f23196fe78c46bc8135f5d06b79b1f7d923a44b4",
      "model.py": "a02e3958cd7d18f3e3d90f9b8da84668f73332f7a74cd8bbf87f8b09574f75ab",
      "oracle_evidence.py": "87d413de0d4017b230eea2767f9d62fe7ffb26fca155d90a00d38b5697bad40c",
      "psdirect.ps1": "d2fb2ffd09869f1214ca916bdc3ea5c31c149b4d98ebcc322d1af7c29410aeb3",
      "publication.py": "83f017ee848285f4cc69319690e7b5886c6d7b509c002ecf8abfdd8aa60f72d5",
      "registry_pol.py": "893014badac42eb3c98c5c951564a5969d886018e81b7431138e50e1486ecc3a",
      "run-firewall-oracle.sh": "7e50c27c26f856f65d85a5394d5cd37652b1092570f3fe42ee2586fc7e1a4ec2",
      "run-firewall-policy.ps1": "5270b5fbff52b3c7377da34dfa274f970a8bbf34d511942cb92c18b1336a8a8d",
      "validation.py": "18148137d32222884e7cb03cea8dbb259b2b2d40d273ce3475f14f9adb1ac032",
      "xml_safety.py": "c0d196739b4accd494049b9d9959a78078e4934258734c00c0cd3e38df030a11"
    },
    "paths": {
      "build-firewall-candidate.py": "scripts/plan-033/build-firewall-candidate.py",
      "canonical.py": "src/gpo_studio/canonical.py",
      "cleanup-firewall-policy.ps1": "scripts/windows-oracle/cleanup-firewall-policy.ps1",
      "deterministic_zip.py": "src/gpo_studio/deterministic_zip.py",
      "export.py": "src/gpo_studio/export.py",
      "finalize_firewall_run.py": "scripts/windows-oracle/finalize_firewall_run.py",
      "firewall_policy.py": "src/gpo_studio/firewall_policy.py",
      "gpp.py": "src/gpo_studio/gpp.py",
      "model.py": "src/gpo_studio/model.py",
      "oracle_evidence.py": "src/gpo_studio/oracle_evidence.py",
      "psdirect.ps1": "scripts/windows-oracle/psdirect.ps1",
      "publication.py": "src/gpo_studio/publication.py",
      "registry_pol.py": "src/gpo_studio/registry_pol.py",
      "run-firewall-oracle.sh": "scripts/windows-oracle/run-firewall-oracle.sh",
      "run-firewall-policy.ps1": "scripts/windows-oracle/run-firewall-policy.ps1",
      "validation.py": "src/gpo_studio/validation.py",
      "xml_safety.py": "src/gpo_studio/xml_safety.py"
    }
  },
  "transport": "psdirect"
}
EVIDENCE_TAG=created evidence/firewall-20261009080610-2829523 at 99405618105e — push it: git push origin evidence/firewall-20261009080610-2829523
