REAPED_ORPHANS=0 
What if: Import the GPO backup named "{043ea4bf-4dc1-5374-8557-b85e805b5ce0}" at "C:\gpo-studio\runs\20261009001255-2601335\out\wp2-native-import-20261009001318-2870\input" to the GPO named "WP2-NativeImport-20261009-001319-6281" in the AD.LABDOMAIN.DEV domain. (Import-GPO)
LOCAL_RUN_DIR=/tmp/opencode/wp2-oracle-run-20261009001255-2601335
CANDIDATE_DIR=/tmp/opencode/wp2-candidate-20261009001255-2601335
{
  "artifacts": {
    "candidate.zip": "410626b54f0091b79f42ece01a8aa8890f1b2c1b3718aa99f626750b855ac25c",
    "commands/backup-gpo.stdout.txt": "5cbcb65b0e6b79c119bf24fbde39403af267139fe3c0f0b587f9c8e4f4903204",
    "commands/get-gpo.stdout.txt": "0889b6d37d13e8322c7b8f0ed5acab9a8d626d315d2d3c33d296b850bb4c5113",
    "commands/import-actual.stderr.txt": "e3b0c44298fc1c149afbf4c8996fb92427ae41e4649b934ca495991b7852b855",
    "commands/import-actual.stdout.txt": "e41d6f9662ff1c126dc09b4db97c65ea9ee32b54c5fcd623c10742a3bb2e9703",
    "commands/import-whatif.stderr.txt": "e3b0c44298fc1c149afbf4c8996fb92427ae41e4649b934ca495991b7852b855",
    "commands/import-whatif.stdout.txt": "e3b0c44298fc1c149afbf4c8996fb92427ae41e4649b934ca495991b7852b855",
    "deployed/run-wp2-import.ps1": "aa200b2386de9c9b99a53565f0e076d0fc3c8d520403564721345cd14ffcefce",
    "expected.json": "1fa355796f76ed31b8179d90fb6ac983f442b1ab666fb01b3e7b4447602448af",
    "gpreport-after-import.xml": "e02debadcc06b085c732d8254ebebf352a699d3fce8ea9f580dd9ddbaae59813",
    "input/manifest.xml": "cacb5ac8fb3fe6f69880b0f21aa97cd5757c0ef7ef6a8f051ea4af4abfbd1b13",
    "input/{043EA4BF-4DC1-5374-8557-B85E805B5CE0}/Backup.xml": "5f05ac0cc371c09dd4f5be94f1214395f2b83aaa83d76bb0bd7361b4e9b53dce",
    "input/{043EA4BF-4DC1-5374-8557-B85E805B5CE0}/DomainSysvol/GPO/Machine/registry.pol": "f8dea3be075fc11c60877dd29c1a8ddd58506829aa8baa6c8f4de16a7950ce37",
    "input/{043EA4BF-4DC1-5374-8557-B85E805B5CE0}/DomainSysvol/GPO/User/registry.pol": "6ab052452b6453f4b2153cc7486d2cd025c8ef802e311a5f4fdccf4644bed23e",
    "input/{043EA4BF-4DC1-5374-8557-B85E805B5CE0}/bkupInfo.xml": "8a7ba5bba3e5dd92b54a824f62fc44c4133db5644d95372ecc10db0f6694eec1",
    "rebackup/manifest.xml": "27d2dc3abf1a472518fa751b9923ba2094c3de1f8048f8cc116851ddd9e1c998",
    "rebackup/{77CB4E0D-E448-469D-B31E-B46AE145FAA8}/Backup.xml": "986f795d8e180b871f094243c97df5fb89af81f1dd3ff0a14f9e6cfee5245938",
    "rebackup/{77CB4E0D-E448-469D-B31E-B46AE145FAA8}/DomainSysvol/GPO/Machine/registry.pol": "f8dea3be075fc11c60877dd29c1a8ddd58506829aa8baa6c8f4de16a7950ce37",
    "rebackup/{77CB4E0D-E448-469D-B31E-B46AE145FAA8}/DomainSysvol/GPO/User/registry.pol": "6ab052452b6453f4b2153cc7486d2cd025c8ef802e311a5f4fdccf4644bed23e",
    "rebackup/{77CB4E0D-E448-469D-B31E-B46AE145FAA8}/bkupInfo.xml": "bfd4a5cfa41dae3dd1c26c2584777ddddac943ef65383c3ef4c323df7423e0d3",
    "rebackup/{77CB4E0D-E448-469D-B31E-B46AE145FAA8}/gpreport.xml": "e6af706919176250be9edaa5b303ca44546243943deeccb2e574e3e3d29b4e51",
    "result.json": "d6d9753801747dc2d524269cbf66e1e9ac17a92a5fbdbbf79e6709b74850b41b"
  },
  "candidate_delivery": {
    "candidate.zip": {
      "controller_sha256": "410626b54f0091b79f42ece01a8aa8890f1b2c1b3718aa99f626750b855ac25c",
      "guest_copy_matches": true
    },
    "expected.json": {
      "controller_sha256": "1fa355796f76ed31b8179d90fb6ac983f442b1ab666fb01b3e7b4447602448af",
      "guest_copy_matches": true
    }
  },
  "checks": {
    "actual_import_succeeded": true,
    "backup_id_distinct": true,
    "backup_id_matches": true,
    "candidate_delivered_intact": true,
    "cleanup_state_restored": true,
    "cleanup_succeeded": true,
    "computer_versions_synchronized": true,
    "environment_matches_frozen_spec": true,
    "group_policy_readback_matches": true,
    "harness_matches_source": true,
    "rebackup_has_one_gpo": true,
    "rebackup_machine_version_matches": true,
    "rebackup_user_version_matches": true,
    "source_tree_clean": true,
    "user_versions_synchronized": true,
    "whatif_succeeded": true,
    "whatif_target_absent": true,
    "windows_rebackup_matches": true
  },
  "environment": {
    "gpmc_version": "built-in",
    "group_policy_module_version": "1.0.0.0",
    "locale": "en-US",
    "powershell_edition": "Desktop",
    "powershell_version": "5.1.26100.33438",
    "server_build": "26100",
    "server_caption": "Microsoft Windows Server 2025 Standard"
  },
  "environment_violations": [],
  "passed": true,
  "rebackup_error": null,
  "run_id": "wp2-native-import-20261009001318-2870",
  "schema_version": 2,
  "source": {
    "banked_copies": [
      "run-wp2-import.ps1"
    ],
    "commit": "de9736ed3a4148b91cf2267fbe4640e260cc232f",
    "dirty": false,
    "files": {
      "build-wp2-candidate.py": "e07136eac9a60b011c6f13d571c2967d938d81dccef74e3ea1ebac7018619db1",
      "deterministic_zip.py": "334eee3fabceacb0a96189ea9d6734122328b2d2d06ecc3d8b9150874a90094c",
      "export.py": "dfaebb0881402dedf72dd94226af7a2e13bc7bf49c79ad8f4eaac2e0d6c2a25e",
      "finalize_wp2_import_run.py": "8fd4edb52a213f7c96abfdaa99c7d3446327269bac1d91b284fb1ef32beee6f9",
      "oracle_evidence.py": "87d413de0d4017b230eea2767f9d62fe7ffb26fca155d90a00d38b5697bad40c",
      "psdirect.ps1": "d2fb2ffd09869f1214ca916bdc3ea5c31c149b4d98ebcc322d1af7c29410aeb3",
      "run-wp2-import.ps1": "aa200b2386de9c9b99a53565f0e076d0fc3c8d520403564721345cd14ffcefce",
      "run-wp2-oracle.sh": "f4391890e43c27d3633727fd76f89f470689a5a816ea059960a9be169ab15359"
    },
    "paths": {
      "build-wp2-candidate.py": "scripts/plan-033/build-wp2-candidate.py",
      "deterministic_zip.py": "src/gpo_studio/deterministic_zip.py",
      "export.py": "src/gpo_studio/export.py",
      "finalize_wp2_import_run.py": "scripts/windows-oracle/finalize_wp2_import_run.py",
      "oracle_evidence.py": "src/gpo_studio/oracle_evidence.py",
      "psdirect.ps1": "scripts/windows-oracle/psdirect.ps1",
      "run-wp2-import.ps1": "scripts/windows-oracle/run-wp2-import.ps1",
      "run-wp2-oracle.sh": "scripts/windows-oracle/run-wp2-oracle.sh"
    }
  },
  "transport": "psdirect"
}
EVIDENCE_TAG=created evidence/wp2-native-import-20261009001318-2870 at de9736ed3a41 — push it: git push origin evidence/wp2-native-import-20261009001318-2870
