report-parity-cases.zip sha256=b68be0e0af9d39d328b1756e64a0bd46a73efc3cc097febe3dc6a5ffc57ded6c
expected.json sha256=02439ddd534c10787c14c774099e01d1df60206b900eb9e9fb05b8a7fa8a0fec
cases=30 excluded=0
  native-WI01A-DriveMaps-GPMC: known=[] transformations=['restore-importable-security-descriptor']
  native-WI01A-EnvVars-GPMC: known=[] transformations=['restore-importable-security-descriptor']
  native-WI01A-Files-GPMC: known=[] transformations=['restore-importable-security-descriptor']
  native-WI01A-Folders-GPMC: known=[] transformations=['restore-importable-security-descriptor']
  native-WI01A-IniFiles-GPMC: known=[] transformations=['restore-importable-security-descriptor']
  native-WI01A-LocalGroups-GPMC: known=[] transformations=['restore-importable-security-descriptor']
  native-WI01A-MixedCSE-GPMC: known=[] transformations=['restore-importable-security-descriptor']
  native-WI01A-NestedILT-GPMC: known=[] transformations=['restore-importable-security-descriptor']
  native-WI01A-OS-ILT: known=[] transformations=['restore-importable-security-descriptor']
  native-WI01A-Power-GPMC: known=[] transformations=['restore-importable-security-descriptor']
  native-WI01A-Printers-GPMC: known=[] transformations=['restore-importable-security-descriptor']
  native-WI01A-SchedTasks-GPMC: known=[] transformations=['restore-importable-security-descriptor']
  native-WI01A-SchedTasksFull-GPMC: known=[] transformations=['restore-importable-security-descriptor']
  native-WI01A-Services-GPMC: known=[] transformations=['restore-importable-security-descriptor']
  native-WI01A-ServicesRecovery-GPMC: known=[] transformations=['restore-importable-security-descriptor']
  native-WI01A-Shortcuts-GPMC: known=[] transformations=['restore-importable-security-descriptor']
  native-WI01A-Registry-GPMC: known=[] transformations=['restore-importable-security-descriptor']
  native-WI01A-RegistryMatrix-GPMC: known=[] transformations=['restore-importable-security-descriptor']
  native-WI01A-RegistryShapes-GPMC: known=[] transformations=['restore-importable-security-descriptor']
  evidence-wi059-20260908-wp0-backup: known=[] transformations=[]
  evidence-wi059-20260908-scripts-metadata-rebackup: known=['scripts-not-modeled'] transformations=[]
  evidence-wi059-20260908-wp1b-drives-user-rebackup: known=['legacy-studio-drive-name'] transformations=[]
  evidence-wi059-20260908-wp1b-groups-machine-rebackup: known=[] transformations=[]
  evidence-wi059-20260908-wp1b-localusers-machine-rebackup: known=[] transformations=[]
  evidence-wi059-20260908-wp1b-mixed-all-rebackup: known=['legacy-studio-drive-name'] transformations=[]
  evidence-wi059-20260908-wp1b-registry-both-rebackup: known=[] transformations=[]
  evidence-wi059-20260908-wp1b-scheduledtasks-machine-rebackup: known=[] transformations=[]
  evidence-wi059-20260908-wp1b-services-machine-rebackup: known=[] transformations=[]
  evidence-wi059-20260908-wp2-rebackup: known=[] transformations=[]
  evidence-backup-report-20260908-scripts-metadata-rebackup: known=['scripts-not-modeled'] transformations=[]
find-owned: Get-GPO -Guid a6601f33-d8a5-4cdf-abdc-61de4e47d9e7 failed; the name query decides: A GPO with ID {a6601f33-d8a5-4cdf-abdc-61de4e47d9e7} was not found in the AD.LABDOMAIN.DEV domain.
Parameter name: gpoId
find-owned: Get-GPO -Guid a6601f33-d8a5-4cdf-abdc-61de4e47d9e7 failed; the name query decides: A GPO with ID {a6601f33-d8a5-4cdf-abdc-61de4e47d9e7} was not found in the AD.LABDOMAIN.DEV domain.
Parameter name: gpoId
find-owned: Get-GPO -Guid 2b1b228b-2ffe-4cef-a249-f6af1c9fe7fa failed; the name query decides: A GPO with ID {2b1b228b-2ffe-4cef-a249-f6af1c9fe7fa} was not found in the AD.LABDOMAIN.DEV domain.
Parameter name: gpoId
find-owned: Get-GPO -Guid 2b1b228b-2ffe-4cef-a249-f6af1c9fe7fa failed; the name query decides: A GPO with ID {2b1b228b-2ffe-4cef-a249-f6af1c9fe7fa} was not found in the AD.LABDOMAIN.DEV domain.
Parameter name: gpoId
find-owned: Get-GPO -Guid 2eb98303-79df-4872-a339-7ab83446273b failed; the name query decides: A GPO with ID {2eb98303-79df-4872-a339-7ab83446273b} was not found in the AD.LABDOMAIN.DEV domain.
Parameter name: gpoId
find-owned: Get-GPO -Guid 2eb98303-79df-4872-a339-7ab83446273b failed; the name query decides: A GPO with ID {2eb98303-79df-4872-a339-7ab83446273b} was not found in the AD.LABDOMAIN.DEV domain.
Parameter name: gpoId
find-owned: Get-GPO -Guid 5c8b1d0f-a09d-4bbb-9fc9-08b893de1fff failed; the name query decides: A GPO with ID {5c8b1d0f-a09d-4bbb-9fc9-08b893de1fff} was not found in the AD.LABDOMAIN.DEV domain.
Parameter name: gpoId
find-owned: Get-GPO -Guid 5c8b1d0f-a09d-4bbb-9fc9-08b893de1fff failed; the name query decides: A GPO with ID {5c8b1d0f-a09d-4bbb-9fc9-08b893de1fff} was not found in the AD.LABDOMAIN.DEV domain.
Parameter name: gpoId
find-owned: Get-GPO -Guid 8588ebae-1df5-4782-a816-2e6da8a9d3b9 failed; the name query decides: A GPO with ID {8588ebae-1df5-4782-a816-2e6da8a9d3b9} was not found in the AD.LABDOMAIN.DEV domain.
Parameter name: gpoId
find-owned: Get-GPO -Guid 8588ebae-1df5-4782-a816-2e6da8a9d3b9 failed; the name query decides: A GPO with ID {8588ebae-1df5-4782-a816-2e6da8a9d3b9} was not found in the AD.LABDOMAIN.DEV domain.
Parameter name: gpoId
find-owned: Get-GPO -Guid 8491b045-e851-4ea1-9dce-934597af0666 failed; the name query decides: A GPO with ID {8491b045-e851-4ea1-9dce-934597af0666} was not found in the AD.LABDOMAIN.DEV domain.
Parameter name: gpoId
find-owned: Get-GPO -Guid 8491b045-e851-4ea1-9dce-934597af0666 failed; the name query decides: A GPO with ID {8491b045-e851-4ea1-9dce-934597af0666} was not found in the AD.LABDOMAIN.DEV domain.
Parameter name: gpoId
find-owned: Get-GPO -Guid 3bad0aab-1e4c-46a4-8eda-a0eb87e5f52e failed; the name query decides: A GPO with ID {3bad0aab-1e4c-46a4-8eda-a0eb87e5f52e} was not found in the AD.LABDOMAIN.DEV domain.
Parameter name: gpoId
find-owned: Get-GPO -Guid 3bad0aab-1e4c-46a4-8eda-a0eb87e5f52e failed; the name query decides: A GPO with ID {3bad0aab-1e4c-46a4-8eda-a0eb87e5f52e} was not found in the AD.LABDOMAIN.DEV domain.
Parameter name: gpoId
find-owned: Get-GPO -Guid f6e15365-0bf8-4178-ba41-a18f8e27daad failed; the name query decides: A GPO with ID {f6e15365-0bf8-4178-ba41-a18f8e27daad} was not found in the AD.LABDOMAIN.DEV domain.
Parameter name: gpoId
find-owned: Get-GPO -Guid f6e15365-0bf8-4178-ba41-a18f8e27daad failed; the name query decides: A GPO with ID {f6e15365-0bf8-4178-ba41-a18f8e27daad} was not found in the AD.LABDOMAIN.DEV domain.
Parameter name: gpoId
find-owned: Get-GPO -Guid ec714d6e-8374-424e-a3da-31586bfe62dc failed; the name query decides: A GPO with ID {ec714d6e-8374-424e-a3da-31586bfe62dc} was not found in the AD.LABDOMAIN.DEV domain.
Parameter name: gpoId
find-owned: Get-GPO -Guid ec714d6e-8374-424e-a3da-31586bfe62dc failed; the name query decides: A GPO with ID {ec714d6e-8374-424e-a3da-31586bfe62dc} was not found in the AD.LABDOMAIN.DEV domain.
Parameter name: gpoId
find-owned: Get-GPO -Guid 8b96a106-bd61-4c95-979b-7aa3b090919e failed; the name query decides: A GPO with ID {8b96a106-bd61-4c95-979b-7aa3b090919e} was not found in the AD.LABDOMAIN.DEV domain.
Parameter name: gpoId
find-owned: Get-GPO -Guid 8b96a106-bd61-4c95-979b-7aa3b090919e failed; the name query decides: A GPO with ID {8b96a106-bd61-4c95-979b-7aa3b090919e} was not found in the AD.LABDOMAIN.DEV domain.
Parameter name: gpoId
find-owned: Get-GPO -Guid a01b4868-788b-4770-9208-285002134c69 failed; the name query decides: A GPO with ID {a01b4868-788b-4770-9208-285002134c69} was not found in the AD.LABDOMAIN.DEV domain.
Parameter name: gpoId
find-owned: Get-GPO -Guid a01b4868-788b-4770-9208-285002134c69 failed; the name query decides: A GPO with ID {a01b4868-788b-4770-9208-285002134c69} was not found in the AD.LABDOMAIN.DEV domain.
Parameter name: gpoId
find-owned: Get-GPO -Guid ca050e64-534c-46b9-8257-103c6ecdab9d failed; the name query decides: A GPO with ID {ca050e64-534c-46b9-8257-103c6ecdab9d} was not found in the AD.LABDOMAIN.DEV domain.
Parameter name: gpoId
find-owned: Get-GPO -Guid ca050e64-534c-46b9-8257-103c6ecdab9d failed; the name query decides: A GPO with ID {ca050e64-534c-46b9-8257-103c6ecdab9d} was not found in the AD.LABDOMAIN.DEV domain.
Parameter name: gpoId
find-owned: Get-GPO -Guid 498d5e9e-2981-4e1f-910b-dbcac3de79f1 failed; the name query decides: A GPO with ID {498d5e9e-2981-4e1f-910b-dbcac3de79f1} was not found in the AD.LABDOMAIN.DEV domain.
Parameter name: gpoId
find-owned: Get-GPO -Guid 498d5e9e-2981-4e1f-910b-dbcac3de79f1 failed; the name query decides: A GPO with ID {498d5e9e-2981-4e1f-910b-dbcac3de79f1} was not found in the AD.LABDOMAIN.DEV domain.
Parameter name: gpoId
find-owned: Get-GPO -Guid e333ae4e-8d93-4c20-a103-3572eabcdfab failed; the name query decides: A GPO with ID {e333ae4e-8d93-4c20-a103-3572eabcdfab} was not found in the AD.LABDOMAIN.DEV domain.
Parameter name: gpoId
find-owned: Get-GPO -Guid e333ae4e-8d93-4c20-a103-3572eabcdfab failed; the name query decides: A GPO with ID {e333ae4e-8d93-4c20-a103-3572eabcdfab} was not found in the AD.LABDOMAIN.DEV domain.
Parameter name: gpoId
find-owned: Get-GPO -Guid 7d707c7e-bd99-468c-a67a-e529fd23c52a failed; the name query decides: A GPO with ID {7d707c7e-bd99-468c-a67a-e529fd23c52a} was not found in the AD.LABDOMAIN.DEV domain.
Parameter name: gpoId
find-owned: Get-GPO -Guid 7d707c7e-bd99-468c-a67a-e529fd23c52a failed; the name query decides: A GPO with ID {7d707c7e-bd99-468c-a67a-e529fd23c52a} was not found in the AD.LABDOMAIN.DEV domain.
Parameter name: gpoId
find-owned: Get-GPO -Guid e8897fa0-59f1-4405-9cdb-e67c0ded02d5 failed; the name query decides: A GPO with ID {e8897fa0-59f1-4405-9cdb-e67c0ded02d5} was not found in the AD.LABDOMAIN.DEV domain.
Parameter name: gpoId
find-owned: Get-GPO -Guid e8897fa0-59f1-4405-9cdb-e67c0ded02d5 failed; the name query decides: A GPO with ID {e8897fa0-59f1-4405-9cdb-e67c0ded02d5} was not found in the AD.LABDOMAIN.DEV domain.
Parameter name: gpoId
find-owned: Get-GPO -Guid 3bc5265c-bd98-4303-917f-1fdae1fb8e4f failed; the name query decides: A GPO with ID {3bc5265c-bd98-4303-917f-1fdae1fb8e4f} was not found in the AD.LABDOMAIN.DEV domain.
Parameter name: gpoId
find-owned: Get-GPO -Guid 3bc5265c-bd98-4303-917f-1fdae1fb8e4f failed; the name query decides: A GPO with ID {3bc5265c-bd98-4303-917f-1fdae1fb8e4f} was not found in the AD.LABDOMAIN.DEV domain.
Parameter name: gpoId
find-owned: Get-GPO -Guid 9ba6f30b-3553-41d7-956f-dec2e8235b65 failed; the name query decides: A GPO with ID {9ba6f30b-3553-41d7-956f-dec2e8235b65} was not found in the AD.LABDOMAIN.DEV domain.
Parameter name: gpoId
find-owned: Get-GPO -Guid 9ba6f30b-3553-41d7-956f-dec2e8235b65 failed; the name query decides: A GPO with ID {9ba6f30b-3553-41d7-956f-dec2e8235b65} was not found in the AD.LABDOMAIN.DEV domain.
Parameter name: gpoId
find-owned: Get-GPO -Guid 28709eee-d305-45d2-9243-9a8341ec5ef7 failed; the name query decides: A GPO with ID {28709eee-d305-45d2-9243-9a8341ec5ef7} was not found in the AD.LABDOMAIN.DEV domain.
Parameter name: gpoId
find-owned: Get-GPO -Guid 28709eee-d305-45d2-9243-9a8341ec5ef7 failed; the name query decides: A GPO with ID {28709eee-d305-45d2-9243-9a8341ec5ef7} was not found in the AD.LABDOMAIN.DEV domain.
Parameter name: gpoId
find-owned: Get-GPO -Guid b708b9d9-dbd9-430f-b36d-ec7180a3390d failed; the name query decides: A GPO with ID {b708b9d9-dbd9-430f-b36d-ec7180a3390d} was not found in the AD.LABDOMAIN.DEV domain.
Parameter name: gpoId
find-owned: Get-GPO -Guid b708b9d9-dbd9-430f-b36d-ec7180a3390d failed; the name query decides: A GPO with ID {b708b9d9-dbd9-430f-b36d-ec7180a3390d} was not found in the AD.LABDOMAIN.DEV domain.
Parameter name: gpoId
find-owned: Get-GPO -Guid 0f618b62-08eb-46fe-a7f5-e5de4c84d111 failed; the name query decides: A GPO with ID {0f618b62-08eb-46fe-a7f5-e5de4c84d111} was not found in the AD.LABDOMAIN.DEV domain.
Parameter name: gpoId
find-owned: Get-GPO -Guid 0f618b62-08eb-46fe-a7f5-e5de4c84d111 failed; the name query decides: A GPO with ID {0f618b62-08eb-46fe-a7f5-e5de4c84d111} was not found in the AD.LABDOMAIN.DEV domain.
Parameter name: gpoId
find-owned: Get-GPO -Guid cc51172a-5187-49ff-bf53-837b8b3744c7 failed; the name query decides: A GPO with ID {cc51172a-5187-49ff-bf53-837b8b3744c7} was not found in the AD.LABDOMAIN.DEV domain.
Parameter name: gpoId
find-owned: Get-GPO -Guid cc51172a-5187-49ff-bf53-837b8b3744c7 failed; the name query decides: A GPO with ID {cc51172a-5187-49ff-bf53-837b8b3744c7} was not found in the AD.LABDOMAIN.DEV domain.
Parameter name: gpoId
find-owned: Get-GPO -Guid 200f3f8d-2eca-4656-a040-9f186006796d failed; the name query decides: A GPO with ID {200f3f8d-2eca-4656-a040-9f186006796d} was not found in the AD.LABDOMAIN.DEV domain.
Parameter name: gpoId
find-owned: Get-GPO -Guid 200f3f8d-2eca-4656-a040-9f186006796d failed; the name query decides: A GPO with ID {200f3f8d-2eca-4656-a040-9f186006796d} was not found in the AD.LABDOMAIN.DEV domain.
Parameter name: gpoId
find-owned: Get-GPO -Guid 4b94f9b4-888a-4a67-a761-f7ecca563503 failed; the name query decides: A GPO with ID {4b94f9b4-888a-4a67-a761-f7ecca563503} was not found in the AD.LABDOMAIN.DEV domain.
Parameter name: gpoId
find-owned: Get-GPO -Guid 4b94f9b4-888a-4a67-a761-f7ecca563503 failed; the name query decides: A GPO with ID {4b94f9b4-888a-4a67-a761-f7ecca563503} was not found in the AD.LABDOMAIN.DEV domain.
Parameter name: gpoId
find-owned: Get-GPO -Guid 16c3a1e0-0099-483e-8e77-29559ec13f71 failed; the name query decides: A GPO with ID {16c3a1e0-0099-483e-8e77-29559ec13f71} was not found in the AD.LABDOMAIN.DEV domain.
Parameter name: gpoId
find-owned: Get-GPO -Guid 16c3a1e0-0099-483e-8e77-29559ec13f71 failed; the name query decides: A GPO with ID {16c3a1e0-0099-483e-8e77-29559ec13f71} was not found in the AD.LABDOMAIN.DEV domain.
Parameter name: gpoId
find-owned: Get-GPO -Guid 4fbb21a8-7712-4e2a-8a4a-499236e8d095 failed; the name query decides: A GPO with ID {4fbb21a8-7712-4e2a-8a4a-499236e8d095} was not found in the AD.LABDOMAIN.DEV domain.
Parameter name: gpoId
find-owned: Get-GPO -Guid 4fbb21a8-7712-4e2a-8a4a-499236e8d095 failed; the name query decides: A GPO with ID {4fbb21a8-7712-4e2a-8a4a-499236e8d095} was not found in the AD.LABDOMAIN.DEV domain.
Parameter name: gpoId
find-owned: Get-GPO -Guid aeeb419e-f891-451f-b43b-dde6be3e265f failed; the name query decides: A GPO with ID {aeeb419e-f891-451f-b43b-dde6be3e265f} was not found in the AD.LABDOMAIN.DEV domain.
Parameter name: gpoId
find-owned: Get-GPO -Guid aeeb419e-f891-451f-b43b-dde6be3e265f failed; the name query decides: A GPO with ID {aeeb419e-f891-451f-b43b-dde6be3e265f} was not found in the AD.LABDOMAIN.DEV domain.
Parameter name: gpoId
find-owned: Get-GPO -Guid b832357d-73ee-4064-b8a5-068ac0c30030 failed; the name query decides: A GPO with ID {b832357d-73ee-4064-b8a5-068ac0c30030} was not found in the AD.LABDOMAIN.DEV domain.
Parameter name: gpoId
find-owned: Get-GPO -Guid b832357d-73ee-4064-b8a5-068ac0c30030 failed; the name query decides: A GPO with ID {b832357d-73ee-4064-b8a5-068ac0c30030} was not found in the AD.LABDOMAIN.DEV domain.
Parameter name: gpoId
find-owned: Get-GPO -Guid cade79bc-004b-4a17-9bb9-b59879f0032b failed; the name query decides: A GPO with ID {cade79bc-004b-4a17-9bb9-b59879f0032b} was not found in the AD.LABDOMAIN.DEV domain.
Parameter name: gpoId
find-owned: Get-GPO -Guid cade79bc-004b-4a17-9bb9-b59879f0032b failed; the name query decides: A GPO with ID {cade79bc-004b-4a17-9bb9-b59879f0032b} was not found in the AD.LABDOMAIN.DEV domain.
Parameter name: gpoId
find-owned: Get-GPO -Guid e40cd304-432b-46ce-ae49-8c42f7f69a3d failed; the name query decides: A GPO with ID {e40cd304-432b-46ce-ae49-8c42f7f69a3d} was not found in the AD.LABDOMAIN.DEV domain.
Parameter name: gpoId
find-owned: Get-GPO -Guid e40cd304-432b-46ce-ae49-8c42f7f69a3d failed; the name query decides: A GPO with ID {e40cd304-432b-46ce-ae49-8c42f7f69a3d} was not found in the AD.LABDOMAIN.DEV domain.
Parameter name: gpoId
find-owned: Get-GPO -Guid 0231a7ab-000a-4e05-afa7-d3c5c8035568 failed; the name query decides: A GPO with ID {0231a7ab-000a-4e05-afa7-d3c5c8035568} was not found in the AD.LABDOMAIN.DEV domain.
Parameter name: gpoId
find-owned: Get-GPO -Guid 0231a7ab-000a-4e05-afa7-d3c5c8035568 failed; the name query decides: A GPO with ID {0231a7ab-000a-4e05-afa7-d3c5c8035568} was not found in the AD.LABDOMAIN.DEV domain.
Parameter name: gpoId
LOCAL_RUN_DIR=/home/itadmin/gpo-batch-110b/tmp/gpo-studio/report-parity-run-20261009001706-2613195
CANDIDATE_DIR=/home/itadmin/gpo-batch-110b/tmp/gpo-studio/report-parity-candidate-20261009001706-2613195
{
  "artifacts": {
    "authored-backup/manifest.xml": "cc3128ff3cc157c469dc3b07325c95800c17cbac0f9ef9b257a43a09eb09155c",
    "authored-backup/{55642B83-4CE7-461E-997E-5DDE742EEF78}/Backup.xml": "ab3abede00e9eed82d15b52824c278c14697d335ff6ec290692a2af51dcd8da7",
    "authored-backup/{55642B83-4CE7-461E-997E-5DDE742EEF78}/DomainSysvol/GPO/Machine/registry.pol": "92bc2319d58b3edab56dedea7ef0f2edf340d961497f096d2a3b8f340523c4e4",
    "authored-backup/{55642B83-4CE7-461E-997E-5DDE742EEF78}/DomainSysvol/GPO/User/registry.pol": "1496141767047dcc2d2224f26a2fd5e98de427ef434624f7aef9712a78a06625",
    "authored-backup/{55642B83-4CE7-461E-997E-5DDE742EEF78}/bkupInfo.xml": "8da827b7e2bb1a8e55062d9ec8b51f0166368f8790f84135528462f61f8108b1",
    "authored-backup/{55642B83-4CE7-461E-997E-5DDE742EEF78}/gpreport.xml": "6a7dd2ff1150f11db1b9cf3187e0654d831d1e6af4d6cc864f256a58a4aad90e",
    "builder.stdout.txt": "2f8d0c7027a28aebcbd59fe886ad98a48a04ff91906eca1fc7347b5384039ed7",
    "candidate.zip": "b68be0e0af9d39d328b1756e64a0bd46a73efc3cc097febe3dc6a5ffc57ded6c",
    "commands/authored/backup.stderr.txt": "e3b0c44298fc1c149afbf4c8996fb92427ae41e4649b934ca495991b7852b855",
    "commands/authored/backup.stdout.txt": "8b49d32fc0a2f756bca7df1b87e844589f922ed1b1eb156193e9efbfe6bd2d84",
    "commands/authored/report.stderr.txt": "e3b0c44298fc1c149afbf4c8996fb92427ae41e4649b934ca495991b7852b855",
    "commands/authored/report.stdout.txt": "e3b0c44298fc1c149afbf4c8996fb92427ae41e4649b934ca495991b7852b855",
    "commands/authored/set.stderr.txt": "e3b0c44298fc1c149afbf4c8996fb92427ae41e4649b934ca495991b7852b855",
    "commands/authored/set.stdout.txt": "8d3db39081b08f306367a0cf0982e464c22c6a3a41badf92c9c737a4be9ec816",
    "commands/c01/import.stderr.txt": "e3b0c44298fc1c149afbf4c8996fb92427ae41e4649b934ca495991b7852b855",
    "commands/c01/import.stdout.txt": "6a3e163c9a1861152c3d6dabb7a5c216bd7f38be281f1de192bb6fdc3afd508e",
    "commands/c01/report.stderr.txt": "e3b0c44298fc1c149afbf4c8996fb92427ae41e4649b934ca495991b7852b855",
    "commands/c01/report.stdout.txt": "e3b0c44298fc1c149afbf4c8996fb92427ae41e4649b934ca495991b7852b855",
    "commands/c02/import.stderr.txt": "e3b0c44298fc1c149afbf4c8996fb92427ae41e4649b934ca495991b7852b855",
    "commands/c02/import.stdout.txt": "b83c2b1709e84054a3c04b583635c279d634f90de73f9f0c4fc695c4bd16168f",
    "commands/c02/report.stderr.txt": "e3b0c44298fc1c149afbf4c8996fb92427ae41e4649b934ca495991b7852b855",
    "commands/c02/report.stdout.txt": "e3b0c44298fc1c149afbf4c8996fb92427ae41e4649b934ca495991b7852b855",
    "commands/c03/import.stderr.txt": "e3b0c44298fc1c149afbf4c8996fb92427ae41e4649b934ca495991b7852b855",
    "commands/c03/import.stdout.txt": "3a9021aa848799b197205dfc6a8c8f324414ff13ba9fc86dfc20bd0bd84870f8",
    "commands/c03/report.stderr.txt": "e3b0c44298fc1c149afbf4c8996fb92427ae41e4649b934ca495991b7852b855",
    "commands/c03/report.stdout.txt": "e3b0c44298fc1c149afbf4c8996fb92427ae41e4649b934ca495991b7852b855",
    "commands/c04/import.stderr.txt": "e3b0c44298fc1c149afbf4c8996fb92427ae41e4649b934ca495991b7852b855",
    "commands/c04/import.stdout.txt": "c02fd902a8a472c432b2bf928f2ad93c4ac70438c88350387db62f0b27a8708f",
    "commands/c04/report.stderr.txt": "e3b0c44298fc1c149afbf4c8996fb92427ae41e4649b934ca495991b7852b855",
    "commands/c04/report.stdout.txt": "e3b0c44298fc1c149afbf4c8996fb92427ae41e4649b934ca495991b7852b855",
    "commands/c05/import.stderr.txt": "e3b0c44298fc1c149afbf4c8996fb92427ae41e4649b934ca495991b7852b855",
    "commands/c05/import.stdout.txt": "c9ea64d175d6e24f0968b88706e4d01d622192e7375243713f4b1c9ad2cd3039",
    "commands/c05/report.stderr.txt": "e3b0c44298fc1c149afbf4c8996fb92427ae41e4649b934ca495991b7852b855",
    "commands/c05/report.stdout.txt": "e3b0c44298fc1c149afbf4c8996fb92427ae41e4649b934ca495991b7852b855",
    "commands/c06/import.stderr.txt": "e3b0c44298fc1c149afbf4c8996fb92427ae41e4649b934ca495991b7852b855",
    "commands/c06/import.stdout.txt": "1617632b97e589edace333359fecfd59b1053d696e5883bde15a8df465e218ac",
    "commands/c06/report.stderr.txt": "e3b0c44298fc1c149afbf4c8996fb92427ae41e4649b934ca495991b7852b855",
    "commands/c06/report.stdout.txt": "e3b0c44298fc1c149afbf4c8996fb92427ae41e4649b934ca495991b7852b855",
    "commands/c07/import.stderr.txt": "e3b0c44298fc1c149afbf4c8996fb92427ae41e4649b934ca495991b7852b855",
    "commands/c07/import.stdout.txt": "4cbe0728d7991437f152dc9e5c99c7f7565fd60c64495b4bf86b6d3cf6089740",
    "commands/c07/report.stderr.txt": "e3b0c44298fc1c149afbf4c8996fb92427ae41e4649b934ca495991b7852b855",
    "commands/c07/report.stdout.txt": "e3b0c44298fc1c149afbf4c8996fb92427ae41e4649b934ca495991b7852b855",
    "commands/c08/import.stderr.txt": "e3b0c44298fc1c149afbf4c8996fb92427ae41e4649b934ca495991b7852b855",
    "commands/c08/import.stdout.txt": "b2b4a391e304c66b3b1d37a8a06e169e95342521995c5138a0cf062abb4d2486",
    "commands/c08/report.stderr.txt": "e3b0c44298fc1c149afbf4c8996fb92427ae41e4649b934ca495991b7852b855",
    "commands/c08/report.stdout.txt": "e3b0c44298fc1c149afbf4c8996fb92427ae41e4649b934ca495991b7852b855",
    "commands/c09/import.stderr.txt": "e3b0c44298fc1c149afbf4c8996fb92427ae41e4649b934ca495991b7852b855",
    "commands/c09/import.stdout.txt": "73ef33fd7257b388a202bcd9bfb844f519ca67d7120c27dbf01096c2142e38cc",
    "commands/c09/report.stderr.txt": "e3b0c44298fc1c149afbf4c8996fb92427ae41e4649b934ca495991b7852b855",
    "commands/c09/report.stdout.txt": "e3b0c44298fc1c149afbf4c8996fb92427ae41e4649b934ca495991b7852b855",
    "commands/c10/import.stderr.txt": "e3b0c44298fc1c149afbf4c8996fb92427ae41e4649b934ca495991b7852b855",
    "commands/c10/import.stdout.txt": "c1a1a1510463d719e5c678960208140df0276c7ca51b97b76738169369e25c57",
    "commands/c10/report.stderr.txt": "e3b0c44298fc1c149afbf4c8996fb92427ae41e4649b934ca495991b7852b855",
    "commands/c10/report.stdout.txt": "e3b0c44298fc1c149afbf4c8996fb92427ae41e4649b934ca495991b7852b855",
    "commands/c11/import.stderr.txt": "e3b0c44298fc1c149afbf4c8996fb92427ae41e4649b934ca495991b7852b855",
    "commands/c11/import.stdout.txt": "510c0f06a453ea38f16797736f00e45fc09d1633477461cb9b61b735fe0848c0",
    "commands/c11/report.stderr.txt": "e3b0c44298fc1c149afbf4c8996fb92427ae41e4649b934ca495991b7852b855",
    "commands/c11/report.stdout.txt": "e3b0c44298fc1c149afbf4c8996fb92427ae41e4649b934ca495991b7852b855",
    "commands/c12/import.stderr.txt": "e3b0c44298fc1c149afbf4c8996fb92427ae41e4649b934ca495991b7852b855",
    "commands/c12/import.stdout.txt": "8831a86310fab7944b6a9364a71fed11d4d6c51bc9abcfe7368e4b536c6fc35f",
    "commands/c12/report.stderr.txt": "e3b0c44298fc1c149afbf4c8996fb92427ae41e4649b934ca495991b7852b855",
    "commands/c12/report.stdout.txt": "e3b0c44298fc1c149afbf4c8996fb92427ae41e4649b934ca495991b7852b855",
    "commands/c13/import.stderr.txt": "e3b0c44298fc1c149afbf4c8996fb92427ae41e4649b934ca495991b7852b855",
    "commands/c13/import.stdout.txt": "2c3cc68ca224d2500a4d5b687f6f31f4f9ced7e81c4de837058f5b9487ba0aea",
    "commands/c13/report.stderr.txt": "e3b0c44298fc1c149afbf4c8996fb92427ae41e4649b934ca495991b7852b855",
    "commands/c13/report.stdout.txt": "e3b0c44298fc1c149afbf4c8996fb92427ae41e4649b934ca495991b7852b855",
    "commands/c14/import.stderr.txt": "e3b0c44298fc1c149afbf4c8996fb92427ae41e4649b934ca495991b7852b855",
    "commands/c14/import.stdout.txt": "9db3134667e65269b7d9c5818792dd2d2377359cd681429de9fec471c9953144",
    "commands/c14/report.stderr.txt": "e3b0c44298fc1c149afbf4c8996fb92427ae41e4649b934ca495991b7852b855",
    "commands/c14/report.stdout.txt": "e3b0c44298fc1c149afbf4c8996fb92427ae41e4649b934ca495991b7852b855",
    "commands/c15/import.stderr.txt": "e3b0c44298fc1c149afbf4c8996fb92427ae41e4649b934ca495991b7852b855",
    "commands/c15/import.stdout.txt": "169fd02e9393f37e8ec0a0d49b72702b30af985aed1e61acb89053c6fc98c9d0",
    "commands/c15/report.stderr.txt": "e3b0c44298fc1c149afbf4c8996fb92427ae41e4649b934ca495991b7852b855",
    "commands/c15/report.stdout.txt": "e3b0c44298fc1c149afbf4c8996fb92427ae41e4649b934ca495991b7852b855",
    "commands/c16/import.stderr.txt": "e3b0c44298fc1c149afbf4c8996fb92427ae41e4649b934ca495991b7852b855",
    "commands/c16/import.stdout.txt": "a2fac391fe5c79d7c71dc935943f02138d84e097d5b398e78682b2d732c71c30",
    "commands/c16/report.stderr.txt": "e3b0c44298fc1c149afbf4c8996fb92427ae41e4649b934ca495991b7852b855",
    "commands/c16/report.stdout.txt": "e3b0c44298fc1c149afbf4c8996fb92427ae41e4649b934ca495991b7852b855",
    "commands/c17/import.stderr.txt": "e3b0c44298fc1c149afbf4c8996fb92427ae41e4649b934ca495991b7852b855",
    "commands/c17/import.stdout.txt": "055727079eface7dcc8d29b86f5bc3f6471150d6fc6ac0faa0c9def5ba1ebaaa",
    "commands/c17/report.stderr.txt": "e3b0c44298fc1c149afbf4c8996fb92427ae41e4649b934ca495991b7852b855",
    "commands/c17/report.stdout.txt": "e3b0c44298fc1c149afbf4c8996fb92427ae41e4649b934ca495991b7852b855",
    "commands/c18/import.stderr.txt": "e3b0c44298fc1c149afbf4c8996fb92427ae41e4649b934ca495991b7852b855",
    "commands/c18/import.stdout.txt": "7ef9a77b8e0fa66dfaf52fabe9cbeb720086cccbe1deed2e1984ab1c961e4975",
    "commands/c18/report.stderr.txt": "e3b0c44298fc1c149afbf4c8996fb92427ae41e4649b934ca495991b7852b855",
    "commands/c18/report.stdout.txt": "e3b0c44298fc1c149afbf4c8996fb92427ae41e4649b934ca495991b7852b855",
    "commands/c19/import.stderr.txt": "e3b0c44298fc1c149afbf4c8996fb92427ae41e4649b934ca495991b7852b855",
    "commands/c19/import.stdout.txt": "dfcfb54ba99234a7dcbdf990e90516960459dda2d45cb3682dd8a9685d059e81",
    "commands/c19/report.stderr.txt": "e3b0c44298fc1c149afbf4c8996fb92427ae41e4649b934ca495991b7852b855",
    "commands/c19/report.stdout.txt": "e3b0c44298fc1c149afbf4c8996fb92427ae41e4649b934ca495991b7852b855",
    "commands/c20/import.stderr.txt": "e3b0c44298fc1c149afbf4c8996fb92427ae41e4649b934ca495991b7852b855",
    "commands/c20/import.stdout.txt": "f235390b78af65e53e49b2da42282a9317a0639ece7e12e89f67d752f456f835",
    "commands/c20/report.stderr.txt": "e3b0c44298fc1c149afbf4c8996fb92427ae41e4649b934ca495991b7852b855",
    "commands/c20/report.stdout.txt": "e3b0c44298fc1c149afbf4c8996fb92427ae41e4649b934ca495991b7852b855",
    "commands/c21/import.stderr.txt": "e3b0c44298fc1c149afbf4c8996fb92427ae41e4649b934ca495991b7852b855",
    "commands/c21/import.stdout.txt": "3ac50e7ea1e1db393bd98d6ab0b7374909446bc4571671096f50413ab06a0deb",
    "commands/c21/report.stderr.txt": "e3b0c44298fc1c149afbf4c8996fb92427ae41e4649b934ca495991b7852b855",
    "commands/c21/report.stdout.txt": "e3b0c44298fc1c149afbf4c8996fb92427ae41e4649b934ca495991b7852b855",
    "commands/c22/import.stderr.txt": "e3b0c44298fc1c149afbf4c8996fb92427ae41e4649b934ca495991b7852b855",
    "commands/c22/import.stdout.txt": "877328d48616e22587610f1e7c8be6f27d6962b94442789232896b9b8160fec9",
    "commands/c22/report.stderr.txt": "e3b0c44298fc1c149afbf4c8996fb92427ae41e4649b934ca495991b7852b855",
    "commands/c22/report.stdout.txt": "e3b0c44298fc1c149afbf4c8996fb92427ae41e4649b934ca495991b7852b855",
    "commands/c23/import.stderr.txt": "e3b0c44298fc1c149afbf4c8996fb92427ae41e4649b934ca495991b7852b855",
    "commands/c23/import.stdout.txt": "b303b6cc836580a14e4153400b8c87ea349c4b3399188313863b255f507b34ec",
    "commands/c23/report.stderr.txt": "e3b0c44298fc1c149afbf4c8996fb92427ae41e4649b934ca495991b7852b855",
    "commands/c23/report.stdout.txt": "e3b0c44298fc1c149afbf4c8996fb92427ae41e4649b934ca495991b7852b855",
    "commands/c24/import.stderr.txt": "e3b0c44298fc1c149afbf4c8996fb92427ae41e4649b934ca495991b7852b855",
    "commands/c24/import.stdout.txt": "96446194cb60c0cd1aca9dfc677a349facb504ad884236b301a014c12b6e8fad",
    "commands/c24/report.stderr.txt": "e3b0c44298fc1c149afbf4c8996fb92427ae41e4649b934ca495991b7852b855",
    "commands/c24/report.stdout.txt": "e3b0c44298fc1c149afbf4c8996fb92427ae41e4649b934ca495991b7852b855",
    "commands/c25/import.stderr.txt": "e3b0c44298fc1c149afbf4c8996fb92427ae41e4649b934ca495991b7852b855",
    "commands/c25/import.stdout.txt": "4231211a881ee4db49ebbaf0f7d1d88a8f98e9ed55c70035efc09d5bc3badce9",
    "commands/c25/report.stderr.txt": "e3b0c44298fc1c149afbf4c8996fb92427ae41e4649b934ca495991b7852b855",
    "commands/c25/report.stdout.txt": "e3b0c44298fc1c149afbf4c8996fb92427ae41e4649b934ca495991b7852b855",
    "commands/c26/import.stderr.txt": "e3b0c44298fc1c149afbf4c8996fb92427ae41e4649b934ca495991b7852b855",
    "commands/c26/import.stdout.txt": "d0e911828a1e11558d53d4141f5cfbb4ec65cb7d4ed06785f0fb6814e0b61822",
    "commands/c26/report.stderr.txt": "e3b0c44298fc1c149afbf4c8996fb92427ae41e4649b934ca495991b7852b855",
    "commands/c26/report.stdout.txt": "e3b0c44298fc1c149afbf4c8996fb92427ae41e4649b934ca495991b7852b855",
    "commands/c27/import.stderr.txt": "e3b0c44298fc1c149afbf4c8996fb92427ae41e4649b934ca495991b7852b855",
    "commands/c27/import.stdout.txt": "df4db9f5eccd25bf24c346f2f23c3c0ca860acbafb7fa5240194ff37e35dc14b",
    "commands/c27/report.stderr.txt": "e3b0c44298fc1c149afbf4c8996fb92427ae41e4649b934ca495991b7852b855",
    "commands/c27/report.stdout.txt": "e3b0c44298fc1c149afbf4c8996fb92427ae41e4649b934ca495991b7852b855",
    "commands/c28/import.stderr.txt": "e3b0c44298fc1c149afbf4c8996fb92427ae41e4649b934ca495991b7852b855",
    "commands/c28/import.stdout.txt": "3c551f9ae34737ce38e971780b624fd634a869642467fac77ccb0897f068d1ed",
    "commands/c28/report.stderr.txt": "e3b0c44298fc1c149afbf4c8996fb92427ae41e4649b934ca495991b7852b855",
    "commands/c28/report.stdout.txt": "e3b0c44298fc1c149afbf4c8996fb92427ae41e4649b934ca495991b7852b855",
    "commands/c29/import.stderr.txt": "e3b0c44298fc1c149afbf4c8996fb92427ae41e4649b934ca495991b7852b855",
    "commands/c29/import.stdout.txt": "dceaa75698faca9799f07b0f154223004a3a95808489d44e06450a0904978b4e",
    "commands/c29/report.stderr.txt": "e3b0c44298fc1c149afbf4c8996fb92427ae41e4649b934ca495991b7852b855",
    "commands/c29/report.stdout.txt": "e3b0c44298fc1c149afbf4c8996fb92427ae41e4649b934ca495991b7852b855",
    "commands/c30/import.stderr.txt": "e3b0c44298fc1c149afbf4c8996fb92427ae41e4649b934ca495991b7852b855",
    "commands/c30/import.stdout.txt": "18b09d4f34a6f4c8f85a2064a8404f2d6d1ff390538237177e943ecc563ba339",
    "commands/c30/report.stderr.txt": "e3b0c44298fc1c149afbf4c8996fb92427ae41e4649b934ca495991b7852b855",
    "commands/c30/report.stdout.txt": "e3b0c44298fc1c149afbf4c8996fb92427ae41e4649b934ca495991b7852b855",
    "deployed/run-report-parity.ps1": "beeeea16b786135c24461d7fca02dc5f7ee8576caf30706093f5857d239092ab",
    "in/cases/c01/gpreport-verify.xml": "45ac1e001b6de4fe734f170d370f2e33c8a180caa34f6edc40082bca86855cda",
    "in/cases/c01/manifest.xml": "2d889679af64128bfc7ef0310a1595957e7a260f98a23e7c11400f8007e02ec5",
    "in/cases/c01/semantic-manifest.json": "97876990eaa56fd79713d6c1f11015f22828418b5da144977970d43977098a16",
    "in/cases/c01/{E9F0A681-9B36-419E-A16E-C2C59DC44DAD}/Backup.xml": "43da663abca99e3a9222ae668235962369b27bf40cc31684979a6df0d3eedfcd",
    "in/cases/c01/{E9F0A681-9B36-419E-A16E-C2C59DC44DAD}/DomainSysvol/GPO/User/Preferences/Drives/Drives.xml": "592f2564dbd9fb7e03a16322017897ec96c2f1433b5a08dd3ec4eba4564d7449",
    "in/cases/c01/{E9F0A681-9B36-419E-A16E-C2C59DC44DAD}/bkupInfo.xml": "0f9820742f2a040fa81d25e2b1effc9f228b2113b3d76b144353a7ecd2c8ddf6",
    "in/cases/c01/{E9F0A681-9B36-419E-A16E-C2C59DC44DAD}/gpreport.xml": "c80d7d4644b27127c595ed8d5c35e28934b3cd3455911a3372fe14609f69155d",
    "in/cases/c02/gpreport-verify.xml": "0340d2bd8349b899cfe24ea5ec7cca01fd7f3325f967946c9aa20a32263f3e86",
    "in/cases/c02/manifest.xml": "9eeba2e46df296be0961f3ff03ea1a1365cd83b467bab17df92dedb85332777d",
    "in/cases/c02/{C0D041DC-6028-47C1-AC0A-149759CBE7CF}/Backup.xml": "200b52140de7c0422635d80edc97be93c71ed7414aaeb28a3d5a8f62bf811129",
    "in/cases/c02/{C0D041DC-6028-47C1-AC0A-149759CBE7CF}/DomainSysvol/GPO/User/Preferences/EnvironmentVariables/EnvironmentVariables.xml": "a23e2859906c96ba11cd8b0bc0b417a8bfcf0f9ad7d643ad81bafe07aeb0cb81",
    "in/cases/c02/{C0D041DC-6028-47C1-AC0A-149759CBE7CF}/bkupInfo.xml": "3a28268e97636f2f2b07b9b8a42bf88efe02b8b65e74fa7ddea6068c7a24db90",
    "in/cases/c02/{C0D041DC-6028-47C1-AC0A-149759CBE7CF}/gpreport.xml": "36ff009eeca61706302e388afdd62bd40e87c8937acce2679b622500bc77489c",
    "in/cases/c03/gpreport-verify.xml": "e2787894075ea6b8552789ace943a2596a6f74dbaeb43e860fe4aa5391d08e09",
    "in/cases/c03/manifest.xml": "1afbbffa2450879c587d7e6e1664c05951e86ea67b650295b268158512e8f367",
    "in/cases/c03/{6B7C7DD9-6845-43A0-ADEF-6E58B17790B2}/Backup.xml": "d94d684c32296e041a40fafed02f07d051f6d386543f7dac1f94f30af6ca5600",
    "in/cases/c03/{6B7C7DD9-6845-43A0-ADEF-6E58B17790B2}/DomainSysvol/GPO/User/Preferences/Files/Files.xml": "10412655ee123ef03dcde4d8f81024531705783e4c17fecfe5f8f409efb9ba51",
    "in/cases/c03/{6B7C7DD9-6845-43A0-ADEF-6E58B17790B2}/bkupInfo.xml": "2a181a1f7debc75b443e4a87a605839c61a65b1f10919f0ac1ada8466d8b8da8",
    "in/cases/c03/{6B7C7DD9-6845-43A0-ADEF-6E58B17790B2}/gpreport.xml": "60b493c4bf5968e2cabb780c63055b95df6d4c2a15213f869dfe8f2d9b85c60b",
    "in/cases/c04/gpreport-verify.xml": "e1b0558e1a9610d0225722e7768bdbc08d1a3200c0707e50506f9b035e661a17",
    "in/cases/c04/manifest.xml": "cdd31dd4dff38c5072bd660f87a62cb66c59379e05acaca659c163b17e6d77eb",
    "in/cases/c04/{409B579A-3F14-40E4-990B-836AB03F333D}/Backup.xml": "ead680c5770792db29fb6dd8b313da918a7849ba7a56e8cf6bc42b853a93e59d",
    "in/cases/c04/{409B579A-3F14-40E4-990B-836AB03F333D}/DomainSysvol/GPO/User/Preferences/Folders/Folders.xml": "62cdb9231a9eec688060be8963b0934d5a2dc15a6c3394cdd0f3e326fbc3dee1",
    "in/cases/c04/{409B579A-3F14-40E4-990B-836AB03F333D}/bkupInfo.xml": "1e53bc03ce203f2cc79d40df5bad5d7c179e52ce96c9d6a7ad46be651e6c37f4",
    "in/cases/c04/{409B579A-3F14-40E4-990B-836AB03F333D}/gpreport.xml": "4565f06421f920b16647493307c6ad0b07d7a7fd01cd762240c33124c475abee",
    "in/cases/c05/gpreport-verify.xml": "7f067a83d2b6850dfcd30b60a3a0b6df4c767f65e472491009ab90b10315eec9",
    "in/cases/c05/manifest.xml": "83341cc0b16abe9ac7ffc6b094556165aca793cabee3323cf0ffab06bce041f2",
    "in/cases/c05/{CAB85C5B-BAF0-4FC9-8949-8993F936F4C9}/Backup.xml": "823c52bcbaa71a446b8528e2df54efca60079fcc410870312868c3521e2ad904",
    "in/cases/c05/{CAB85C5B-BAF0-4FC9-8949-8993F936F4C9}/DomainSysvol/GPO/User/Preferences/IniFiles/IniFiles.xml": "6e2b1da78638d568b7296eed034b757c973504bb73b6e7b488ec0fb3f61e572b",
    "in/cases/c05/{CAB85C5B-BAF0-4FC9-8949-8993F936F4C9}/bkupInfo.xml": "9a90dee1cddae1b89f9640194e78d790f272f5ed2461f849c3d97542175444db",
    "in/cases/c05/{CAB85C5B-BAF0-4FC9-8949-8993F936F4C9}/gpreport.xml": "579f3a4aecff5a61cda64f44d13dce6cdc8f26b9342635a018958be247aa3305",
    "in/cases/c06/gpreport-verify.xml": "e7fbea9794c01f8831cca135369415b369e13f87f9353b9b93db47023773fa7a",
    "in/cases/c06/manifest.xml": "1789a3f6acca5d7a0c6dec6c5f74b7b2cf7aa5a54b24358bb4eb7bba2e07499d",
    "in/cases/c06/semantic-manifest.json": "97e246b7485913b84397a516455b976d1aee754cf76a1c0ddcd7ae8b1752275c",
    "in/cases/c06/{33EF766F-4F9C-4FAC-B54F-98F3F81679C6}/Backup.xml": "2d96def096f91e53e91631cac9a4b28a80a5a6b30f55420299e182ba08d06f70",
    "in/cases/c06/{33EF766F-4F9C-4FAC-B54F-98F3F81679C6}/DomainSysvol/GPO/Machine/Preferences/Groups/Groups.xml": "4a37a9a331f3c19cb861c1d86e48b46c5ea1b241979ea09ba502111816e47372",
    "in/cases/c06/{33EF766F-4F9C-4FAC-B54F-98F3F81679C6}/DomainSysvol/GPO/User/Preferences/Groups/Groups.xml": "e93a41079221616a950e8bc1f3f9704a60aef480138a3393916da8500b4365ca",
    "in/cases/c06/{33EF766F-4F9C-4FAC-B54F-98F3F81679C6}/bkupInfo.xml": "e3d3a342ebf8a89b17717ad390d5590ab4c599eabd49e62375b33a5189dd1d9a",
    "in/cases/c06/{33EF766F-4F9C-4FAC-B54F-98F3F81679C6}/gpreport.xml": "30e0f251bc2e655987541c9353edbf2d294f971be2f1e78b073f716b3e182eb2",
    "in/cases/c07/gpreport-verify.xml": "54442df094d8f4176d50d5c9e55778d750b3d1e50d8fcb3d56ed26f8709596d8",
    "in/cases/c07/manifest.xml": "c9e0e3f4b1bf0c9570b4dc831d2dd4db6d9828423111313fd93b98a80569fb20",
    "in/cases/c07/semantic-manifest.json": "a269e5f135bac35652d86ab9d5e2f1e1b04b2024437c866f56efbaf3faaba05d",
    "in/cases/c07/{37A0AB45-6DBF-42C1-A6D1-B69681ACC943}/Backup.xml": "d9179eb42368364622b848bbba88046c965f74a7fb333050145b37b8fdd55b95",
    "in/cases/c07/{37A0AB45-6DBF-42C1-A6D1-B69681ACC943}/DomainSysvol/GPO/Machine/Preferences/Groups/Groups.xml": "07a11c72a914ca889fc3dfe32d818f793b959e0c488667356aaf0d31def2bbe6",
    "in/cases/c07/{37A0AB45-6DBF-42C1-A6D1-B69681ACC943}/DomainSysvol/GPO/Machine/Preferences/ScheduledTasks/ScheduledTasks.xml": "e0e97ef40cfdfe808e8e701f6a9e0e3a3b6ae0871e58dc9ad876b6c60417c624",
    "in/cases/c07/{37A0AB45-6DBF-42C1-A6D1-B69681ACC943}/DomainSysvol/GPO/User/Preferences/Drives/Drives.xml": "0a7bc1190311b35c5d5063d379339ab4f66fade72d258baf59daa63ed6e6b825",
    "in/cases/c07/{37A0AB45-6DBF-42C1-A6D1-B69681ACC943}/bkupInfo.xml": "4c69b7af0c6db9f5007f8caedeac328c8657e9eaa511988136ec1e5aa000debb",
    "in/cases/c07/{37A0AB45-6DBF-42C1-A6D1-B69681ACC943}/gpreport.xml": "5e0334ef6d9df32a9b956b999e6f8820eb275f261c9c1ef9dbf710e8ab1c661c",
    "in/cases/c08/gpreport-verify.xml": "d8e2b489bc202d91b8a04a960edc5373447d4c9a303b1f9683ee3f5e61161112",
    "in/cases/c08/manifest.xml": "0ac46d0eb3696e79629daa6b188726e4fb8452bb114aa6bbb599abeb45e3fd96",
    "in/cases/c08/{EB1B8D88-4002-475F-BF2F-8F101FEE4BDF}/Backup.xml": "33bd3908d6ff135912c26b04d570df670cd4f88777a13de3843c5582425f408f",
    "in/cases/c08/{EB1B8D88-4002-475F-BF2F-8F101FEE4BDF}/DomainSysvol/GPO/User/Preferences/Drives/Drives.xml": "cfa6f0cdceb3d9c080e1eb93972c7c9ac61fb0c9327ec7e293fdff5f948d5e14",
    "in/cases/c08/{EB1B8D88-4002-475F-BF2F-8F101FEE4BDF}/bkupInfo.xml": "a7365131171a8fa6ea74c3bc1dfcf8142b419bb55083eb78367bce8dc8dc550e",
    "in/cases/c08/{EB1B8D88-4002-475F-BF2F-8F101FEE4BDF}/gpreport.xml": "6fe55eff7bdff7caad4a0e1d6dced8d1c36dba9ef34be3a52815d15a9784f799",
    "in/cases/c09/gpreport-verify.xml": "23c3c89f365d457e1333a048f403d0bdd206854c7f46adbb8dd584a9850e3b9f",
    "in/cases/c09/manifest.xml": "be7af655eecaffd268b57dcfc0350f1ca8b78f8cb364693d1d5ea0c9d8d89ddb",
    "in/cases/c09/{B88DAB7B-4B81-4FE3-AA70-3A859853C1E9}/Backup.xml": "f71351129dc3f260d4628fbdd62e48f392a91ec337e7889857f44295685f7b3e",
    "in/cases/c09/{B88DAB7B-4B81-4FE3-AA70-3A859853C1E9}/DomainSysvol/GPO/User/Preferences/Drives/Drives.xml": "f52cbeefc246f250ab625f8bf4666d5c230c52932583981e349c3a785f0ee70d",
    "in/cases/c09/{B88DAB7B-4B81-4FE3-AA70-3A859853C1E9}/bkupInfo.xml": "5970b7e5ff0b211c35928751c9f1d4c32a0a864ac3d6e7104237aa451df931f9",
    "in/cases/c09/{B88DAB7B-4B81-4FE3-AA70-3A859853C1E9}/gpreport.xml": "4982fc9f4a5e5be7ec056a4a71320c8654ac1d72ac9e66025aa1614ea0e00143",
    "in/cases/c10/gpreport-verify.xml": "a19c71162cd6c4f244ff418adb5235d698da20d60922ecade72bd949cbc70393",
    "in/cases/c10/manifest.xml": "c5884cdcdcd4c1dc57e6196df0cc4caf2c6d1bd8e448f2d6b858541c954b30e5",
    "in/cases/c10/{63016C49-AC34-45B7-BF33-269F0AA85008}/Backup.xml": "0d4e2c16733a414742f2f42fde295dfb2717c9b46901c4298b0a125d5a4cdbe1",
    "in/cases/c10/{63016C49-AC34-45B7-BF33-269F0AA85008}/DomainSysvol/GPO/User/Preferences/PowerOptions/PowerOptions.xml": "7750b07e7fcad00695f09272a8174b1b49b6b423e4d38b002d3ddf9e14241fa3",
    "in/cases/c10/{63016C49-AC34-45B7-BF33-269F0AA85008}/bkupInfo.xml": "d918a48079d268fe77bcd55336469ad95348854c478fe07aa714f2221a209cd8",
    "in/cases/c10/{63016C49-AC34-45B7-BF33-269F0AA85008}/gpreport.xml": "f3d5d577efe748bd7b2a4dba4aa0cae6ccad34e595fa8072e11d5c2193f56761",
    "in/cases/c11/gpreport-verify.xml": "6af1def5a2d8861ea790e838d78877277620b5cf1a3de5b4ad559d867ef7cfa1",
    "in/cases/c11/manifest.xml": "8bf30b3a2c903e31c2995341ce56979a614cac7eb5365a7695270097db78ea84",
    "in/cases/c11/{95AD77B1-2F66-49A9-98BD-176270FA5288}/Backup.xml": "faf4ab5224dc068653b956fad64d0f7c6e0464bc2ea883d56b292904def161e1",
    "in/cases/c11/{95AD77B1-2F66-49A9-98BD-176270FA5288}/DomainSysvol/GPO/User/Preferences/Printers/Printers.xml": "5faa38703ba5906d64c66c5247043a274c0e892a352bd2b892002febfb8d3bbb",
    "in/cases/c11/{95AD77B1-2F66-49A9-98BD-176270FA5288}/bkupInfo.xml": "48c7ef18000ad6135b0d2c845ab28b56b64915f1f625b3957321317d17f5ff5f",
    "in/cases/c11/{95AD77B1-2F66-49A9-98BD-176270FA5288}/gpreport.xml": "9872a76f0afd8ca5c2edabe7ab64a6008a402d95a919e0397eaeb9a6a3422ee7",
    "in/cases/c12/gpreport-verify.xml": "e590e2f198ba161554a6e9ea10e7bc3d223022dce610ea4ac350b9d1d9556b4b",
    "in/cases/c12/manifest.xml": "e1180fe436a77c494b1772c9f387408d75e208ceb5a49ff747eef745e6900d8d",
    "in/cases/c12/semantic-manifest.json": "8d3e46128aa2daeaace3fb5148a6adeade862241af8422144b6a19e319ef13f0",
    "in/cases/c12/{6C864157-BBBD-401A-8959-2D697AD3A52A}/Backup.xml": "686bb6e30f92b5bc7dff2923810e98665c3cfd3d0a684e168cf6d095d1a74606",
    "in/cases/c12/{6C864157-BBBD-401A-8959-2D697AD3A52A}/DomainSysvol/GPO/Machine/Preferences/ScheduledTasks/ScheduledTasks.xml": "852ee955f570a17352fb382e18a75bc8d2e9cd0ff83840c021441829e180e693",
    "in/cases/c12/{6C864157-BBBD-401A-8959-2D697AD3A52A}/DomainSysvol/GPO/User/Preferences/ScheduledTasks/ScheduledTasks.xml": "4555cac4c5c915b66610877896bab17084569a8ee95bce807744fed532e3c175",
    "in/cases/c12/{6C864157-BBBD-401A-8959-2D697AD3A52A}/bkupInfo.xml": "d13149433d94190a6a478853c6b06eb1fc443d03992a11b751c42ddc3830399d",
    "in/cases/c12/{6C864157-BBBD-401A-8959-2D697AD3A52A}/gpreport.xml": "76604c4139a76852a3b99f0c44266e86aac1db13a92a4532894beb1262dc6014",
    "in/cases/c13/gpreport-verify.xml": "9b5e1b1e7c73da483324931c6e10e20e408a5d4eaf806655e9073856dc966985",
    "in/cases/c13/manifest.xml": "b20fcb18365dcfa8a1192986b116f12f097d028fef3ed0508ec923f99f04f644",
    "in/cases/c13/{F57CACDF-9C94-4AED-BD89-FC1295151BE3}/Backup.xml": "5f2d98cebe7e286cc80465961d8031a352c0ea95830c5885a8450952f0640924",
    "in/cases/c13/{F57CACDF-9C94-4AED-BD89-FC1295151BE3}/DomainSysvol/GPO/Machine/Preferences/ScheduledTasks/ScheduledTasks.xml": "ac428b4006aa4f82af3a1a89cb07979b19e04a4e4bd2b5dad307759b1ca169e8",
    "in/cases/c13/{F57CACDF-9C94-4AED-BD89-FC1295151BE3}/DomainSysvol/GPO/User/Preferences/ScheduledTasks/ScheduledTasks.xml": "4555cac4c5c915b66610877896bab17084569a8ee95bce807744fed532e3c175",
    "in/cases/c13/{F57CACDF-9C94-4AED-BD89-FC1295151BE3}/bkupInfo.xml": "ed0e177109aa028c715d291033ab21d0043051361316ebacbc66a8776ab03326",
    "in/cases/c13/{F57CACDF-9C94-4AED-BD89-FC1295151BE3}/gpreport.xml": "c72d90ceedbe409f76eab982f86bfdeb9de8d711756afdf8dcb22325e5d360fa",
    "in/cases/c14/gpreport-verify.xml": "c2239a62157a9a8db65449fc2c2c77a2657c59422588a2545fcd0f17e55568d5",
    "in/cases/c14/manifest.xml": "dd2bc2601089408aa0b28ea31886b1d1b0f50e0037199ef9349e9e561c966da5",
    "in/cases/c14/{BFC38120-130B-43A1-AB13-80D3A4D0E6C1}/Backup.xml": "479d67493fa539ccd78efbaeaf49df0f435525b0213c8b4ee005cbef43f6ab09",
    "in/cases/c14/{BFC38120-130B-43A1-AB13-80D3A4D0E6C1}/DomainSysvol/GPO/Machine/Preferences/Services/Services.xml": "28b30cbb78565db4f837564c5c9d3e5f4517b0f1c53aeedea44ab84106461221",
    "in/cases/c14/{BFC38120-130B-43A1-AB13-80D3A4D0E6C1}/bkupInfo.xml": "840b15df3b6326d9204814e112b5cdad4e2cb82361b9abb355ad65f9d7e16b79",
    "in/cases/c14/{BFC38120-130B-43A1-AB13-80D3A4D0E6C1}/gpreport.xml": "3de597527dea143aec4a65b654b572ed1a0e0ba35747c1f2518d21366f2ad2aa",
    "in/cases/c15/gpreport-verify.xml": "74b661c7eaf88c98257de3135c68a733cb887d026732eba766ff8571487a9e22",
    "in/cases/c15/manifest.xml": "dd5fe46c4f1d4042a01704b9c38a86de8b6247b2162feeffadc3b527cafd0f4c",
    "in/cases/c15/{8A722525-0F66-42EB-9BCE-2EEBC38BDEA8}/Backup.xml": "c9b940cab9fbd204aea8e373bac123716c29835281757b323123caf76e4c6996",
    "in/cases/c15/{8A722525-0F66-42EB-9BCE-2EEBC38BDEA8}/DomainSysvol/GPO/Machine/Preferences/Services/Services.xml": "b7fba837f39c4be11e609a5ac5b95412dd539ea633c2f478f0f2bf67024edcac",
    "in/cases/c15/{8A722525-0F66-42EB-9BCE-2EEBC38BDEA8}/bkupInfo.xml": "e8811ba7712b5b72ef537762a19b87ca35b3e501f17f03c903163aa2e59d315c",
    "in/cases/c15/{8A722525-0F66-42EB-9BCE-2EEBC38BDEA8}/gpreport.xml": "fcc5e90400e7595d75c2317848f91f34b4bd32426f2c9e837e0186d0ed9b6775",
    "in/cases/c16/gpreport-verify.xml": "e0dc081abad80b29e915833c3b44a0061fa2a23f4b3596659a93f18d62c324c5",
    "in/cases/c16/manifest.xml": "86cbf7e848fa832e7fbd576eb3b6442e007be35c39f9f3276d9aeb9f7d5f12c0",
    "in/cases/c16/{68D5F5AF-6859-4AC4-A48A-67A71AA5759C}/Backup.xml": "3d7a96c512170ddeb8e1206184d2bf15fa84b253d3381ec137d0166534ce7cf7",
    "in/cases/c16/{68D5F5AF-6859-4AC4-A48A-67A71AA5759C}/DomainSysvol/GPO/User/Preferences/Shortcuts/Shortcuts.xml": "c4b3e963a0aa859efe5781577a19c17f64fa01c6c2d6dbfc29d17f76c3d4a051",
    "in/cases/c16/{68D5F5AF-6859-4AC4-A48A-67A71AA5759C}/bkupInfo.xml": "9f4da00227f8c912fe21144788466ed04f51041d2320599783a769538f342f15",
    "in/cases/c16/{68D5F5AF-6859-4AC4-A48A-67A71AA5759C}/gpreport.xml": "8f18c0a7a053cf878c5f7a8ba42703bf42e15dbca94a9cc1b41fb84a4ea3fdc0",
    "in/cases/c17/capture.json": "fbe24e7c9f403caec09b11e2bc1b125ccce121d3c3baa3f16ee8a33e7216bd2d",
    "in/cases/c17/gpreport-verify.xml": "47199a548a35db5dfaee0c6bd0a0fa9b20a76abc98f41ec328f8a6b1682278ce",
    "in/cases/c17/manifest.xml": "2025927198a5763c6bafd80eb226f196f50dd5db4ba602bcfe00c5c90fe00e23",
    "in/cases/c17/{B3FB75FF-92C6-4D7C-8237-32E02032A1D9}/Backup.xml": "f026e976f3d0619780cbd2ff8c9f18c80da7976f96193febd28adb076129ee76",
    "in/cases/c17/{B3FB75FF-92C6-4D7C-8237-32E02032A1D9}/DomainSysvol/GPO/Machine/Preferences/Registry/Registry.xml": "283a67f0299e67512811675a42b7229c588a26fdaa598167fb228c9a3cf36563",
    "in/cases/c17/{B3FB75FF-92C6-4D7C-8237-32E02032A1D9}/DomainSysvol/GPO/User/Preferences/Registry/Registry.xml": "3286a761aac13788eaeab4e9f9e2e74a8fa09ef023b2ce6af38c8ea5dae5caaf",
    "in/cases/c17/{B3FB75FF-92C6-4D7C-8237-32E02032A1D9}/bkupInfo.xml": "26ccbf1f65413bf9af1d3ab0ca3f1057fd6fbb0fc664dbbaeeabbceffae60e9f",
    "in/cases/c17/{B3FB75FF-92C6-4D7C-8237-32E02032A1D9}/gpreport.xml": "d01ac2ffe5336ddf3247a65a7ba70c845573109de380b4515cbf5733814ca1da",
    "in/cases/c18/capture-gpp-registry-matrix.ps1": "40bf8655435f0c48191cf5c8b0e44b228fb088973d75c9e2e774de0d001602a7",
    "in/cases/c18/capture.json": "c153fcf4b072fbd614cb840d53225e4f776fb54b7daa5698e6e086d7ec672fe4",
    "in/cases/c18/gpreport-verify.xml": "cdbcf52531ee9dd3e028d2d6c8b0517d67ea0e05da194eaaa675671c9d4f4560",
    "in/cases/c18/manifest.xml": "2c4e3de6d517faf3580944ab7fe8305421548cc9b26ae6416a4c38b972ab4833",
    "in/cases/c18/{3C0C977F-DA3F-4CB9-BB68-F6FDBA00EB52}/Backup.xml": "03b68acf6554608880d617547e62f3f94a3e89b2f47bd35b35a6a561d960cd67",
    "in/cases/c18/{3C0C977F-DA3F-4CB9-BB68-F6FDBA00EB52}/DomainSysvol/GPO/Machine/Preferences/Registry/Registry.xml": "4d52945c8a9d9d261571584fd4100a3880649f091d3cc8c139ae42e9eae323e9",
    "in/cases/c18/{3C0C977F-DA3F-4CB9-BB68-F6FDBA00EB52}/DomainSysvol/GPO/User/Preferences/Registry/Registry.xml": "c3be3ddfd5245cf39feecf8ea844aa05b00cccfedb83f2e2aa13062c097b5cb8",
    "in/cases/c18/{3C0C977F-DA3F-4CB9-BB68-F6FDBA00EB52}/bkupInfo.xml": "e40e11a74f1a9e2e2c4f20668fc914f759988e6fd3118bdc87c8cef9e851c9f2",
    "in/cases/c18/{3C0C977F-DA3F-4CB9-BB68-F6FDBA00EB52}/gpreport.xml": "d87920d2654eaa5fc376f46bfd41da29f90b9e92748b18522b10353315149914",
    "in/cases/c19/capture.json": "17b7808aaffb86e673212b6c1e48373f7066bb43fe10665f18f830bfb838d281",
    "in/cases/c19/gpreport-verify.xml": "9554a05a89a1a678701bae0cc98ab000864c7b5d5d235bcce94d12cfa1ec7eb3",
    "in/cases/c19/manifest.xml": "b0885e6359290020c26237357f8471ed9ef38e42425a8ab6ce00a3db595fcff1",
    "in/cases/c19/{CB7791DF-1E3C-4866-B30C-2342E9D851B3}/Backup.xml": "61748b5e4e38d81da8bcfebb95e9c9bfe75f855e9a67ab981049b9b95eebcdef",
    "in/cases/c19/{CB7791DF-1E3C-4866-B30C-2342E9D851B3}/DomainSysvol/GPO/Machine/Preferences/Registry/Registry.xml": "b03a0cfac5ad9a8ead7b65f84de68fea2f3d1e5eb4b54d599864eea976328385",
    "in/cases/c19/{CB7791DF-1E3C-4866-B30C-2342E9D851B3}/DomainSysvol/GPO/User/Preferences/Registry/Registry.xml": "1560238f3f37a7748ac6567a05c4b5293bf47ffae815dddd96c472186cab093b",
    "in/cases/c19/{CB7791DF-1E3C-4866-B30C-2342E9D851B3}/bkupInfo.xml": "05007897b4515e3111516f5dc9c96c3b974debee84c8d6d6b52a446eead1ed08",
    "in/cases/c19/{CB7791DF-1E3C-4866-B30C-2342E9D851B3}/gpreport.xml": "3f58c7540a9f09a9265d32ab370840020e21d511db996e66e6c7f64ac7aebe95",
    "in/cases/c20/manifest.xml": "8e39e9ac88d2b886266df8ce559a61b360bec6a2dafdc60edce257dfd2dffab5",
    "in/cases/c20/{195DBB5B-8274-441D-804E-907EECDB14C5}/Backup.xml": "baaf4891cc4456a285c13bd10db575c836d7d0cd1c1c1c1d32ab585ceaf896df",
    "in/cases/c20/{195DBB5B-8274-441D-804E-907EECDB14C5}/DomainSysvol/GPO/GPO.cmt": "083b73413ff5e3192a9414f1e83312d0f941aa7cbc004d85c1a9050c9bfcbfd6",
    "in/cases/c20/{195DBB5B-8274-441D-804E-907EECDB14C5}/DomainSysvol/GPO/Machine/registry.pol": "33006aa22bc14dbe7c11e274408f0e0ac31386e925b0565839e124c7caabaaa9",
    "in/cases/c20/{195DBB5B-8274-441D-804E-907EECDB14C5}/DomainSysvol/GPO/User/registry.pol": "655af407f6fe68986811b3ecb09c9ade191eb97b3bdefeacf0f5455ed02a9a6a",
    "in/cases/c20/{195DBB5B-8274-441D-804E-907EECDB14C5}/bkupInfo.xml": "ba16f80aea95dddc06f71b0ac053dab12d72279d051c12800d3ea649561be2ae",
    "in/cases/c20/{195DBB5B-8274-441D-804E-907EECDB14C5}/gpreport.xml": "f1624b676581d79f5eeaf553b8069a1a593d0e4dc67fb7fbc6a9c09d51ea90c0",
    "in/cases/c21/manifest.xml": "04a95c28076aced497106abe78adb315b093ecfe36ce0db88cb4aa73f6479e06",
    "in/cases/c21/{4A26C746-C855-49FA-8FA7-65CA78D86A7C}/Backup.xml": "06ea5cddf3c6cbfe368a68a4e6e8ced96160fd98494708b71195578b02e436f7",
    "in/cases/c21/{4A26C746-C855-49FA-8FA7-65CA78D86A7C}/DomainSysvol/GPO/GPO.cmt": "4623b9b2fe51cce8b54d9e61f3b626e72630d582d251115d3168835b0ab82381",
    "in/cases/c21/{4A26C746-C855-49FA-8FA7-65CA78D86A7C}/DomainSysvol/GPO/Machine/Scripts/PSscripts.ini": "a3ca0141246757996da50edb587a03961f53b6ca9fdceb6c923b024967fd790b",
    "in/cases/c21/{4A26C746-C855-49FA-8FA7-65CA78D86A7C}/DomainSysvol/GPO/Machine/Scripts/scripts.ini": "46972fdf555a6314947dadd01ad1c0eb799570b5d138a8b77c977f4dbb89172c",
    "in/cases/c21/{4A26C746-C855-49FA-8FA7-65CA78D86A7C}/bkupInfo.xml": "1fbc766a78483553174fefcc1bceb139f5295476d3bb2ba67b0265bd46a48fac",
    "in/cases/c21/{4A26C746-C855-49FA-8FA7-65CA78D86A7C}/gpreport.xml": "42305ee6f9731fb95edea604bcf3a8e637d2eaabb5107f08ac216aa6009836fc",
    "in/cases/c22/manifest.xml": "06be9a54c677380fc7594ce3584aeed5cae7fc7e9dd3ada58144c3080b86e9bc",
    "in/cases/c22/{F1EB5F60-231B-4997-9ED5-D87D08548239}/Backup.xml": "7ffbaed99a8b81169144023cd451dcf1b2049c964c4fc498495c0f9b4a1a75fc",
    "in/cases/c22/{F1EB5F60-231B-4997-9ED5-D87D08548239}/DomainSysvol/GPO/User/Preferences/Drives/Drives.xml": "2252553aa8e772a99ab45cc0784f95484afed0db414f289986bc9fd3443494a5",
    "in/cases/c22/{F1EB5F60-231B-4997-9ED5-D87D08548239}/bkupInfo.xml": "77e7e92e5c0ad554bab8e56cc4bf410183b473772cf7483966d7f10796016c88",
    "in/cases/c22/{F1EB5F60-231B-4997-9ED5-D87D08548239}/gpreport.xml": "0b82be63d65fdd2666223f2acd871f9fe81927b0454372261d09ef6fc1ca7a60",
    "in/cases/c23/manifest.xml": "6511f47b4d72f2d53d6c76c7b1006f4007eacd00860d5203605b81f5629eb36b",
    "in/cases/c23/{AA686540-32C4-45E3-A6C6-A57C1FEDE8BA}/Backup.xml": "d6d7a7a8cf38062bd5e8de7b0bd85b83cae8235a0589a70333815fe6d74d9546",
    "in/cases/c23/{AA686540-32C4-45E3-A6C6-A57C1FEDE8BA}/DomainSysvol/GPO/Machine/Preferences/Groups/Groups.xml": "dd294a21e89805121309b1e0f43c68e2ba40a9627a04d3842775acd0c01d0631",
    "in/cases/c23/{AA686540-32C4-45E3-A6C6-A57C1FEDE8BA}/bkupInfo.xml": "78b1006ad8be80ca00b91294ca445e6769fba52dc4640469230bd9b06a360085",
    "in/cases/c23/{AA686540-32C4-45E3-A6C6-A57C1FEDE8BA}/gpreport.xml": "9403ba1b58d93b0024ad46ae1df87310f12ac2111fe56813ec18b2ac1c9e7c69",
    "in/cases/c24/manifest.xml": "4975ea6377ff8a57bac80b8e8e0ed0c5e9b1ff22e0bf02aef12d89456f712ffd",
    "in/cases/c24/{A9297AE3-FF2B-4052-9018-B1AA7387DC54}/Backup.xml": "1b84078ceecf3f9941c67626675a9407d50f63c3099f28bbea4d757f305d25cf",
    "in/cases/c24/{A9297AE3-FF2B-4052-9018-B1AA7387DC54}/DomainSysvol/GPO/Machine/Preferences/Groups/Groups.xml": "5443b61f67063586b7a9d3d63abc078da14c2272047943d9f7739b0f39c85ca4",
    "in/cases/c24/{A9297AE3-FF2B-4052-9018-B1AA7387DC54}/bkupInfo.xml": "ca79fdf25e4e4141574e91d3b1a9d6640163c37141246cb2be2f90dd5cc7ee67",
    "in/cases/c24/{A9297AE3-FF2B-4052-9018-B1AA7387DC54}/gpreport.xml": "3d6d6afcacb81bf4094abd886f84ffb7e77d4f896b32409760618c0bffbdf600",
    "in/cases/c25/manifest.xml": "c2f0931ddda9e7311f18cb372b8c4500fb4db453679f84bf356fc89d1aea5304",
    "in/cases/c25/{3436A698-8BD2-4901-9F4C-3DBC0D5AA476}/Backup.xml": "96200b69e6bc259b6a1217d747e67b166a70c26d71f60e00bf63caefd7ea2d02",
    "in/cases/c25/{3436A698-8BD2-4901-9F4C-3DBC0D5AA476}/DomainSysvol/GPO/Machine/Preferences/Groups/Groups.xml": "66fb2e23199b7a575c4af69f30f2aebdb3539fb59ee62f31317814f73d39bdbf",
    "in/cases/c25/{3436A698-8BD2-4901-9F4C-3DBC0D5AA476}/DomainSysvol/GPO/Machine/Preferences/ScheduledTasks/ScheduledTasks.xml": "c1771cd7e7f692eee42b915f0117662604f6f512c4130b60027f3b6fa47b64f2",
    "in/cases/c25/{3436A698-8BD2-4901-9F4C-3DBC0D5AA476}/DomainSysvol/GPO/Machine/Preferences/Services/Services.xml": "1377afc3dee6ce93af47d87480df0fe7f969b40fbccae78219321465708c59e6",
    "in/cases/c25/{3436A698-8BD2-4901-9F4C-3DBC0D5AA476}/DomainSysvol/GPO/Machine/registry.pol": "88608afa75b7f71ab3ee60e5466479977a6a4b3ec989b8479491efaedabab4cd",
    "in/cases/c25/{3436A698-8BD2-4901-9F4C-3DBC0D5AA476}/DomainSysvol/GPO/User/Preferences/Drives/Drives.xml": "2252553aa8e772a99ab45cc0784f95484afed0db414f289986bc9fd3443494a5",
    "in/cases/c25/{3436A698-8BD2-4901-9F4C-3DBC0D5AA476}/DomainSysvol/GPO/User/registry.pol": "14490ed676d9b80e4a425e6de2de50a71ec6635ea3f2b2031556ab8214ab4048",
    "in/cases/c25/{3436A698-8BD2-4901-9F4C-3DBC0D5AA476}/bkupInfo.xml": "70254371a5af68b3306bae4c84a09c702fced30f9941bf2e83831d1f3eb31a37",
    "in/cases/c25/{3436A698-8BD2-4901-9F4C-3DBC0D5AA476}/gpreport.xml": "ebd0b80267acf3f951aa0c802038d8841ecf629e0edc9fd1b869ef4f57876d09",
    "in/cases/c26/manifest.xml": "67cb430bb1ae6047cf3450576cd8e865476830bf816f7ef319f7c1768a2224c2",
    "in/cases/c26/{805DE351-B208-47E3-9CE6-183C31435F43}/Backup.xml": "8588be36a09f05dd468444b8524f7f642020f954fd13da67ff432abf0ca364b5",
    "in/cases/c26/{805DE351-B208-47E3-9CE6-183C31435F43}/DomainSysvol/GPO/Machine/registry.pol": "88608afa75b7f71ab3ee60e5466479977a6a4b3ec989b8479491efaedabab4cd",
    "in/cases/c26/{805DE351-B208-47E3-9CE6-183C31435F43}/DomainSysvol/GPO/User/registry.pol": "14490ed676d9b80e4a425e6de2de50a71ec6635ea3f2b2031556ab8214ab4048",
    "in/cases/c26/{805DE351-B208-47E3-9CE6-183C31435F43}/bkupInfo.xml": "36290bff2c405e845f913d6a0899a8cdd012aece845d18a72579fbfecec85435",
    "in/cases/c26/{805DE351-B208-47E3-9CE6-183C31435F43}/gpreport.xml": "e2b4f7c9b95ee593aa288a15781d6abdb7f50c267cfddd2a8ce02f581910c77e",
    "in/cases/c27/manifest.xml": "49ac61b49335d60e5922a9fd870ed1097c50cc51723de136f141e205cedbc1ab",
    "in/cases/c27/{4BBA6A5C-1560-477B-B8AE-CA6C05223FB3}/Backup.xml": "11f117c9f4b7b3348aaa892e8a084969fb21f6578a1606d4274f126d6564eece",
    "in/cases/c27/{4BBA6A5C-1560-477B-B8AE-CA6C05223FB3}/DomainSysvol/GPO/Machine/Preferences/ScheduledTasks/ScheduledTasks.xml": "c1771cd7e7f692eee42b915f0117662604f6f512c4130b60027f3b6fa47b64f2",
    "in/cases/c27/{4BBA6A5C-1560-477B-B8AE-CA6C05223FB3}/bkupInfo.xml": "d808eb7e50929ad1de806e81c0dd210c47bb038a36907754d3826933cc6b93a4",
    "in/cases/c27/{4BBA6A5C-1560-477B-B8AE-CA6C05223FB3}/gpreport.xml": "38548182298e400a54bd5ee952849f5003923ee32a7a4e64649f08152d780db7",
    "in/cases/c28/manifest.xml": "c97fb7077e6efee1829c924aabddd90f73050b125d4c27e70570ce6a7722cf96",
    "in/cases/c28/{5F090181-A940-4E37-BFBC-D78FF015891F}/Backup.xml": "0d89076d11391727c7f41701400a923d82c731cce9bcf1a623ef165d13b2767f",
    "in/cases/c28/{5F090181-A940-4E37-BFBC-D78FF015891F}/DomainSysvol/GPO/Machine/Preferences/Services/Services.xml": "1377afc3dee6ce93af47d87480df0fe7f969b40fbccae78219321465708c59e6",
    "in/cases/c28/{5F090181-A940-4E37-BFBC-D78FF015891F}/bkupInfo.xml": "1e4dd064f35000dcc7dbdb54d20b0a68772e3a4eeb363b0e1524527ae4181174",
    "in/cases/c28/{5F090181-A940-4E37-BFBC-D78FF015891F}/gpreport.xml": "47ec0c21d84038521d740c355a9b5cb30f273e038721eaf0c9178f38b96168ab",
    "in/cases/c29/manifest.xml": "5db85c3ac3c30b7a80e787bdcdd2b9fee42890a90ccfc2cdb6867d8c994fc6eb",
    "in/cases/c29/{FDF7359A-FC2E-4DF1-804F-3FF39D5707AD}/Backup.xml": "f9b8828d6586230465f4b4eb85c10be680623bc187f2438e5c43d1a71d20ffaa",
    "in/cases/c29/{FDF7359A-FC2E-4DF1-804F-3FF39D5707AD}/DomainSysvol/GPO/Machine/registry.pol": "f8dea3be075fc11c60877dd29c1a8ddd58506829aa8baa6c8f4de16a7950ce37",
    "in/cases/c29/{FDF7359A-FC2E-4DF1-804F-3FF39D5707AD}/DomainSysvol/GPO/User/registry.pol": "6ab052452b6453f4b2153cc7486d2cd025c8ef802e311a5f4fdccf4644bed23e",
    "in/cases/c29/{FDF7359A-FC2E-4DF1-804F-3FF39D5707AD}/bkupInfo.xml": "dec7a2e1e35710055ae77e15721a453dc471c7676088189e30cac746bd46ba1f",
    "in/cases/c29/{FDF7359A-FC2E-4DF1-804F-3FF39D5707AD}/gpreport.xml": "8c749a8f2546ce16f509964fd445f19ac2f3f3d506f5ed107514abe9d0933276",
    "in/cases/c30/manifest.xml": "5173a840a8ebc1d74d27ee04327e12c8c74ffccd1121d490cfeca15f0ca14292",
    "in/cases/c30/{BB0A91EB-0598-4CAA-8424-4E0FB159B03B}/Backup.xml": "402a5135679065bda5ecb88fdd4279e887e7b367f94910b7430da08e7075e37d",
    "in/cases/c30/{BB0A91EB-0598-4CAA-8424-4E0FB159B03B}/DomainSysvol/GPO/GPO.cmt": "4623b9b2fe51cce8b54d9e61f3b626e72630d582d251115d3168835b0ab82381",
    "in/cases/c30/{BB0A91EB-0598-4CAA-8424-4E0FB159B03B}/DomainSysvol/GPO/Machine/Scripts/PSscripts.ini": "a3ca0141246757996da50edb587a03961f53b6ca9fdceb6c923b024967fd790b",
    "in/cases/c30/{BB0A91EB-0598-4CAA-8424-4E0FB159B03B}/DomainSysvol/GPO/Machine/Scripts/scripts.ini": "46972fdf555a6314947dadd01ad1c0eb799570b5d138a8b77c977f4dbb89172c",
    "in/cases/c30/{BB0A91EB-0598-4CAA-8424-4E0FB159B03B}/bkupInfo.xml": "dc4d49520b72adec37962fc4644ae45031face90f19865d45e791bd3ae432bd7",
    "in/cases/c30/{BB0A91EB-0598-4CAA-8424-4E0FB159B03B}/gpreport.xml": "d28ec80f83ed6af3e08beaaa20fb8e73c834959e864bc9ff8aef312d5039a790",
    "in/cases/index.tsv": "b62b7262b00d7cfe768eabc60f9da75349720d6200daa1c65d45a9523fa922fc",
    "reports/authored.xml": "11386dcd59220f0e3aebfca0821d7ffa61d16893bd2d227507e8bb04c3e5dd2e",
    "reports/c01.xml": "ea817f6e7118a9b70ce3fd2faa52cfd91e318e57ce80b1c030487832faef4735",
    "reports/c02.xml": "35611f47c790ee264eddc20f9d518c5dac6a344cd2cc2b1be1bc5c5ad2d2705e",
    "reports/c03.xml": "2aeaf34425d2e8b777197baab5f69fdae0469837d2653e3f3f1ff277d57faf4e",
    "reports/c04.xml": "c907e968696b10545e049818ec7c2695ac84ab0d2a939ac634a56c40d1f07e82",
    "reports/c05.xml": "d337513dbf8c0f6a41e2b17f5b6c6046f6b605b1fd004a87482dfd6f401747df",
    "reports/c06.xml": "b7992aa0c48915847452f88b18813028f2dc29da7f525c68525fb12785428d68",
    "reports/c07.xml": "9ab2975a857e1b6eb6029312f1462ec0740d2d063af5832722ef48a8ed6a2ca2",
    "reports/c08.xml": "681af4df14397ab8625aca6deb0ecfadeb17d2e0c22944d017211951e12c5856",
    "reports/c09.xml": "6caef006e6e4da1a329b52a7b0d21128586b2d30f218a6e5907dc5145af6f4d8",
    "reports/c10.xml": "a7da32be417c3795c6826879979fc3aed400bfb8c92423992c798a7b785f0a15",
    "reports/c11.xml": "f993a6c39f400aae10fa9ec37e3a2ad28b3470251263fdfcf1eeb00aa61e6a06",
    "reports/c12.xml": "2cb26e5ff5150878ef7918a4418cb879877ef28441745e4569a282931285477a",
    "reports/c13.xml": "ac549f77b137e1a5fbc11363ea781946d64805aa69fa1c7268f8183f4615c233",
    "reports/c14.xml": "d3ad5c3cd883bb6bc77a21dc9535aedaf0896d76d5b7dafd0eb4d3fe5902a6f3",
    "reports/c15.xml": "5793cce9ae94bc48864106e2c065da33b46d2a19977810d51ab09f6663f5ad4b",
    "reports/c16.xml": "961e64d37ecda2d94d0b39af422bc69a082e296009f79810b6f9af3a4dc6837e",
    "reports/c17.xml": "2a96e466cc9dbd53511e7649345097c1b9b025e358c775083bf7d1ddf05eff2c",
    "reports/c18.xml": "1c1fd7a0dae9a8a4f8516bc852ffb4866766ec3b03acc7bc22eeabdb4d2b4f11",
    "reports/c19.xml": "fc128cd8a962601c13e8e2e23034252ff16884fcb9c4bdb4e107f307b3cedc03",
    "reports/c20.xml": "55c6853c92b48e8544f6b860f107af05806eed0b9f978d620faae9114707d62c",
    "reports/c21.xml": "50afd575e639203b6e0988a5dd4f91c35ac20ebc381f70cb7b1140eaae0397dc",
    "reports/c22.xml": "a6b7318a95aadf396154309378dabf018a02ec7309a3c8647b9d8ad1ec6a90b5",
    "reports/c23.xml": "bc2aa8a71d9f43beefd01e7d9f3da925ea5f954627b928967b838b28c5c3d9c3",
    "reports/c24.xml": "425fcbbaebb2d24b1939d3a3bf25371c6b974e9e3e1b8113349c5f882a5c7f78",
    "reports/c25.xml": "42bd611b276266f1fb283a0ce27025d9119156233ced914da3a95c177bc646f5",
    "reports/c26.xml": "477ade432a3324b7ab6d55874362c837f7737692b2f74cb83bee5f35219f0292",
    "reports/c27.xml": "0bc715217c52bb3eb24f2061db463d4fc9a3b549a9af25803679b4a4e434e1b8",
    "reports/c28.xml": "401a74ece8b7bbc1b72e622a1a32975967db2bc01b2c36a1528c247f02ac9cbe",
    "reports/c29.xml": "9a3df269e528554bccddaeef96a69ed768dfbd65eac945e7954f03eed20a37df",
    "reports/c30.xml": "f92f922eaa0f754f027adee3f3291aa8ddf19779a7a85a6ae85bb9f8f74cf41e",
    "result.json": "484696632762b28f43a8532f66ccf8b372b7ed2560d6a8e4808377b978d1f7b0"
  },
  "candidate": {
    "builder.stdout.txt": "2f8d0c7027a28aebcbd59fe886ad98a48a04ff91906eca1fc7347b5384039ed7",
    "expected.json": "02439ddd534c10787c14c774099e01d1df60206b900eb9e9fb05b8a7fa8a0fec",
    "report-parity-cases.zip": "b68be0e0af9d39d328b1756e64a0bd46a73efc3cc097febe3dc6a5ffc57ded6c"
  },
  "candidate_delivery": {
    "controller_sha256": "b68be0e0af9d39d328b1756e64a0bd46a73efc3cc097febe3dc6a5ffc57ded6c",
    "guest_sha256": "b68be0e0af9d39d328b1756e64a0bd46a73efc3cc097febe3dc6a5ffc57ded6c"
  },
  "checks": {
    "authored_fresh_report_matches_backup_report": true,
    "authored_report_lists_exactly_the_authored_values": true,
    "authored_steps_succeeded": true,
    "authored_studio_import_equals_report": true,
    "candidate_carries_the_required_corpus": true,
    "candidate_delivered_intact": true,
    "candidate_rebuilds_from_bound_builder": true,
    "cleanup_state_restored": true,
    "deployed_harness_matches_source": true,
    "environment_matches_frozen_spec": true,
    "every_case_identity_matches_candidate": true,
    "every_case_imported": true,
    "every_case_studio_matches_fresh_report": true,
    "every_disposable_gpo_unlinked": true,
    "every_expected_case_ran_once": true,
    "every_fresh_report_identifies_its_owned_gpo": true,
    "every_gpo_removed_and_absent": true,
    "every_owned_gpo_is_this_runs": true,
    "fixed_work_item_cases_agree_exactly": true,
    "fresh_reports_delivered_intact": true,
    "guest_exited_zero": true,
    "harness_reported_no_error": true,
    "member_server_host_role": true,
    "raw_command_artifacts_complete": true,
    "result_schema_exact": true,
    "source_tree_clean": true
  },
  "checks_complete": true,
  "comparison": {
    "authored": {
      "checks": {
        "authored_fresh_report_matches_backup_report": true,
        "authored_report_lists_exactly_the_authored_values": true,
        "authored_studio_import_equals_report": true
      },
      "divergences": [],
      "expected": {
        "computer/RegistrySettings": [
          "Software\\Policies\\GPOStudio\\ReportParity :: MachineDword = Number:4242",
          "Software\\Policies\\GPOStudio\\ReportParity :: MachineString = String:report-parity-machine"
        ],
        "user/RegistrySettings": [
          "Software\\Policies\\GPOStudio\\ReportParity :: UserDword = Number:2424",
          "Software\\Policies\\GPOStudio\\ReportParity :: UserString = String:report-parity-user"
        ]
      },
      "windows": {
        "computer/RegistrySettings": [
          "Software\\Policies\\GPOStudio\\ReportParity :: MachineDword = Number:4242",
          "Software\\Policies\\GPOStudio\\ReportParity :: MachineString = String:report-parity-machine"
        ],
        "user/RegistrySettings": [
          "Software\\Policies\\GPOStudio\\ReportParity :: UserDword = Number:2424",
          "Software\\Policies\\GPOStudio\\ReportParity :: UserString = String:report-parity-user"
        ]
      }
    },
    "cases": {
      "evidence-backup-report-20260908-scripts-metadata-rebackup": {
        "checks": {
          "fresh_report_lists_settings": true,
          "fresh_report_matches_capture_time_report": true,
          "known_divergences_exactly_as_expected": true,
          "no_unexplained_divergence": true
        },
        "families": [
          {
            "equal": false,
            "family": "Scripts",
            "side": "computer",
            "studio_count": 0,
            "windows_count": 3
          }
        ],
        "known": {
          "scripts-not-modeled": {
            "divergences": [
              "computer/Scripts: missing_in_studio: Script 'zz-studio-marker.cmd'",
              "computer/Scripts: missing_in_studio: Script 'zz-studio-second.cmd'",
              "computer/Scripts: missing_in_studio: Script 'zz-studio-marker.ps1'"
            ],
            "work_item": null
          }
        },
        "unexplained": []
      },
      "evidence-wi059-20260908-scripts-metadata-rebackup": {
        "checks": {
          "fresh_report_lists_settings": true,
          "fresh_report_matches_capture_time_report": true,
          "known_divergences_exactly_as_expected": true,
          "no_unexplained_divergence": true
        },
        "families": [
          {
            "equal": false,
            "family": "Scripts",
            "side": "computer",
            "studio_count": 0,
            "windows_count": 3
          }
        ],
        "known": {
          "scripts-not-modeled": {
            "divergences": [
              "computer/Scripts: missing_in_studio: Script 'zz-studio-marker.cmd'",
              "computer/Scripts: missing_in_studio: Script 'zz-studio-second.cmd'",
              "computer/Scripts: missing_in_studio: Script 'zz-studio-marker.ps1'"
            ],
            "work_item": null
          }
        },
        "unexplained": []
      },
      "evidence-wi059-20260908-wp0-backup": {
        "checks": {
          "fresh_report_lists_settings": true,
          "fresh_report_matches_capture_time_report": true,
          "known_divergences_exactly_as_expected": true,
          "no_unexplained_divergence": true
        },
        "families": [
          {
            "equal": true,
            "family": "RegistrySettings",
            "side": "computer",
            "studio_count": 2,
            "windows_count": 2
          },
          {
            "equal": true,
            "family": "RegistrySettings",
            "side": "user",
            "studio_count": 1,
            "windows_count": 1
          }
        ],
        "known": {},
        "unexplained": []
      },
      "evidence-wi059-20260908-wp1b-drives-user-rebackup": {
        "checks": {
          "fresh_report_lists_settings": true,
          "fresh_report_matches_capture_time_report": true,
          "known_divergences_exactly_as_expected": true,
          "no_unexplained_divergence": true
        },
        "families": [
          {
            "equal": false,
            "family": "DriveMapSettings",
            "side": "user",
            "studio_count": 1,
            "windows_count": 1
          }
        ],
        "known": {
          "legacy-studio-drive-name": {
            "divergences": [
              "user/DriveMapSettings: missing_in_studio: Drive 'P' [U]",
              "user/DriveMapSettings: extra_in_studio: Drive 'P:' [U]"
            ],
            "work_item": null
          }
        },
        "unexplained": []
      },
      "evidence-wi059-20260908-wp1b-groups-machine-rebackup": {
        "checks": {
          "fresh_report_lists_settings": true,
          "fresh_report_matches_capture_time_report": true,
          "known_divergences_exactly_as_expected": true,
          "no_unexplained_divergence": true
        },
        "families": [
          {
            "equal": true,
            "family": "LugsSettings",
            "side": "computer",
            "studio_count": 1,
            "windows_count": 1
          }
        ],
        "known": {},
        "unexplained": []
      },
      "evidence-wi059-20260908-wp1b-localusers-machine-rebackup": {
        "checks": {
          "fresh_report_lists_settings": true,
          "fresh_report_matches_capture_time_report": true,
          "known_divergences_exactly_as_expected": true,
          "no_unexplained_divergence": true
        },
        "families": [
          {
            "equal": true,
            "family": "LugsSettings",
            "side": "computer",
            "studio_count": 1,
            "windows_count": 1
          }
        ],
        "known": {},
        "unexplained": []
      },
      "evidence-wi059-20260908-wp1b-mixed-all-rebackup": {
        "checks": {
          "fresh_report_lists_settings": true,
          "fresh_report_matches_capture_time_report": true,
          "known_divergences_exactly_as_expected": true,
          "no_unexplained_divergence": true
        },
        "families": [
          {
            "equal": true,
            "family": "LugsSettings",
            "side": "computer",
            "studio_count": 2,
            "windows_count": 2
          },
          {
            "equal": true,
            "family": "RegistrySettings",
            "side": "computer",
            "studio_count": 1,
            "windows_count": 1
          },
          {
            "equal": true,
            "family": "ScheduledTasksSettings",
            "side": "computer",
            "studio_count": 1,
            "windows_count": 1
          },
          {
            "equal": true,
            "family": "ServiceSettings",
            "side": "computer",
            "studio_count": 1,
            "windows_count": 1
          },
          {
            "equal": false,
            "family": "DriveMapSettings",
            "side": "user",
            "studio_count": 1,
            "windows_count": 1
          },
          {
            "equal": true,
            "family": "RegistrySettings",
            "side": "user",
            "studio_count": 1,
            "windows_count": 1
          }
        ],
        "known": {
          "legacy-studio-drive-name": {
            "divergences": [
              "user/DriveMapSettings: missing_in_studio: Drive 'P' [U]",
              "user/DriveMapSettings: extra_in_studio: Drive 'P:' [U]"
            ],
            "work_item": null
          }
        },
        "unexplained": []
      },
      "evidence-wi059-20260908-wp1b-registry-both-rebackup": {
        "checks": {
          "fresh_report_lists_settings": true,
          "fresh_report_matches_capture_time_report": true,
          "known_divergences_exactly_as_expected": true,
          "no_unexplained_divergence": true
        },
        "families": [
          {
            "equal": true,
            "family": "RegistrySettings",
            "side": "computer",
            "studio_count": 1,
            "windows_count": 1
          },
          {
            "equal": true,
            "family": "RegistrySettings",
            "side": "user",
            "studio_count": 1,
            "windows_count": 1
          }
        ],
        "known": {},
        "unexplained": []
      },
      "evidence-wi059-20260908-wp1b-scheduledtasks-machine-rebackup": {
        "checks": {
          "fresh_report_lists_settings": true,
          "fresh_report_matches_capture_time_report": true,
          "known_divergences_exactly_as_expected": true,
          "no_unexplained_divergence": true
        },
        "families": [
          {
            "equal": true,
            "family": "ScheduledTasksSettings",
            "side": "computer",
            "studio_count": 1,
            "windows_count": 1
          }
        ],
        "known": {},
        "unexplained": []
      },
      "evidence-wi059-20260908-wp1b-services-machine-rebackup": {
        "checks": {
          "fresh_report_lists_settings": true,
          "fresh_report_matches_capture_time_report": true,
          "known_divergences_exactly_as_expected": true,
          "no_unexplained_divergence": true
        },
        "families": [
          {
            "equal": true,
            "family": "ServiceSettings",
            "side": "computer",
            "studio_count": 1,
            "windows_count": 1
          }
        ],
        "known": {},
        "unexplained": []
      },
      "evidence-wi059-20260908-wp2-rebackup": {
        "checks": {
          "fresh_report_lists_settings": true,
          "fresh_report_matches_capture_time_report": true,
          "known_divergences_exactly_as_expected": true,
          "no_unexplained_divergence": true
        },
        "families": [
          {
            "equal": true,
            "family": "RegistrySettings",
            "side": "computer",
            "studio_count": 1,
            "windows_count": 1
          },
          {
            "equal": true,
            "family": "RegistrySettings",
            "side": "user",
            "studio_count": 1,
            "windows_count": 1
          }
        ],
        "known": {},
        "unexplained": []
      },
      "native-WI01A-DriveMaps-GPMC": {
        "checks": {
          "fresh_report_lists_settings": true,
          "fresh_report_matches_capture_time_report": true,
          "known_divergences_exactly_as_expected": true,
          "no_unexplained_divergence": true
        },
        "families": [
          {
            "equal": true,
            "family": "DriveMapSettings",
            "side": "user",
            "studio_count": 4,
            "windows_count": 4
          }
        ],
        "known": {},
        "unexplained": []
      },
      "native-WI01A-EnvVars-GPMC": {
        "checks": {
          "fresh_report_lists_settings": true,
          "fresh_report_matches_capture_time_report": true,
          "known_divergences_exactly_as_expected": true,
          "no_unexplained_divergence": true
        },
        "families": [
          {
            "equal": true,
            "family": "EnvironmentVariablesSettings",
            "side": "user",
            "studio_count": 10,
            "windows_count": 10
          }
        ],
        "known": {},
        "unexplained": []
      },
      "native-WI01A-Files-GPMC": {
        "checks": {
          "fresh_report_lists_settings": true,
          "fresh_report_matches_capture_time_report": true,
          "known_divergences_exactly_as_expected": true,
          "no_unexplained_divergence": true
        },
        "families": [
          {
            "equal": true,
            "family": "FilesSettings",
            "side": "user",
            "studio_count": 3,
            "windows_count": 3
          }
        ],
        "known": {},
        "unexplained": []
      },
      "native-WI01A-Folders-GPMC": {
        "checks": {
          "fresh_report_lists_settings": true,
          "fresh_report_matches_capture_time_report": true,
          "known_divergences_exactly_as_expected": true,
          "no_unexplained_divergence": true
        },
        "families": [
          {
            "equal": true,
            "family": "FoldersSettings",
            "side": "user",
            "studio_count": 2,
            "windows_count": 2
          }
        ],
        "known": {},
        "unexplained": []
      },
      "native-WI01A-IniFiles-GPMC": {
        "checks": {
          "fresh_report_lists_settings": true,
          "fresh_report_matches_capture_time_report": true,
          "known_divergences_exactly_as_expected": true,
          "no_unexplained_divergence": true
        },
        "families": [
          {
            "equal": true,
            "family": "IniFilesSettings",
            "side": "user",
            "studio_count": 4,
            "windows_count": 4
          }
        ],
        "known": {},
        "unexplained": []
      },
      "native-WI01A-LocalGroups-GPMC": {
        "checks": {
          "fresh_report_lists_settings": true,
          "fresh_report_matches_capture_time_report": true,
          "known_divergences_exactly_as_expected": true,
          "no_unexplained_divergence": true
        },
        "families": [
          {
            "equal": true,
            "family": "LugsSettings",
            "side": "computer",
            "studio_count": 3,
            "windows_count": 3
          },
          {
            "equal": true,
            "family": "LugsSettings",
            "side": "user",
            "studio_count": 1,
            "windows_count": 1
          }
        ],
        "known": {},
        "unexplained": []
      },
      "native-WI01A-MixedCSE-GPMC": {
        "checks": {
          "fresh_report_lists_settings": true,
          "fresh_report_matches_capture_time_report": true,
          "known_divergences_exactly_as_expected": true,
          "no_unexplained_divergence": true
        },
        "families": [
          {
            "equal": true,
            "family": "LugsSettings",
            "side": "computer",
            "studio_count": 1,
            "windows_count": 1
          },
          {
            "equal": true,
            "family": "ScheduledTasksSettings",
            "side": "computer",
            "studio_count": 1,
            "windows_count": 1
          },
          {
            "equal": true,
            "family": "DriveMapSettings",
            "side": "user",
            "studio_count": 1,
            "windows_count": 1
          }
        ],
        "known": {},
        "unexplained": []
      },
      "native-WI01A-NestedILT-GPMC": {
        "checks": {
          "fresh_report_lists_settings": true,
          "fresh_report_matches_capture_time_report": true,
          "known_divergences_exactly_as_expected": true,
          "no_unexplained_divergence": true
        },
        "families": [
          {
            "equal": true,
            "family": "DriveMapSettings",
            "side": "user",
            "studio_count": 1,
            "windows_count": 1
          }
        ],
        "known": {},
        "unexplained": []
      },
      "native-WI01A-OS-ILT": {
        "checks": {
          "fresh_report_lists_settings": true,
          "fresh_report_matches_capture_time_report": true,
          "known_divergences_exactly_as_expected": true,
          "no_unexplained_divergence": true
        },
        "families": [
          {
            "equal": true,
            "family": "DriveMapSettings",
            "side": "user",
            "studio_count": 1,
            "windows_count": 1
          }
        ],
        "known": {},
        "unexplained": []
      },
      "native-WI01A-Power-GPMC": {
        "checks": {
          "fresh_report_lists_settings": true,
          "fresh_report_matches_capture_time_report": true,
          "known_divergences_exactly_as_expected": true,
          "no_unexplained_divergence": true
        },
        "families": [
          {
            "equal": true,
            "family": "PowerOptionsSettings",
            "side": "user",
            "studio_count": 1,
            "windows_count": 1
          }
        ],
        "known": {},
        "unexplained": []
      },
      "native-WI01A-Printers-GPMC": {
        "checks": {
          "fresh_report_lists_settings": true,
          "fresh_report_matches_capture_time_report": true,
          "known_divergences_exactly_as_expected": true,
          "no_unexplained_divergence": true
        },
        "families": [
          {
            "equal": true,
            "family": "PrintersSettings",
            "side": "user",
            "studio_count": 5,
            "windows_count": 5
          }
        ],
        "known": {},
        "unexplained": []
      },
      "native-WI01A-Registry-GPMC": {
        "checks": {
          "fresh_report_lists_settings": true,
          "fresh_report_matches_capture_time_report": true,
          "known_divergences_exactly_as_expected": true,
          "no_unexplained_divergence": true
        },
        "families": [
          {
            "equal": true,
            "family": "Windows/Registry:RegistrySettings",
            "side": "computer",
            "studio_count": 3,
            "windows_count": 3
          },
          {
            "equal": true,
            "family": "Windows/Registry:RegistrySettings",
            "side": "user",
            "studio_count": 2,
            "windows_count": 2
          }
        ],
        "known": {},
        "unexplained": []
      },
      "native-WI01A-RegistryMatrix-GPMC": {
        "checks": {
          "fresh_report_lists_settings": true,
          "fresh_report_matches_capture_time_report": true,
          "known_divergences_exactly_as_expected": true,
          "no_unexplained_divergence": true
        },
        "families": [
          {
            "equal": true,
            "family": "Windows/Registry:RegistrySettings",
            "side": "computer",
            "studio_count": 24,
            "windows_count": 24
          },
          {
            "equal": true,
            "family": "Windows/Registry:RegistrySettings",
            "side": "user",
            "studio_count": 4,
            "windows_count": 4
          }
        ],
        "known": {},
        "unexplained": []
      },
      "native-WI01A-RegistryShapes-GPMC": {
        "checks": {
          "fresh_report_lists_settings": true,
          "fresh_report_matches_capture_time_report": true,
          "known_divergences_exactly_as_expected": true,
          "no_unexplained_divergence": true
        },
        "families": [
          {
            "equal": true,
            "family": "Windows/Registry:RegistrySettings",
            "side": "computer",
            "studio_count": 6,
            "windows_count": 6
          },
          {
            "equal": true,
            "family": "Windows/Registry:RegistrySettings",
            "side": "user",
            "studio_count": 2,
            "windows_count": 2
          }
        ],
        "known": {},
        "unexplained": []
      },
      "native-WI01A-SchedTasks-GPMC": {
        "checks": {
          "fresh_report_lists_settings": true,
          "fresh_report_matches_capture_time_report": true,
          "known_divergences_exactly_as_expected": true,
          "no_unexplained_divergence": true
        },
        "families": [
          {
            "equal": true,
            "family": "ScheduledTasksSettings",
            "side": "computer",
            "studio_count": 3,
            "windows_count": 3
          },
          {
            "equal": true,
            "family": "ScheduledTasksSettings",
            "side": "user",
            "studio_count": 2,
            "windows_count": 2
          }
        ],
        "known": {},
        "unexplained": []
      },
      "native-WI01A-SchedTasksFull-GPMC": {
        "checks": {
          "fresh_report_lists_settings": true,
          "fresh_report_matches_capture_time_report": true,
          "known_divergences_exactly_as_expected": true,
          "no_unexplained_divergence": true
        },
        "families": [
          {
            "equal": true,
            "family": "ScheduledTasksSettings",
            "side": "computer",
            "studio_count": 4,
            "windows_count": 4
          },
          {
            "equal": true,
            "family": "ScheduledTasksSettings",
            "side": "user",
            "studio_count": 2,
            "windows_count": 2
          }
        ],
        "known": {},
        "unexplained": []
      },
      "native-WI01A-Services-GPMC": {
        "checks": {
          "fresh_report_lists_settings": true,
          "fresh_report_matches_capture_time_report": true,
          "known_divergences_exactly_as_expected": true,
          "no_unexplained_divergence": true
        },
        "families": [
          {
            "equal": true,
            "family": "ServiceSettings",
            "side": "computer",
            "studio_count": 3,
            "windows_count": 3
          }
        ],
        "known": {},
        "unexplained": []
      },
      "native-WI01A-ServicesRecovery-GPMC": {
        "checks": {
          "fresh_report_lists_settings": true,
          "fresh_report_matches_capture_time_report": true,
          "known_divergences_exactly_as_expected": true,
          "no_unexplained_divergence": true
        },
        "families": [
          {
            "equal": true,
            "family": "ServiceSettings",
            "side": "computer",
            "studio_count": 2,
            "windows_count": 2
          }
        ],
        "known": {},
        "unexplained": []
      },
      "native-WI01A-Shortcuts-GPMC": {
        "checks": {
          "fresh_report_lists_settings": true,
          "fresh_report_matches_capture_time_report": true,
          "known_divergences_exactly_as_expected": true,
          "no_unexplained_divergence": true
        },
        "families": [
          {
            "equal": true,
            "family": "ShortcutSettings",
            "side": "user",
            "studio_count": 3,
            "windows_count": 3
          }
        ],
        "known": {},
        "unexplained": []
      }
    }
  },
  "comparison_error": null,
  "environment": {
    "computer_system_domain": "ad.labdomain.dev",
    "computer_system_domain_role": 3,
    "computer_system_name": "LABMS01",
    "gpmc_version": "built-in",
    "group_policy_module_version": "1.0.0.0",
    "locale": "en-US",
    "powershell_edition": "Desktop",
    "powershell_version": "5.1.26100.33438",
    "server_build": "26100",
    "server_caption": "Microsoft Windows Server 2025 Standard"
  },
  "environment_violations": [],
  "excluded_cases": [],
  "exclusions": [
    "admx-policy-rendering",
    "scripts-not-modeled",
    "links-filters-wmi (lifecycle lane)",
    "preference Properties attributes (identity, uid and action only)"
  ],
  "guest_status": 0,
  "harness_error": null,
  "passed": true,
  "run_id": "report-parity-20261009001727-3532",
  "schema_version": 2,
  "source": {
    "banked_copies": [
      "run-report-parity.ps1"
    ],
    "commit": "de9736ed3a4148b91cf2267fbe4640e260cc232f",
    "dirty": false,
    "files": {
      "backup.py": "cbe374ad0e2a00baa96353940f87ffc1ce43746eb23f84e023dea54859556f0d",
      "backup_inventory.py": "d28a9638f51df8ca15353b2843cb2326e22b7514c42751318321311e684c4440",
      "build-report-parity-candidate.py": "23bc0cf7a31c76cc5e7d65c5f7083f0a124db77594a31b204f70393bb744e856",
      "deterministic_zip.py": "334eee3fabceacb0a96189ea9d6734122328b2d2d06ecc3d8b9150874a90094c",
      "finalize_report_parity_run.py": "856b73b55f14cbd47f70e00c4c8902d01f4e0df027ca0f74fda49f63de55213f",
      "gpp.py": "2b58a23c3b0bd14dc851cc02f60b2d50541ca6c89f0ba4b5f6fdb5eb10fa3724",
      "gpp_adapters.py": "68875569103cf709216126f6784bd67888347ceda96061050e446149737ed19f",
      "import_export.py": "1cae03e129811a72e157cc88209ad1fee13aef162b367e70cddf7d9eecc4c559",
      "model.py": "a02e3958cd7d18f3e3d90f9b8da84668f73332f7a74cd8bbf87f8b09574f75ab",
      "oracle_evidence.py": "87d413de0d4017b230eea2767f9d62fe7ffb26fca155d90a00d38b5697bad40c",
      "psdirect.ps1": "d2fb2ffd09869f1214ca916bdc3ea5c31c149b4d98ebcc322d1af7c29410aeb3",
      "registry_pol.py": "893014badac42eb3c98c5c951564a5969d886018e81b7431138e50e1486ecc3a",
      "report_parity.py": "7d815674dd8f82047a832b6e445ee78fa175908e524075e5a4a614c87e88d38f",
      "run-report-parity-oracle.sh": "90e8a025c1dd658ac13c72397fd87644cfcb41c19a21933be335ba4d35403fc1",
      "run-report-parity.ps1": "beeeea16b786135c24461d7fca02dc5f7ee8576caf30706093f5857d239092ab",
      "xml_safety.py": "c0d196739b4accd494049b9d9959a78078e4934258734c00c0cd3e38df030a11"
    },
    "paths": {
      "backup.py": "src/gpo_studio/backup.py",
      "backup_inventory.py": "src/gpo_studio/backup_inventory.py",
      "build-report-parity-candidate.py": "scripts/plan-033/build-report-parity-candidate.py",
      "deterministic_zip.py": "src/gpo_studio/deterministic_zip.py",
      "finalize_report_parity_run.py": "scripts/windows-oracle/finalize_report_parity_run.py",
      "gpp.py": "src/gpo_studio/gpp.py",
      "gpp_adapters.py": "src/gpo_studio/gpp_adapters.py",
      "import_export.py": "src/gpo_studio/import_export.py",
      "model.py": "src/gpo_studio/model.py",
      "oracle_evidence.py": "src/gpo_studio/oracle_evidence.py",
      "psdirect.ps1": "scripts/windows-oracle/psdirect.ps1",
      "registry_pol.py": "src/gpo_studio/registry_pol.py",
      "report_parity.py": "src/gpo_studio/report_parity.py",
      "run-report-parity-oracle.sh": "scripts/windows-oracle/run-report-parity-oracle.sh",
      "run-report-parity.ps1": "scripts/windows-oracle/run-report-parity.ps1",
      "xml_safety.py": "src/gpo_studio/xml_safety.py"
    }
  },
  "transport": "psdirect"
}
EVIDENCE_TAG=created evidence/report-parity-20261009001727-3532 at de9736ed3a41 — push it: git push origin evidence/report-parity-20261009001727-3532
