DOMAIN=ad.labdomain.dev
SCENARIO=user-security-filtering-deny
built rsop candidate for user-security-filtering-deny (7 GPOs) in /home/itadmin/gpo-batch-034/tmp/rsop-user-candidate-20261008081314
  predicted winners: AllowOnly=1(Studio-RSOP-FilterAllow), Control=present(Studio-RSOP-UserControl), DenyApplyCompOnly=1(Studio-RSOP-FilterDenyApplyComp), Filter=denyApplyComp(Studio-RSOP-FilterDenyApplyComp), NestedOnly=1(Studio-RSOP-FilterNested)
  predicted denied:  Studio-RSOP-FilterDeny(security_filter_denied/security_filter_mismatch), Studio-RSOP-FilterDenyGroup(security_filter_denied/security_filter_mismatch), Studio-RSOP-FilterReadOnly(security_filter_mismatch)
RUN_ID=rsop-user-observe-20261008081344-3290
WORK_DIR=C:\gpo-studio\out\rsop-user-observe-20261008081344-3290
PREFLIGHT_VALUES=
RUN_ID=rsop-author-20261008081349-3677
WORK_DIR=C:\gpo-studio\out\rsop-author-20261008081349-3677
--- re-establishing the interactive session (group 'StudioRsopGroup') ---
[31;1mOperationStopped: [0m/projects/gpo-studio-batch/scripts/windows-oracle/psdirect.ps1:249[0m
[31;1m[0m[36;1mLine |[0m
[31;1m[0m[36;1m[36;1m 249 | [0m     [36;1m$result = Invoke-Command -Session $session `[0m
[31;1m[0m[36;1m[36;1m[0m[36;1m[0m[36;1m     | [31;1m     ~~~~~~~~~~~~~~~~~~~~~~~~~~~~~~~~~~~~~~~~~~~~[0m
[31;1m[0m[36;1m[36;1m[0m[36;1m[0m[36;1m[31;1m[31;1m[36;1m     | [31;1mharness exited 1[0m
RUN_ID=rsop-user-observe-20261008081422-4271
WORK_DIR=C:\gpo-studio\out\rsop-user-observe-20261008081422-4271
RESESSION_PROBLEMS=
RUN_ID=rsop-user-observe-20261008081431-2742
WORK_DIR=C:\gpo-studio\out\rsop-user-observe-20261008081431-2742
--- authoring cleanup ---
{"run_id":"rsop-author-20261008081349-3677","phase":"cleanup","cleanup_problems":[],"residual":{"computer_dn":"CN=LABCL01,CN=Computers,DC=ad,DC=labdomain,DC=dev","computer_restored":true,"user_dn":"CN=labauto1,CN=Users,DC=ad,DC=labdomain,DC=dev","user_restored":true,"surviving_group":null,"surviving_wmi_filters":[],"surviving_links":[],"surviving_gpos":[],"surviving_ous":[]}}
LOCAL_RUN_DIR=/home/itadmin/gpo-batch-034/tmp/rsop-user-run-20261008081314
CANDIDATE_DIR=/home/itadmin/gpo-batch-034/tmp/rsop-user-candidate-20261008081314

run rsop-user-observe-20261008081431-2742: state=pass (source 263f19640529d469c2a54c18b43d228db5378279, dirty=False)
  loopback intended='disabled' observed='disabled'
