LOCAL_RUN_DIR=/tmp/opencode/wp3-oracle-run-20261009001413-2602286
CANDIDATE_DIR=/tmp/opencode/wp3-candidate-20261009001413-2602286
{
  "artifacts": {
    "candidate.inf": "42438b64004a5d9a00c10bb8b231e3184029e35628ef1bf68e9e6cdfb050c3dc",
    "commands/export.log": "024c75e49a983fa175c9a73a2a66e826e671496111b847969b49ffead649a5a9",
    "commands/export.stderr.txt": "e3b0c44298fc1c149afbf4c8996fb92427ae41e4649b934ca495991b7852b855",
    "commands/export.stdout.txt": "e3b0c44298fc1c149afbf4c8996fb92427ae41e4649b934ca495991b7852b855",
    "commands/import.log": "b3d510ef04275ca8e698e5b3cbb0ece3949ef9252f0cdc839e9ee347409a2209",
    "commands/import.stderr.txt": "e3b0c44298fc1c149afbf4c8996fb92427ae41e4649b934ca495991b7852b855",
    "commands/import.stdout.txt": "e3b0c44298fc1c149afbf4c8996fb92427ae41e4649b934ca495991b7852b855",
    "commands/validate.stderr.txt": "e3b0c44298fc1c149afbf4c8996fb92427ae41e4649b934ca495991b7852b855",
    "commands/validate.stdout.txt": "b5e6b25ae88f0593d932569aed7d4997a6543707a1ce4a7664fd349a43632859",
    "deployed/run-wp3-security-template.ps1": "fe04de0ac78c1b7f2df065970aee1ae8a048369c7052fa16c8376f6b6cd65994",
    "expected.json": "38a8db61b6993c7ea60f092274b0830e5785d8c0cadaa27dc07b944c76ae5de0",
    "exported.inf": "b260c74a95762a68696216c866e096d0fb94c209662101dff2d9ddfb51a18a5d",
    "result.json": "e42341fe3c19b2ef1e0bc53f389d4bf950f1f089a3e27cb898206e0a7a88b0f0"
  },
  "candidate_delivery": {
    "candidate.inf": {
      "controller_sha256": "42438b64004a5d9a00c10bb8b231e3184029e35628ef1bf68e9e6cdfb050c3dc",
      "guest_copy_matches": true
    },
    "expected.json": {
      "controller_sha256": "38a8db61b6993c7ea60f092274b0830e5785d8c0cadaa27dc07b944c76ae5de0",
      "guest_copy_matches": true
    }
  },
  "candidate_differences": [],
  "checks": {
    "candidate_authored_key_set_exact": true,
    "candidate_decodes": true,
    "candidate_delivered_intact": true,
    "candidate_has_required_preamble": true,
    "candidate_semantics_match": true,
    "cleanup_succeeded": true,
    "database_absent_after_cleanup": true,
    "database_residual_files_empty": true,
    "deployed_harness_matches_source": true,
    "environment_matches_frozen_spec": true,
    "expected_schema_supported": true,
    "export_created": true,
    "export_succeeded": true,
    "import_succeeded": true,
    "kerberos_policy_host_role_supported": true,
    "observed_secedit_operations_match": true,
    "source_tree_clean": true,
    "validate_succeeded": true,
    "windows_export_decodes": true,
    "windows_export_semantics_match": true
  },
  "decode_error": null,
  "environment": {
    "computer_system_domain": "ad.labdomain.dev",
    "computer_system_domain_role": 5,
    "computer_system_name": "LABDC01",
    "gpmc_version": "built-in",
    "group_policy_module_version": "1.0.0.0",
    "lgpo_sha256": "missing",
    "locale": "en-US",
    "powershell_edition": "Desktop",
    "powershell_version": "5.1.26100.7462",
    "server_build": "26100",
    "server_caption": "Microsoft Windows Server 2025 Standard"
  },
  "environment_violations": [],
  "export_differences": [],
  "harness_error": null,
  "passed": true,
  "run_id": "wp3-security-template-20261009001426-5385",
  "schema_version": 2,
  "source": {
    "banked_copies": [
      "run-wp3-security-template.ps1"
    ],
    "commit": "de9736ed3a4148b91cf2267fbe4640e260cc232f",
    "dirty": false,
    "files": {
      "build-wp3-candidate.py": "c2f159247a4e2f26436a288f366b550efa1c25bde34f86710cbac5a14d60a4da",
      "finalize_wp3_run.py": "be4a61d7b7b4e203335f6489cd94eb61919286403a35c657ec84eb28df9eacd0",
      "oracle_evidence.py": "87d413de0d4017b230eea2767f9d62fe7ffb26fca155d90a00d38b5697bad40c",
      "policy_families.py": "b832240e451076cb26f161c4afa583a8cbb31a0b9e5a66d1a8d06b991de4e0ff",
      "psdirect.ps1": "d2fb2ffd09869f1214ca916bdc3ea5c31c149b4d98ebcc322d1af7c29410aeb3",
      "run-wp3-oracle.sh": "757076327ecab8be79dc418c53f60eb9e087a8b5139e274eebf674289c6d1ca2",
      "run-wp3-security-template.ps1": "fe04de0ac78c1b7f2df065970aee1ae8a048369c7052fa16c8376f6b6cd65994",
      "security_template.py": "499d78689b982bc599c81104611cb3abafccf066fc0cd1bf9ec20de5117d8337"
    },
    "paths": {
      "build-wp3-candidate.py": "scripts/plan-033/build-wp3-candidate.py",
      "finalize_wp3_run.py": "scripts/windows-oracle/finalize_wp3_run.py",
      "oracle_evidence.py": "src/gpo_studio/oracle_evidence.py",
      "policy_families.py": "src/gpo_studio/policy_families.py",
      "psdirect.ps1": "scripts/windows-oracle/psdirect.ps1",
      "run-wp3-oracle.sh": "scripts/windows-oracle/run-wp3-oracle.sh",
      "run-wp3-security-template.ps1": "scripts/windows-oracle/run-wp3-security-template.ps1",
      "security_template.py": "src/gpo_studio/security_template.py"
    }
  },
  "transport": "psdirect"
}
EVIDENCE_TAG=created evidence/wp3-security-template-20261009001426-5385 at de9736ed3a41 — push it: git push origin evidence/wp3-security-template-20261009001426-5385
