DOMAIN=ad.labdomain.dev
SCENARIO=user-security-filtering
built rsop candidate for user-security-filtering (4 GPOs) in /home/itadmin/gpo-batch-110b/tmp/rsop-user-candidate-20261009004122
  predicted winners: AllowOnly=1(Studio-RSOP-FilterAllow), Control=present(Studio-RSOP-UserControl), Filter=allow(Studio-RSOP-FilterAllow), NestedOnly=1(Studio-RSOP-FilterNested)
  predicted denied:  Studio-RSOP-FilterReadOnly(security_filter_mismatch)
RUN_ID=rsop-user-observe-20261009004153-5946
WORK_DIR=C:\gpo-studio\out\rsop-user-observe-20261009004153-5946
PREFLIGHT_VALUES=
RUN_ID=rsop-author-20261009004156-6078
WORK_DIR=C:\gpo-studio\out\rsop-author-20261009004156-6078
--- re-establishing the interactive session (group 'StudioRsopGroup') ---
OperationStopped: /projects/gpo-studio-110b/scripts/windows-oracle/psdirect.ps1:379
Line |
 379 |          $out = Receive-Job -Job $job -ErrorAction Stop
     |          ~~~~~~~~~~~~~~~~~~~~~~~~~~~~~~~~~~~~~~~~~~~~~~
     | harness exited 1
at <ScriptBlock>, <No file>: line 1
at <ScriptBlock>, <No file>: line 5
RUN_ID=rsop-user-observe-20261009004231-3322
WORK_DIR=C:\gpo-studio\out\rsop-user-observe-20261009004231-3322
RESESSION_PROBLEMS=
RUN_ID=rsop-user-observe-20261009004238-6019
WORK_DIR=C:\gpo-studio\out\rsop-user-observe-20261009004238-6019
--- authoring cleanup ---
{"run_id":"rsop-author-20261009004156-6078","phase":"cleanup","cleanup_problems":[],"residual":{"computer_dn":"CN=LABCL01,CN=Computers,DC=ad,DC=labdomain,DC=dev","computer_restored":true,"user_dn":"CN=labauto1,CN=Users,DC=ad,DC=labdomain,DC=dev","user_restored":true,"surviving_group":null,"surviving_wmi_filters":[],"surviving_links":[],"surviving_gpos":[],"surviving_ous":[]}}
LOCAL_RUN_DIR=/home/itadmin/gpo-batch-110b/tmp/rsop-user-run-20261009004122
CANDIDATE_DIR=/home/itadmin/gpo-batch-110b/tmp/rsop-user-candidate-20261009004122

run rsop-user-observe-20261009004238-6019: state=pass (source de9736ed3a4148b91cf2267fbe4640e260cc232f, dirty=False)
  loopback intended='disabled' observed='disabled'
