LOCAL_RUN_DIR=/tmp/opencode/object-security-run-20260911085541-1239
CANDIDATE_DIR=/tmp/opencode/object-security-candidate-20260911085541-1239
{
  "artifacts": {
    "candidate.inf": "ab7c2e8ec6cde85595b0397f08f419ba0bdacdce5cb0b0bdefafe7af4e713475",
    "commands/export.log": "c33923094ce09f9b07368a3ed8737f7e06c40eec5ca4573b4f00302154bdf4a7",
    "commands/export.stderr.txt": "e3b0c44298fc1c149afbf4c8996fb92427ae41e4649b934ca495991b7852b855",
    "commands/export.stdout.txt": "e3b0c44298fc1c149afbf4c8996fb92427ae41e4649b934ca495991b7852b855",
    "commands/import.log": "b3d510ef04275ca8e698e5b3cbb0ece3949ef9252f0cdc839e9ee347409a2209",
    "commands/import.stderr.txt": "e3b0c44298fc1c149afbf4c8996fb92427ae41e4649b934ca495991b7852b855",
    "commands/import.stdout.txt": "e3b0c44298fc1c149afbf4c8996fb92427ae41e4649b934ca495991b7852b855",
    "commands/validate.stderr.txt": "e3b0c44298fc1c149afbf4c8996fb92427ae41e4649b934ca495991b7852b855",
    "commands/validate.stdout.txt": "0c753c127d28cfa995661cb74325fda68d4b76bc549bf5501ccc3994f82a5a18",
    "deployed/run-object-security-template.ps1": "9c99d0ee8e772700477f686f3318b60fb067631cecc26d01c8c4611118ae377e",
    "expected.json": "896c1c474a49cb99fbb9381d5f75537bbde5f4af6624c4d668fe96a25fdc7c9d",
    "exported.inf": "36f0d846220efccf6cee4f3c96b6a0cc7fbe072edf95f02844dc56b58d520ea3",
    "result.json": "177883dddd352ed691f1ece10142d05aa784c037c8bcca689c6a5af106ea6222"
  },
  "candidate_delivery": {
    "candidate.inf": {
      "controller_sha256": "ab7c2e8ec6cde85595b0397f08f419ba0bdacdce5cb0b0bdefafe7af4e713475",
      "guest_copy_matches": true
    },
    "expected.json": {
      "controller_sha256": "896c1c474a49cb99fbb9381d5f75537bbde5f4af6624c4d668fe96a25fdc7c9d",
      "guest_copy_matches": true
    }
  },
  "candidate_differences": [],
  "checks": {
    "candidate_delivered_intact": true,
    "candidate_exact": true,
    "cleanup_succeeded": true,
    "database_absent_after_cleanup": true,
    "database_residual_files_empty": true,
    "deployed_harness_matches_source": true,
    "environment_matches_frozen_spec": true,
    "expected_schema_supported": true,
    "export_created": true,
    "export_succeeded": true,
    "harness_reported_no_error": true,
    "import_succeeded": true,
    "member_server_host_role": true,
    "observed_secedit_operations_match": true,
    "raw_command_artifacts_complete": true,
    "source_tree_clean": true,
    "validate_succeeded": true,
    "windows_export_exact": true
  },
  "comparison_error": null,
  "environment": {
    "computer_system_domain": "ad.labdomain.dev",
    "computer_system_domain_role": 3,
    "computer_system_name": "LABMS01",
    "gpmc_version": "built-in",
    "group_policy_module_version": "1.0.0.0",
    "locale": "en-US",
    "powershell_edition": "Desktop",
    "powershell_version": "5.1.26100.33296",
    "server_build": "26100",
    "server_caption": "Microsoft Windows Server 2025 Standard"
  },
  "environment_violations": [],
  "export_differences": [],
  "harness_error": null,
  "passed": true,
  "run_id": "object-security-20260905191252-4253",
  "schema_version": 2,
  "source": {
    "banked_copies": [
      "run-object-security-template.ps1"
    ],
    "commit": "f5cad5777ec4ad3ed0857717d511b057852db6ba",
    "dirty": false,
    "files": {
      "build-object-security-candidate.py": "0412a9e1bb39a57022d47ce6f913fb5a41fe2979997dbada5c777eaf02dd9cbb",
      "finalize_object_security_run.py": "bb93078dfcef123d5b79d2fe3a257a8180ad23c85812f74afdfa509cc80fa416",
      "object_security.py": "bf419c5e246e39d734f48e443e5b97ffa1d7ce6c54eb6a0ff9cc54e5b4f4d185",
      "oracle_evidence.py": "87d413de0d4017b230eea2767f9d62fe7ffb26fca155d90a00d38b5697bad40c",
      "psdirect.ps1": "fdb7138603d5077ade6b14b9ede3c8e21f83b0657f8ddd59339d98fbf2d296f6",
      "run-object-security-oracle.sh": "086a21ca147cb966af684a8bf2408176bd58d89758e28cbc9c959852fd56f412",
      "run-object-security-template.ps1": "9c99d0ee8e772700477f686f3318b60fb067631cecc26d01c8c4611118ae377e",
      "sddl.py": "98bc7676fd7044db75937b50f6f36f017a3d7c8aa6f2369f6ec0b60fbeea2d0c",
      "security_template.py": "499d78689b982bc599c81104611cb3abafccf066fc0cd1bf9ec20de5117d8337"
    },
    "paths": {
      "build-object-security-candidate.py": "scripts/plan-033/build-object-security-candidate.py",
      "finalize_object_security_run.py": "scripts/windows-oracle/finalize_object_security_run.py",
      "object_security.py": "src/gpo_studio/object_security.py",
      "oracle_evidence.py": "src/gpo_studio/oracle_evidence.py",
      "psdirect.ps1": "scripts/windows-oracle/psdirect.ps1",
      "run-object-security-oracle.sh": "scripts/windows-oracle/run-object-security-oracle.sh",
      "run-object-security-template.ps1": "scripts/windows-oracle/run-object-security-template.ps1",
      "sddl.py": "src/gpo_studio/sddl.py",
      "security_template.py": "src/gpo_studio/security_template.py"
    }
  },
  "transport": "psdirect"
}
EVIDENCE_TAG=created evidence/object-security-20260905191252-4253 at f5cad5777ec4 — push it: git push origin evidence/object-security-20260905191252-4253
