built 7 WP-1B candidates in /tmp/opencode/wp1b-candidates-20261008074428-2036582
REAPED_ORPHANS=0 
What if: Import the GPO backup named "{62917a0f-cd9b-5172-a068-84c0bd54917e}" at "C:\gpo-studio\runs\20261008074428-2036582\out\wp1b-writer-20261008074501-2113\registry-both\input" to the GPO named "WP1B-registry-both-20261008-074501-5750" in the AD.LABDOMAIN.DEV domain. (Import-GPO)
What if: Import the GPO backup named "{5659232e-17fc-50fc-ac6d-ae4c1bd8842c}" at "C:\gpo-studio\runs\20261008074428-2036582\out\wp1b-writer-20261008074501-2113\drives-user\input" to the GPO named "WP1B-drives-user-20261008-074505-1558" in the AD.LABDOMAIN.DEV domain. (Import-GPO)
What if: Import the GPO backup named "{a842e8cd-71aa-565a-8076-f9d3f567f36c}" at "C:\gpo-studio\runs\20261008074428-2036582\out\wp1b-writer-20261008074501-2113\groups-machine\input" to the GPO named "WP1B-groups-machine-20261008-074505-9524" in the AD.LABDOMAIN.DEV domain. (Import-GPO)
What if: Import the GPO backup named "{df49401f-85c1-55bb-a2de-cab0a6e5600d}" at "C:\gpo-studio\runs\20261008074428-2036582\out\wp1b-writer-20261008074501-2113\localusers-machine\input" to the GPO named "WP1B-localusers-machine-20261008-074506-7861" in the AD.LABDOMAIN.DEV domain. (Import-GPO)
What if: Import the GPO backup named "{fc1a2e50-3c24-5d7c-af9c-126796565f8f}" at "C:\gpo-studio\runs\20261008074428-2036582\out\wp1b-writer-20261008074501-2113\scheduledtasks-machine\input" to the GPO named "WP1B-scheduledtasks-machine-20261008-074506-1477" in the AD.LABDOMAIN.DEV domain. (Import-GPO)
What if: Import the GPO backup named "{f6f5914c-d377-5c47-a177-838e79089159}" at "C:\gpo-studio\runs\20261008074428-2036582\out\wp1b-writer-20261008074501-2113\services-machine\input" to the GPO named "WP1B-services-machine-20261008-074507-3578" in the AD.LABDOMAIN.DEV domain. (Import-GPO)
What if: Import the GPO backup named "{b7ccb038-5f83-502d-9151-c5b86b049e35}" at "C:\gpo-studio\runs\20261008074428-2036582\out\wp1b-writer-20261008074501-2113\mixed-all\input" to the GPO named "WP1B-mixed-all-20261008-074508-7820" in the AD.LABDOMAIN.DEV domain. (Import-GPO)
LOCAL_RUN_DIR=/tmp/opencode/wp1b-oracle-run-20261008074428-2036582
CANDIDATE_DIR=/tmp/opencode/wp1b-candidates-20261008074428-2036582
PASS         registry-both
PASS         drives-user
PASS         groups-machine
PASS         localusers-machine
PASS         scheduledtasks-machine
PASS         services-machine
PASS         mixed-all

run wp1b-writer-20261008074501-2113: passed=True (source 263f19640529d469c2a54c18b43d228db5378279, dirty=False)
EVIDENCE_TAG=created evidence/wp1b-writer-20261008074501-2113 at 263f19640529 — push it: git push origin evidence/wp1b-writer-20261008074501-2113
