REAPED_ORPHANS=0 
What if: Import the GPO backup named "{043ea4bf-4dc1-5374-8557-b85e805b5ce0}" at "C:\gpo-studio\runs\20260911085423-1172\out\wp2-native-import-20260905191148-9446\input" to the GPO named "WP2-NativeImport-20260905-191149-5283" in the AD.LABDOMAIN.DEV domain. (Import-GPO)
LOCAL_RUN_DIR=/tmp/opencode/wp2-oracle-run-20260911085423-1172
CANDIDATE_DIR=/tmp/opencode/wp2-candidate-20260911085423-1172
{
  "artifacts": {
    "candidate.zip": "ddd72fd9373f880f171de63501c543e1426854e5fc5a835fa8ba0721f705b0f3",
    "commands\\backup-gpo.stdout.txt": "5c420fa28211c9790dc010132b60a87a960cb92d8b9387d7abd719616fb48843",
    "commands\\get-gpo.stdout.txt": "729ef7212bb59bdd3fb36098ca4bfe9a3cfd71b6baf6259cf7c496963cec2905",
    "commands\\import-actual.stderr.txt": "e3b0c44298fc1c149afbf4c8996fb92427ae41e4649b934ca495991b7852b855",
    "commands\\import-actual.stdout.txt": "9e7ba32f40de7fcb368093cfd3730760ada527938c25bc4c4f8653aa3b830c3a",
    "commands\\import-whatif.stderr.txt": "e3b0c44298fc1c149afbf4c8996fb92427ae41e4649b934ca495991b7852b855",
    "commands\\import-whatif.stdout.txt": "e3b0c44298fc1c149afbf4c8996fb92427ae41e4649b934ca495991b7852b855",
    "deployed\\run-wp2-import.ps1": "aa200b2386de9c9b99a53565f0e076d0fc3c8d520403564721345cd14ffcefce",
    "expected.json": "811f6133d08d212b07278da928a9261bd5d5f6bea01e2539a0bf20ca46c7b6f6",
    "gpreport-after-import.xml": "95e4c3921bbae8f279e894abfc83acd060d8f857e01d38e38e77db6bd18fe2f9",
    "input\\manifest.xml": "cacb5ac8fb3fe6f69880b0f21aa97cd5757c0ef7ef6a8f051ea4af4abfbd1b13",
    "input\\{043EA4BF-4DC1-5374-8557-B85E805B5CE0}\\Backup.xml": "5f05ac0cc371c09dd4f5be94f1214395f2b83aaa83d76bb0bd7361b4e9b53dce",
    "input\\{043EA4BF-4DC1-5374-8557-B85E805B5CE0}\\DomainSysvol\\GPO\\Machine\\registry.pol": "f8dea3be075fc11c60877dd29c1a8ddd58506829aa8baa6c8f4de16a7950ce37",
    "input\\{043EA4BF-4DC1-5374-8557-B85E805B5CE0}\\DomainSysvol\\GPO\\User\\registry.pol": "6ab052452b6453f4b2153cc7486d2cd025c8ef802e311a5f4fdccf4644bed23e",
    "input\\{043EA4BF-4DC1-5374-8557-B85E805B5CE0}\\bkupInfo.xml": "8a7ba5bba3e5dd92b54a824f62fc44c4133db5644d95372ecc10db0f6694eec1",
    "rebackup\\manifest.xml": "bdb38030ada435503c2cfdaeb290f1cfcc3998495a692376987e0954f8d8809f",
    "rebackup\\{73F38828-A3EC-4BEB-9798-CB8CF583DB15}\\Backup.xml": "cde6cd7c09bbc849a4f25ef648ae6e5ab05e378bbcbfbd03d94ea97aa0e80a65",
    "rebackup\\{73F38828-A3EC-4BEB-9798-CB8CF583DB15}\\DomainSysvol\\GPO\\Machine\\registry.pol": "f8dea3be075fc11c60877dd29c1a8ddd58506829aa8baa6c8f4de16a7950ce37",
    "rebackup\\{73F38828-A3EC-4BEB-9798-CB8CF583DB15}\\DomainSysvol\\GPO\\User\\registry.pol": "6ab052452b6453f4b2153cc7486d2cd025c8ef802e311a5f4fdccf4644bed23e",
    "rebackup\\{73F38828-A3EC-4BEB-9798-CB8CF583DB15}\\bkupInfo.xml": "081226772ac4e76665dfb59bedd2f61b964e7b36ed981f445a03f2876fb05606",
    "rebackup\\{73F38828-A3EC-4BEB-9798-CB8CF583DB15}\\gpreport.xml": "631d2f2912a1502868f0207cc5ba689dd3eb55a7307d08148837199b2929eb67",
    "result.json": "423b5899d752ad6ee07bfee4baac60e8e77b1f81bb7a71c0a8f8a3fae5c385c0"
  },
  "candidate_delivery": {
    "candidate.zip": {
      "controller_sha256": "ddd72fd9373f880f171de63501c543e1426854e5fc5a835fa8ba0721f705b0f3",
      "guest_copy_matches": true
    },
    "expected.json": {
      "controller_sha256": "811f6133d08d212b07278da928a9261bd5d5f6bea01e2539a0bf20ca46c7b6f6",
      "guest_copy_matches": true
    }
  },
  "checks": {
    "actual_import_succeeded": true,
    "backup_id_distinct": true,
    "backup_id_matches": true,
    "candidate_delivered_intact": true,
    "cleanup_state_restored": true,
    "cleanup_succeeded": true,
    "computer_versions_synchronized": true,
    "environment_matches_frozen_spec": true,
    "group_policy_readback_matches": true,
    "harness_matches_source": true,
    "rebackup_has_one_gpo": true,
    "rebackup_machine_version_matches": true,
    "rebackup_user_version_matches": true,
    "source_tree_clean": true,
    "user_versions_synchronized": true,
    "whatif_succeeded": true,
    "whatif_target_absent": true,
    "windows_rebackup_matches": true
  },
  "environment": {
    "gpmc_version": "built-in",
    "group_policy_module_version": "1.0.0.0",
    "locale": "en-US",
    "powershell_edition": "Desktop",
    "powershell_version": "5.1.26100.33296",
    "server_build": "26100",
    "server_caption": "Microsoft Windows Server 2025 Standard"
  },
  "environment_violations": [],
  "passed": true,
  "rebackup_error": null,
  "run_id": "wp2-native-import-20260905191148-9446",
  "schema_version": 2,
  "source": {
    "banked_copies": [
      "run-wp2-import.ps1"
    ],
    "commit": "f5cad5777ec4ad3ed0857717d511b057852db6ba",
    "dirty": false,
    "files": {
      "build-wp2-candidate.py": "e07136eac9a60b011c6f13d571c2967d938d81dccef74e3ea1ebac7018619db1",
      "finalize_wp2_import_run.py": "1a7fee597ba0aeaaffccb9a599da5f10b5d80e263c71d6fcd0a4154abd03b62b",
      "oracle_evidence.py": "87d413de0d4017b230eea2767f9d62fe7ffb26fca155d90a00d38b5697bad40c",
      "psdirect.ps1": "fdb7138603d5077ade6b14b9ede3c8e21f83b0657f8ddd59339d98fbf2d296f6",
      "run-wp2-import.ps1": "aa200b2386de9c9b99a53565f0e076d0fc3c8d520403564721345cd14ffcefce",
      "run-wp2-oracle.sh": "59a4e7d9187f01784d126b50355ee3b9ec7b48d30a4ac512c8096d7b90f6746b"
    },
    "paths": {
      "build-wp2-candidate.py": "scripts/plan-033/build-wp2-candidate.py",
      "finalize_wp2_import_run.py": "scripts/windows-oracle/finalize_wp2_import_run.py",
      "oracle_evidence.py": "src/gpo_studio/oracle_evidence.py",
      "psdirect.ps1": "scripts/windows-oracle/psdirect.ps1",
      "run-wp2-import.ps1": "scripts/windows-oracle/run-wp2-import.ps1",
      "run-wp2-oracle.sh": "scripts/windows-oracle/run-wp2-oracle.sh"
    }
  },
  "transport": "psdirect"
}
EVIDENCE_TAG=created evidence/wp2-native-import-20260905191148-9446 at f5cad5777ec4 — push it: git push origin evidence/wp2-native-import-20260905191148-9446
