LOCAL_RUN_DIR=/tmp/opencode/wp3-oracle-run-20261009001338-2601796
CANDIDATE_DIR=/tmp/opencode/wp3-candidate-20261009001338-2601796
{
  "artifacts": {
    "candidate.inf": "d59607c749f57b037e985efbb36e97a17a6c9970b24394d5e928d8fa3a3a7105",
    "commands/export.log": "cb119b2b26e5377deea13ded09166e327c067207cacfc24b72a6bd8d882359e3",
    "commands/export.stderr.txt": "e3b0c44298fc1c149afbf4c8996fb92427ae41e4649b934ca495991b7852b855",
    "commands/export.stdout.txt": "e3b0c44298fc1c149afbf4c8996fb92427ae41e4649b934ca495991b7852b855",
    "commands/import.log": "b3d510ef04275ca8e698e5b3cbb0ece3949ef9252f0cdc839e9ee347409a2209",
    "commands/import.stderr.txt": "e3b0c44298fc1c149afbf4c8996fb92427ae41e4649b934ca495991b7852b855",
    "commands/import.stdout.txt": "e3b0c44298fc1c149afbf4c8996fb92427ae41e4649b934ca495991b7852b855",
    "commands/validate.stderr.txt": "e3b0c44298fc1c149afbf4c8996fb92427ae41e4649b934ca495991b7852b855",
    "commands/validate.stdout.txt": "d2cd5d18365732c7e72fb7499699e517c0189ae2bd8ca9d8cee1344c30d27540",
    "deployed/run-wp3-security-template.ps1": "fe04de0ac78c1b7f2df065970aee1ae8a048369c7052fa16c8376f6b6cd65994",
    "expected.json": "a803fbf028d600aad649cad2606f94e22d5269016a22a36db3498e9ca4d9186d",
    "exported.inf": "469fcfcb8ec71415957ad418f62bbbb43bfe5cbfbabdce161c9684d4bac02d15",
    "result.json": "6c980733256c77f1a3e7adbe7011d62a299998d497e9d438338f3066c78fadd5"
  },
  "candidate_delivery": {
    "candidate.inf": {
      "controller_sha256": "d59607c749f57b037e985efbb36e97a17a6c9970b24394d5e928d8fa3a3a7105",
      "guest_copy_matches": true
    },
    "expected.json": {
      "controller_sha256": "a803fbf028d600aad649cad2606f94e22d5269016a22a36db3498e9ca4d9186d",
      "guest_copy_matches": true
    }
  },
  "candidate_differences": [],
  "checks": {
    "candidate_authored_key_set_exact": true,
    "candidate_decodes": true,
    "candidate_delivered_intact": true,
    "candidate_has_required_preamble": true,
    "candidate_semantics_match": true,
    "cleanup_succeeded": true,
    "database_absent_after_cleanup": true,
    "database_residual_files_empty": true,
    "deployed_harness_matches_source": true,
    "environment_matches_frozen_spec": true,
    "expected_schema_supported": true,
    "export_created": true,
    "export_succeeded": true,
    "import_succeeded": true,
    "kerberos_policy_host_role_supported": true,
    "observed_secedit_operations_match": true,
    "source_tree_clean": true,
    "validate_succeeded": true,
    "windows_export_decodes": true,
    "windows_export_semantics_match": true
  },
  "decode_error": null,
  "environment": {
    "computer_system_domain": "ad.labdomain.dev",
    "computer_system_domain_role": 3,
    "computer_system_name": "LABMS01",
    "gpmc_version": "built-in",
    "group_policy_module_version": "1.0.0.0",
    "lgpo_sha256": "missing",
    "locale": "en-US",
    "powershell_edition": "Desktop",
    "powershell_version": "5.1.26100.33438",
    "server_build": "26100",
    "server_caption": "Microsoft Windows Server 2025 Standard"
  },
  "environment_violations": [],
  "export_differences": [],
  "harness_error": null,
  "passed": true,
  "run_id": "wp3-security-template-20261009001358-5650",
  "schema_version": 2,
  "source": {
    "banked_copies": [
      "run-wp3-security-template.ps1"
    ],
    "commit": "de9736ed3a4148b91cf2267fbe4640e260cc232f",
    "dirty": false,
    "files": {
      "build-wp3-candidate.py": "c2f159247a4e2f26436a288f366b550efa1c25bde34f86710cbac5a14d60a4da",
      "finalize_wp3_run.py": "be4a61d7b7b4e203335f6489cd94eb61919286403a35c657ec84eb28df9eacd0",
      "oracle_evidence.py": "87d413de0d4017b230eea2767f9d62fe7ffb26fca155d90a00d38b5697bad40c",
      "policy_families.py": "b832240e451076cb26f161c4afa583a8cbb31a0b9e5a66d1a8d06b991de4e0ff",
      "psdirect.ps1": "d2fb2ffd09869f1214ca916bdc3ea5c31c149b4d98ebcc322d1af7c29410aeb3",
      "run-wp3-oracle.sh": "757076327ecab8be79dc418c53f60eb9e087a8b5139e274eebf674289c6d1ca2",
      "run-wp3-security-template.ps1": "fe04de0ac78c1b7f2df065970aee1ae8a048369c7052fa16c8376f6b6cd65994",
      "security_template.py": "499d78689b982bc599c81104611cb3abafccf066fc0cd1bf9ec20de5117d8337"
    },
    "paths": {
      "build-wp3-candidate.py": "scripts/plan-033/build-wp3-candidate.py",
      "finalize_wp3_run.py": "scripts/windows-oracle/finalize_wp3_run.py",
      "oracle_evidence.py": "src/gpo_studio/oracle_evidence.py",
      "policy_families.py": "src/gpo_studio/policy_families.py",
      "psdirect.ps1": "scripts/windows-oracle/psdirect.ps1",
      "run-wp3-oracle.sh": "scripts/windows-oracle/run-wp3-oracle.sh",
      "run-wp3-security-template.ps1": "scripts/windows-oracle/run-wp3-security-template.ps1",
      "security_template.py": "src/gpo_studio/security_template.py"
    }
  },
  "transport": "psdirect"
}
EVIDENCE_TAG=created evidence/wp3-security-template-20261009001358-5650 at de9736ed3a41 — push it: git push origin evidence/wp3-security-template-20261009001358-5650
