DOMAIN=ad.labdomain.dev
SCENARIO=user-security-filtering
built rsop candidate for user-security-filtering (4 GPOs) in C:\Users\merrittp\AppData\Local\Temp\rsop-user-candidate-20260907175047
  predicted winners: AllowOnly=1(Studio-RSOP-FilterAllow), Control=present(Studio-RSOP-UserControl), Filter=allow(Studio-RSOP-FilterAllow), NestedOnly=1(Studio-RSOP-FilterNested)
  predicted denied:  Studio-RSOP-FilterReadOnly(security_filter_mismatch)
RUN_ID=rsop-user-observe-20260908005104-6945
WORK_DIR=C:\gpo-studio\out\rsop-user-observe-20260908005104-6945
PREFLIGHT_VALUES=
RUN_ID=rsop-author-20260908005106-7228
WORK_DIR=C:\gpo-studio\out\rsop-author-20260908005106-7228
--- re-establishing the interactive session (group 'StudioRsopGroup') ---
OperationStopped: C:\projects\gpo-studio\scripts\windows-oracle\psdirect.ps1:249
Line |
 249 |      $result = Invoke-Command -Session $session `
     |      ~~~~~~~~~~~~~~~~~~~~~~~~~~~~~~~~~~~~~~~~~~~~
     | harness exited 1
RUN_ID=rsop-user-observe-20260908005141-7861
WORK_DIR=C:\gpo-studio\out\rsop-user-observe-20260908005141-7861
RESESSION_PROBLEMS=
RUN_ID=rsop-user-observe-20260908005147-1436
WORK_DIR=C:\gpo-studio\out\rsop-user-observe-20260908005147-1436
--- authoring cleanup ---
{"run_id":"rsop-author-20260908005106-7228","phase":"cleanup","cleanup_problems":[],"residual":{"computer_dn":"CN=LABCL01,CN=Computers,DC=ad,DC=labdomain,DC=dev","computer_restored":true,"user_dn":"CN=labauto1,CN=Users,DC=ad,DC=labdomain,DC=dev","user_restored":true,"surviving_group":null,"surviving_wmi_filters":[],"surviving_links":[],"surviving_gpos":[],"surviving_ous":[]}}
LOCAL_RUN_DIR=/tmp/rsop-user-run-20260907175047
CANDIDATE_DIR=/tmp/rsop-user-candidate-20260907175047

run rsop-user-observe-20260908005147-1436: state=pass (source 4cfa9af4b3f12104e8c592cd94df00b88e49beb5, dirty=False)
  loopback intended='disabled' observed='disabled'
