LOCAL_RUN_DIR=/tmp/opencode/object-security-run-20260907173306-14477
CANDIDATE_DIR=/tmp/opencode/object-security-candidate-20260907173306-14477
{
  "artifacts": {
    "build-object-security-candidate.py": "0412a9e1bb39a57022d47ce6f913fb5a41fe2979997dbada5c777eaf02dd9cbb",
    "candidate.inf": "ab7c2e8ec6cde85595b0397f08f419ba0bdacdce5cb0b0bdefafe7af4e713475",
    "commands/export.log": "ee891bc35a112dd75bc71d766067ee5cb0b3938970008509ef3ade4018eb8718",
    "commands/export.stderr.txt": "e3b0c44298fc1c149afbf4c8996fb92427ae41e4649b934ca495991b7852b855",
    "commands/export.stdout.txt": "e3b0c44298fc1c149afbf4c8996fb92427ae41e4649b934ca495991b7852b855",
    "commands/import.log": "b3d510ef04275ca8e698e5b3cbb0ece3949ef9252f0cdc839e9ee347409a2209",
    "commands/import.stderr.txt": "e3b0c44298fc1c149afbf4c8996fb92427ae41e4649b934ca495991b7852b855",
    "commands/import.stdout.txt": "e3b0c44298fc1c149afbf4c8996fb92427ae41e4649b934ca495991b7852b855",
    "commands/validate.stderr.txt": "e3b0c44298fc1c149afbf4c8996fb92427ae41e4649b934ca495991b7852b855",
    "commands/validate.stdout.txt": "5dbf386714ad444124daae24044ff901e17d3614a5577e6fd2a8a77283cc7fcc",
    "deployed/run-object-security-template.ps1": "9c99d0ee8e772700477f686f3318b60fb067631cecc26d01c8c4611118ae377e",
    "expected.json": "896c1c474a49cb99fbb9381d5f75537bbde5f4af6624c4d668fe96a25fdc7c9d",
    "exported.inf": "36f0d846220efccf6cee4f3c96b6a0cc7fbe072edf95f02844dc56b58d520ea3",
    "finalize_object_security_run.py": "db7873f2521356afbdf9c9e6088f83d0c4f3506e4ab55c628e725959216ca964",
    "object_security.py": "bf419c5e246e39d734f48e443e5b97ffa1d7ce6c54eb6a0ff9cc54e5b4f4d185",
    "oracle_evidence.py": "e9d7f9fe8cc9d4fadab2dbca03fd8e0c6adf277263d6fca9cb54202fe2176369",
    "psdirect.ps1": "fdb7138603d5077ade6b14b9ede3c8e21f83b0657f8ddd59339d98fbf2d296f6",
    "result.json": "b9974595b669a4bfa92c1333f63ca5b20247b4f9314412103b1a3fb0ac09acf2",
    "run-object-security-oracle.sh": "e19a3f0fb947d4b64a00861b36ff8395c525459fb93494648cfaf867ab4dfc3c",
    "sddl.py": "98bc7676fd7044db75937b50f6f36f017a3d7c8aa6f2369f6ec0b60fbeea2d0c",
    "security_template.py": "499d78689b982bc599c81104611cb3abafccf066fc0cd1bf9ec20de5117d8337"
  },
  "candidate_delivery": {
    "candidate.inf": {
      "controller_sha256": "ab7c2e8ec6cde85595b0397f08f419ba0bdacdce5cb0b0bdefafe7af4e713475",
      "guest_copy_matches": true
    },
    "expected.json": {
      "controller_sha256": "896c1c474a49cb99fbb9381d5f75537bbde5f4af6624c4d668fe96a25fdc7c9d",
      "guest_copy_matches": true
    }
  },
  "candidate_differences": [],
  "checks": {
    "candidate_delivered_intact": true,
    "candidate_exact": true,
    "cleanup_succeeded": true,
    "database_absent_after_cleanup": true,
    "database_residual_files_empty": true,
    "deployed_harness_matches_source": true,
    "environment_matches_frozen_spec": true,
    "expected_schema_supported": true,
    "export_created": true,
    "export_succeeded": true,
    "harness_reported_no_error": true,
    "import_succeeded": true,
    "local_evidence_copies_match_source": true,
    "member_server_host_role": true,
    "observed_secedit_operations_match": true,
    "raw_command_artifacts_complete": true,
    "source_tree_clean": true,
    "validate_succeeded": true,
    "windows_export_exact": true
  },
  "comparison_error": null,
  "environment": {
    "computer_system_domain": "ad.labdomain.dev",
    "computer_system_domain_role": 3,
    "computer_system_name": "LABMS01",
    "gpmc_version": "built-in",
    "group_policy_module_version": "1.0.0.0",
    "locale": "en-US",
    "powershell_edition": "Desktop",
    "powershell_version": "5.1.26100.33296",
    "server_build": "26100",
    "server_caption": "Microsoft Windows Server 2025 Standard"
  },
  "environment_violations": [],
  "export_differences": [],
  "harness_error": null,
  "passed": true,
  "run_id": "object-security-20260908003317-7120",
  "schema_version": 1,
  "source": {
    "commit": "4cfa9af4b3f12104e8c592cd94df00b88e49beb5",
    "dirty": false,
    "files": {
      "build-object-security-candidate.py": "0412a9e1bb39a57022d47ce6f913fb5a41fe2979997dbada5c777eaf02dd9cbb",
      "finalize_object_security_run.py": "db7873f2521356afbdf9c9e6088f83d0c4f3506e4ab55c628e725959216ca964",
      "object_security.py": "bf419c5e246e39d734f48e443e5b97ffa1d7ce6c54eb6a0ff9cc54e5b4f4d185",
      "oracle_evidence.py": "e9d7f9fe8cc9d4fadab2dbca03fd8e0c6adf277263d6fca9cb54202fe2176369",
      "psdirect.ps1": "fdb7138603d5077ade6b14b9ede3c8e21f83b0657f8ddd59339d98fbf2d296f6",
      "run-object-security-oracle.sh": "e19a3f0fb947d4b64a00861b36ff8395c525459fb93494648cfaf867ab4dfc3c",
      "run-object-security-template.ps1": "9c99d0ee8e772700477f686f3318b60fb067631cecc26d01c8c4611118ae377e",
      "sddl.py": "98bc7676fd7044db75937b50f6f36f017a3d7c8aa6f2369f6ec0b60fbeea2d0c",
      "security_template.py": "499d78689b982bc599c81104611cb3abafccf066fc0cd1bf9ec20de5117d8337"
    }
  },
  "transport": "psdirect"
}
EVIDENCE_TAG=created evidence/object-security-20260908003317-7120 at 4cfa9af4b3f1 — push it: git push origin evidence/object-security-20260908003317-7120
