expected.json sha256=7134e6dcb4a60482319fd720b7426a7621589114b8fe47842923fdfb6055920e
{
  "dimensions": [
    "settings",
    "gpo_guid",
    "acl_security_filtering",
    "wmi_association",
    "links",
    "description"
  ],
  "lane": "lifecycle-same-domain",
  "operation_order": [
    "copy",
    "copy_with_acl",
    "import_as_new",
    "import_into_existing",
    "restore_in_place"
  ],
  "operations": {
    "copy": {
      "cmdlet": "Copy-GPO -SourceGuid <guid> -TargetName <name>",
      "plan_names_target_guid": false,
      "preconditions": [
        "no GPO named 'zz-target' exists in 'synthetic.test' when Copy-GPO runs; if one does, the result is that GPO (import_into_existing semantics for Import-GPO -CreateIfNeeded), not a new one"
      ],
      "requires_target_absent": true,
      "survival": {
        "acl_security_filtering": "defaulted",
        "description": "kept",
        "gpo_guid": "defaulted",
        "links": "lost",
        "settings": "kept",
        "wmi_association": "kept"
      },
      "target_identity": "windows_assigned",
      "warnings": [
        "the source GPO links a WMI filter; whether that filter still exists in the domain is not checked",
        "links is predicted lost: re-establish it after copy",
        "acl_security_filtering is predicted defaulted: re-establish it after copy",
        "absence of a GPO named 'zz-target' is not checked"
      ]
    },
    "copy_with_acl": {
      "cmdlet": "Copy-GPO -SourceGuid <guid> -TargetName <name> -CopyAcl",
      "plan_names_target_guid": false,
      "preconditions": [
        "no GPO named 'zz-target' exists in 'synthetic.test' when Copy-GPO runs; if one does, the result is that GPO (import_into_existing semantics for Import-GPO -CreateIfNeeded), not a new one"
      ],
      "requires_target_absent": true,
      "survival": {
        "acl_security_filtering": "kept",
        "description": "kept",
        "gpo_guid": "defaulted",
        "links": "lost",
        "settings": "kept",
        "wmi_association": "kept"
      },
      "target_identity": "windows_assigned",
      "warnings": [
        "the source GPO links a WMI filter; whether that filter still exists in the domain is not checked",
        "links is predicted lost: re-establish it after copy_with_acl",
        "absence of a GPO named 'zz-target' is not checked"
      ]
    },
    "import_as_new": {
      "cmdlet": "Import-GPO -BackupId <id> -Path <dir> -TargetName <name> -CreateIfNeeded",
      "plan_names_target_guid": false,
      "preconditions": [
        "no GPO named 'zz-target' exists in 'synthetic.test' when Import-GPO runs; if one does, the result is that GPO (import_into_existing semantics for Import-GPO -CreateIfNeeded), not a new one"
      ],
      "requires_target_absent": true,
      "survival": {
        "acl_security_filtering": "defaulted",
        "description": "kept",
        "gpo_guid": "defaulted",
        "links": "lost",
        "settings": "kept",
        "wmi_association": "lost"
      },
      "target_identity": "windows_assigned",
      "warnings": [
        "links is predicted lost: re-establish it after import_as_new",
        "wmi_association is predicted lost: re-establish it after import_as_new",
        "acl_security_filtering is predicted defaulted: re-establish it after import_as_new",
        "absence of a GPO named 'zz-target' is not checked"
      ]
    },
    "import_into_existing": {
      "cmdlet": "Import-GPO -BackupId <id> -Path <dir> -TargetGuid <guid> | -TargetName <name>",
      "plan_names_target_guid": true,
      "preconditions": [],
      "requires_target_absent": false,
      "survival": {
        "acl_security_filtering": "replaced",
        "description": "kept",
        "gpo_guid": "replaced",
        "links": "replaced",
        "settings": "kept",
        "wmi_association": "replaced"
      },
      "target_identity": "existing_target",
      "warnings": []
    },
    "restore_in_place": {
      "cmdlet": "Restore-GPO -BackupId <id> -Path <dir>",
      "plan_names_target_guid": true,
      "preconditions": [],
      "requires_target_absent": false,
      "survival": {
        "acl_security_filtering": "kept",
        "description": "kept",
        "gpo_guid": "kept",
        "links": "replaced",
        "settings": "kept",
        "wmi_association": "kept"
      },
      "target_identity": "source",
      "warnings": [
        "the source GPO links a WMI filter; whether that filter still exists in the domain is not checked"
      ]
    }
  },
  "predictions_are_hypotheses": true,
  "schema_version": 1
}
LOCAL_RUN_DIR=/home/itadmin/gpo-batch-110b/tmp/gpo-studio/lifecycle-run-20261009001634-2612730
CANDIDATE_DIR=/home/itadmin/gpo-batch-110b/tmp/gpo-studio/lifecycle-candidate-20261009001634-2612730
{
  "artifacts": {
    "backup/manifest.xml": "69c4072499d38c2a8733f7ce90eabbe4afd5a3e563f80859282d9549aefa07e9",
    "backup/{A1993BF8-F69C-4589-AD53-2CA19FA8F606}/Backup.xml": "88ed67b37093a7ff2b5d722ee72042b25470c5e987e12a19662ece1b1be1f270",
    "backup/{A1993BF8-F69C-4589-AD53-2CA19FA8F606}/DomainSysvol/GPO/GPO.cmt": "b0c6aa5a88b4285b40800f55dda7fc5931e8951f62139ff89cba2a2e28c66eff",
    "backup/{A1993BF8-F69C-4589-AD53-2CA19FA8F606}/DomainSysvol/GPO/Machine/registry.pol": "a64c765f783ae673029128b0858b127b371dab2ac2ddf17d3de76669938bb412",
    "backup/{A1993BF8-F69C-4589-AD53-2CA19FA8F606}/bkupInfo.xml": "1f17a257560636784a34409bcb68a1095cb3cbb57e3ba6ca5097fd18061c4d88",
    "backup/{A1993BF8-F69C-4589-AD53-2CA19FA8F606}/gpreport.xml": "fb25987b9a9edfff8a0d752fd8910e437e07bd2d5cf0c069e6be6407673e51ef",
    "builder.stdout.txt": "91d4a68386680a86c238ebb971f805d6d59a3540ac4a4d88c3f308228fd60967",
    "commands/backup.stderr.txt": "e3b0c44298fc1c149afbf4c8996fb92427ae41e4649b934ca495991b7852b855",
    "commands/backup.stdout.txt": "45c14b0e3c4670fda9e7684ea18d3a677c7610b1eeb6a11f0f20384cbc94edf1",
    "commands/copy.stderr.txt": "e3b0c44298fc1c149afbf4c8996fb92427ae41e4649b934ca495991b7852b855",
    "commands/copy.stdout.txt": "ab1318174e53afc6fe74e067864aa4183b82d70818118c1b233d0045a41823b7",
    "commands/copy_with_acl.stderr.txt": "e3b0c44298fc1c149afbf4c8996fb92427ae41e4649b934ca495991b7852b855",
    "commands/copy_with_acl.stdout.txt": "cded6388be27002ce9b2d5305fabd8187cd8de49a6f8f339b2d0d9ae6fbfd602",
    "commands/import_as_new.stderr.txt": "e3b0c44298fc1c149afbf4c8996fb92427ae41e4649b934ca495991b7852b855",
    "commands/import_as_new.stdout.txt": "6def75f074f3bdfb84ae540fd77bb50eb635df129bfec98d5212cad8749d8465",
    "commands/import_into_existing.stderr.txt": "e3b0c44298fc1c149afbf4c8996fb92427ae41e4649b934ca495991b7852b855",
    "commands/import_into_existing.stdout.txt": "1ed2e43b9cdbd4a9f9f49b2a32f79b77a05604e8ed30b432f0bbe51964c7d456",
    "commands/restore_in_place.stderr.txt": "e3b0c44298fc1c149afbf4c8996fb92427ae41e4649b934ca495991b7852b855",
    "commands/restore_in_place.stdout.txt": "ee792070b6b0db3dfddd48345909a6692eb28b4480ecbafb4771416b22195884",
    "deployed/run-lifecycle.ps1": "f65b0bb22ff902c66fd3f840f15162e3e43dacc661f28833fc424abdcae8c1fd",
    "result.json": "4d346f060839b9282aea66fb1e89d1b1d153e4fae334e24a9ac4f9ac4281a9b7"
  },
  "candidate": {
    "builder.stdout.txt": "91d4a68386680a86c238ebb971f805d6d59a3540ac4a4d88c3f308228fd60967",
    "expected.json": "7134e6dcb4a60482319fd720b7426a7621589114b8fe47842923fdfb6055920e"
  },
  "checks": {
    "backup_bridge_reads_windows_backup": true,
    "backup_names_the_source": true,
    "cleanup_residual_empty": true,
    "cleanup_state_restored": true,
    "cleanup_succeeded": true,
    "control_is_an_untouched_new_gpo": true,
    "creation_inventory_complete": true,
    "deployed_harness_matches_source": true,
    "domain_recorded": true,
    "environment_matches_frozen_spec": true,
    "every_dimension_distinguishable": true,
    "expectation_reproduces_from_bound_source": true,
    "fixture_names_are_generated": true,
    "harness_reported_no_error": true,
    "member_server_host_role": true,
    "operation_copy_succeeded": true,
    "operation_copy_target_preexistence_measured": true,
    "operation_copy_with_acl_succeeded": true,
    "operation_copy_with_acl_target_preexistence_measured": true,
    "operation_import_as_new_succeeded": true,
    "operation_import_as_new_target_preexistence_measured": true,
    "operation_import_into_existing_succeeded": true,
    "operation_import_into_existing_target_preexistence_measured": true,
    "operation_restore_in_place_succeeded": true,
    "operation_restore_in_place_target_preexistence_measured": true,
    "ownership_established": true,
    "plan_target_identity.copy": true,
    "plan_target_identity.copy_with_acl": true,
    "plan_target_identity.import_as_new": true,
    "plan_target_identity.import_into_existing": true,
    "plan_target_identity.restore_in_place": true,
    "pre_existing_target_untouched_until_its_import": true,
    "raw_command_artifacts_complete": true,
    "restore_graded_against_the_verified_perturbation": true,
    "restore_perturbation_landed": true,
    "result_gradable": true,
    "result_schema_exact": true,
    "run_id_matches_fixture": true,
    "run_id_well_formed": true,
    "snapshot_names_match_inventory": true,
    "source_authored_as_specified": true,
    "source_tree_clean": true,
    "survival.copy.acl_security_filtering": true,
    "survival.copy.description": true,
    "survival.copy.gpo_guid": true,
    "survival.copy.links": true,
    "survival.copy.settings": true,
    "survival.copy.wmi_association": true,
    "survival.copy_with_acl.acl_security_filtering": true,
    "survival.copy_with_acl.description": true,
    "survival.copy_with_acl.gpo_guid": true,
    "survival.copy_with_acl.links": true,
    "survival.copy_with_acl.settings": true,
    "survival.copy_with_acl.wmi_association": true,
    "survival.import_as_new.acl_security_filtering": true,
    "survival.import_as_new.description": true,
    "survival.import_as_new.gpo_guid": true,
    "survival.import_as_new.links": true,
    "survival.import_as_new.settings": true,
    "survival.import_as_new.wmi_association": true,
    "survival.import_into_existing.acl_security_filtering": true,
    "survival.import_into_existing.description": true,
    "survival.import_into_existing.gpo_guid": true,
    "survival.import_into_existing.links": true,
    "survival.import_into_existing.settings": true,
    "survival.import_into_existing.wmi_association": true,
    "survival.restore_in_place.acl_security_filtering": true,
    "survival.restore_in_place.description": true,
    "survival.restore_in_place.gpo_guid": true,
    "survival.restore_in_place.links": true,
    "survival.restore_in_place.settings": true,
    "survival.restore_in_place.wmi_association": true,
    "target_authored_as_specified": true
  },
  "claim_checks": [
    "backup_bridge_reads_windows_backup",
    "plan_target_identity.copy",
    "plan_target_identity.copy_with_acl",
    "plan_target_identity.import_as_new",
    "plan_target_identity.import_into_existing",
    "plan_target_identity.restore_in_place",
    "survival.copy.acl_security_filtering",
    "survival.copy.description",
    "survival.copy.gpo_guid",
    "survival.copy.links",
    "survival.copy.settings",
    "survival.copy.wmi_association",
    "survival.copy_with_acl.acl_security_filtering",
    "survival.copy_with_acl.description",
    "survival.copy_with_acl.gpo_guid",
    "survival.copy_with_acl.links",
    "survival.copy_with_acl.settings",
    "survival.copy_with_acl.wmi_association",
    "survival.import_as_new.acl_security_filtering",
    "survival.import_as_new.description",
    "survival.import_as_new.gpo_guid",
    "survival.import_as_new.links",
    "survival.import_as_new.settings",
    "survival.import_as_new.wmi_association",
    "survival.import_into_existing.acl_security_filtering",
    "survival.import_into_existing.description",
    "survival.import_into_existing.gpo_guid",
    "survival.import_into_existing.links",
    "survival.import_into_existing.settings",
    "survival.import_into_existing.wmi_association",
    "survival.restore_in_place.acl_security_filtering",
    "survival.restore_in_place.description",
    "survival.restore_in_place.gpo_guid",
    "survival.restore_in_place.links",
    "survival.restore_in_place.settings",
    "survival.restore_in_place.wmi_association"
  ],
  "comparison": {
    "backup_bridge": {
      "backup_id": "{A1993BF8-F69C-4589-AD53-2CA19FA8F606}",
      "created_at": "2026-10-09T00:16:46",
      "files": [
        "GPO.cmt",
        "Machine/registry.pol"
      ],
      "gpo_display_name": "zz-studio-lifecycle-20261009001644-6217-f2f5047fed814807-source",
      "gpo_guid": "044edb7d-00b5-469e-b6cd-c53db5f97198",
      "has_wmi_filter": true,
      "wmi_filter_name": "zz-studio-lifecycle-20261009001644-6217-f2f5047fed814807-src-wmi",
      "wmi_filter_name_is_source_filter": true,
      "wmi_filter_reference": "MSFT_SomFilter.ID=\"{36892183-0b5e-4acc-a0d9-9291a3b73b4b}\",Domain=\"AD.LABDOMAIN.DEV\"",
      "wmi_reference_names_source_filter": true,
      "wmi_reference_names_target_filter": false
    },
    "mismatches": [],
    "observed_survival": {
      "copy": {
        "acl_security_filtering": "defaulted",
        "description": "kept",
        "gpo_guid": "defaulted",
        "links": "lost",
        "settings": "kept",
        "wmi_association": "kept"
      },
      "copy_with_acl": {
        "acl_security_filtering": "kept",
        "description": "kept",
        "gpo_guid": "defaulted",
        "links": "lost",
        "settings": "kept",
        "wmi_association": "kept"
      },
      "import_as_new": {
        "acl_security_filtering": "defaulted",
        "description": "kept",
        "gpo_guid": "defaulted",
        "links": "lost",
        "settings": "kept",
        "wmi_association": "lost"
      },
      "import_into_existing": {
        "acl_security_filtering": "replaced",
        "description": "kept",
        "gpo_guid": "replaced",
        "links": "replaced",
        "settings": "kept",
        "wmi_association": "replaced"
      },
      "restore_in_place": {
        "acl_security_filtering": "kept",
        "description": "kept",
        "gpo_guid": "kept",
        "links": "replaced",
        "settings": "kept",
        "wmi_association": "kept"
      }
    },
    "predicted_survival": {
      "copy": {
        "acl_security_filtering": "defaulted",
        "description": "kept",
        "gpo_guid": "defaulted",
        "links": "lost",
        "settings": "kept",
        "wmi_association": "kept"
      },
      "copy_with_acl": {
        "acl_security_filtering": "kept",
        "description": "kept",
        "gpo_guid": "defaulted",
        "links": "lost",
        "settings": "kept",
        "wmi_association": "kept"
      },
      "import_as_new": {
        "acl_security_filtering": "defaulted",
        "description": "kept",
        "gpo_guid": "defaulted",
        "links": "lost",
        "settings": "kept",
        "wmi_association": "lost"
      },
      "import_into_existing": {
        "acl_security_filtering": "replaced",
        "description": "kept",
        "gpo_guid": "replaced",
        "links": "replaced",
        "settings": "kept",
        "wmi_association": "replaced"
      },
      "restore_in_place": {
        "acl_security_filtering": "kept",
        "description": "kept",
        "gpo_guid": "kept",
        "links": "replaced",
        "settings": "kept",
        "wmi_association": "kept"
      }
    }
  },
  "comparison_error": null,
  "environment": {
    "computer_system_domain": "ad.labdomain.dev",
    "computer_system_domain_role": 3,
    "computer_system_name": "LABMS01",
    "gpmc_version": "built-in",
    "group_policy_module_version": "1.0.0.0",
    "locale": "en-US",
    "powershell_edition": "Desktop",
    "powershell_version": "5.1.26100.33438",
    "server_build": "26100",
    "server_caption": "Microsoft Windows Server 2025 Standard"
  },
  "environment_violations": [],
  "harness_error": null,
  "harness_valid": true,
  "lane_checks": [
    "backup_names_the_source",
    "cleanup_residual_empty",
    "cleanup_state_restored",
    "cleanup_succeeded",
    "control_is_an_untouched_new_gpo",
    "creation_inventory_complete",
    "deployed_harness_matches_source",
    "domain_recorded",
    "environment_matches_frozen_spec",
    "every_dimension_distinguishable",
    "expectation_reproduces_from_bound_source",
    "fixture_names_are_generated",
    "harness_reported_no_error",
    "member_server_host_role",
    "operation_copy_succeeded",
    "operation_copy_target_preexistence_measured",
    "operation_copy_with_acl_succeeded",
    "operation_copy_with_acl_target_preexistence_measured",
    "operation_import_as_new_succeeded",
    "operation_import_as_new_target_preexistence_measured",
    "operation_import_into_existing_succeeded",
    "operation_import_into_existing_target_preexistence_measured",
    "operation_restore_in_place_succeeded",
    "operation_restore_in_place_target_preexistence_measured",
    "ownership_established",
    "pre_existing_target_untouched_until_its_import",
    "raw_command_artifacts_complete",
    "restore_graded_against_the_verified_perturbation",
    "restore_perturbation_landed",
    "result_gradable",
    "result_schema_exact",
    "run_id_matches_fixture",
    "run_id_well_formed",
    "snapshot_names_match_inventory",
    "source_authored_as_specified",
    "source_tree_clean",
    "target_authored_as_specified"
  ],
  "passed": true,
  "predictions_agree": true,
  "run_id": "lifecycle-20261009001644-6217-f2f5047fed814807",
  "schema_version": 1,
  "source": {
    "banked_copies": [
      "run-lifecycle.ps1"
    ],
    "commit": "de9736ed3a4148b91cf2267fbe4640e260cc232f",
    "dirty": false,
    "files": {
      "backup.py": "cbe374ad0e2a00baa96353940f87ffc1ce43746eb23f84e023dea54859556f0d",
      "build-lifecycle-candidate.py": "46949143894f48d30da537bc872808829b308cac804caf2b282b726fb8a61503",
      "finalize_lifecycle_run.py": "41a5a3c135ad93883d0e725a8cbe4b68a5533eec0eef5dc66a08533f174c810d",
      "lifecycle.py": "3f11f9ba88ff81f8440b8bd4a36c2f4de9442fa978c5c808ab3bd28a0a1cdff7",
      "oracle_evidence.py": "87d413de0d4017b230eea2767f9d62fe7ffb26fca155d90a00d38b5697bad40c",
      "psdirect.ps1": "d2fb2ffd09869f1214ca916bdc3ea5c31c149b4d98ebcc322d1af7c29410aeb3",
      "run-lifecycle-oracle.sh": "d749e69fa218d4fdd1e5fbf7eb6eed09cac89f41203c788f7368c6b18caeb808",
      "run-lifecycle.ps1": "f65b0bb22ff902c66fd3f840f15162e3e43dacc661f28833fc424abdcae8c1fd"
    },
    "paths": {
      "backup.py": "src/gpo_studio/backup.py",
      "build-lifecycle-candidate.py": "scripts/plan-033/build-lifecycle-candidate.py",
      "finalize_lifecycle_run.py": "scripts/windows-oracle/finalize_lifecycle_run.py",
      "lifecycle.py": "src/gpo_studio/lifecycle.py",
      "oracle_evidence.py": "src/gpo_studio/oracle_evidence.py",
      "psdirect.ps1": "scripts/windows-oracle/psdirect.ps1",
      "run-lifecycle-oracle.sh": "scripts/windows-oracle/run-lifecycle-oracle.sh",
      "run-lifecycle.ps1": "scripts/windows-oracle/run-lifecycle.ps1"
    }
  },
  "transport": "psdirect"
}
EVIDENCE_TAG=created evidence/lifecycle-20261009001644-6217-f2f5047fed814807 at de9736ed3a41 — push it: git push origin evidence/lifecycle-20261009001644-6217-f2f5047fed814807
